Archive member included because of file (symbol)

contiki-z1.a(er-coap.o)       obj_z1/res-battery.o (coap_get_header_accept)
contiki-z1.a(er-coap-engine.)
                              obj_z1/res-battery.o (coap_rest_implementation)
contiki-z1.a(er-coap-transac)
                              contiki-z1.a(er-coap-engine.) (coap_register_as_transaction_handler)
contiki-z1.a(er-coap-observe)
                              contiki-z1.a(er-coap-transac) (coap_remove_observer_by_client)
contiki-z1.a(er-coap-res-wel)
                              contiki-z1.a(er-coap-engine.) (res_well_known_core)
contiki-z1.a(er-coap-observe)
                              contiki-z1.a(er-coap-engine.) (coap_handle_notification)
contiki-z1.a(rest-engine.o)   subscriber0.co (rest_init_engine)
contiki-z1.a(contiki-z1-plat)
                              obj_z1/contiki-z1-main.o (init_platform)
contiki-z1.a(msp430.o)        obj_z1/contiki-z1-main.o (splhigh_)
contiki-z1.a(leds.o)          obj_z1/contiki-z1-main.o (leds_init)
contiki-z1.a(watchdog.o)      obj_z1/contiki-z1-main.o (watchdog_start)
contiki-z1.a(xmem.o)          obj_z1/contiki-z1-main.o (xmem_init)
contiki-z1.a(spi.o)           contiki-z1.a(xmem.o) (spi_init)
contiki-z1.a(cc2420.o)        obj_z1/contiki-z1-main.o (cc2420_set_pan_addr)
contiki-z1.a(cc2420-arch.o)   contiki-z1.a(cc2420.o) (cc2420_arch_init)
contiki-z1.a(node-id.o)       obj_z1/contiki-z1-main.o (node_id_restore)
contiki-z1.a(sensors.o)       subscriber0.co (sensors_event)
contiki-z1.a(button-sensor.o)
                              subscriber0.co (button_sensor)
contiki-z1.a(uart0.o)         obj_z1/contiki-z1-main.o (uart0_active)
contiki-z1.a(uart0-putchar.o)
                              obj_z1/common.o (putchar)
contiki-z1.a(z1-sensors.o)    contiki-z1.a(sensors.o) (sensors_flags)
contiki-z1.a(adxl345.o)       obj_z1/contiki-z1-main.o (adxl345)
contiki-z1.a(temperature-sen)
                              subscriber0.co (temperature_sensor)
contiki-z1.a(battery-sensor.)
                              subscriber0.co (battery_sensor)
contiki-z1.a(sky-sensors.o)   contiki-z1.a(temperature-sen) (sky_sensors_status)
contiki-z1.a(tmp102.o)        contiki-z1.a(z1-sensors.o) (tmp102)
contiki-z1.a(clock.o)         obj_z1/contiki-z1-main.o (clock_init)
contiki-z1.a(leds-arch.o)     contiki-z1.a(leds.o) (leds_arch_init)
contiki-z1.a(rtimer-arch.o)   obj_z1/contiki-z1-main.o (rtimer_arch_now)
contiki-z1.a(autostart.o)     obj_z1/contiki-z1-main.o (autostart_start)
contiki-z1.a(ctimer.o)        obj_z1/contiki-z1-main.o (ctimer_init)
contiki-z1.a(energest.o)      obj_z1/contiki-z1-main.o (energest_init)
contiki-z1.a(etimer.o)        contiki-z1.a(clock.o) (etimer_request_poll)
contiki-z1.a(process.o)       subscriber0.co (process_current)
contiki-z1.a(rtimer.o)        obj_z1/contiki-z1-main.o (rtimer_init)
contiki-z1.a(timer.o)         contiki-z1.a(button-sensor.o) (timer_set)
contiki-z1.a(list.o)          contiki-z1.a(rest-engine.o) (list_init)
contiki-z1.a(memb.o)          contiki-z1.a(er-coap-transac) (memb_alloc)
contiki-z1.a(random.o)        obj_z1/contiki-z1-main.o (random_init)
contiki-z1.a(uip-ds6.o)       obj_z1/common.o (uip_ds6_if)
contiki-z1.a(uip-ds6-route.o)
                              contiki-z1.a(uip-ds6.o) (uip_ds6_route_init)
contiki-z1.a(uip6.o)          contiki-z1.a(er-coap-engine.) (uip_aligned_buf)
contiki-z1.a(uip-ds6-nbr.o)   contiki-z1.a(uip-ds6.o) (uip_ds6_neighbors_init)
contiki-z1.a(uip-nd6.o)       contiki-z1.a(uip6.o) (uip_nd6_init)
contiki-z1.a(sicslowpan.o)    obj_z1/contiki-z1-main.o (sicslowpan_driver)
contiki-z1.a(uip-debug.o)     obj_z1/common.o (uip_debug_ipaddr_print)
contiki-z1.a(uip-udp-packet.)
                              contiki-z1.a(er-coap.o) (uip_udp_packet_send)
contiki-z1.a(tcpip.o)         contiki-z1.a(sicslowpan.o) (tcpip_set_outputfunc)
contiki-z1.a(rpl-dag.o)       contiki-z1.a(tcpip.o) (rpl_repair_root)
contiki-z1.a(rpl-timers.o)    contiki-z1.a(rpl-dag.o) (rpl_reset_dio_timer)
contiki-z1.a(rpl-ext-header.)
                              contiki-z1.a(uip6.o) (rpl_verify_hbh_header)
contiki-z1.a(rpl.o)           contiki-z1.a(rpl-timers.o) (rpl_get_mode)
contiki-z1.a(rpl-mrhof.o)     contiki-z1.a(rpl-dag.o) (rpl_mrhof)
contiki-z1.a(rpl-icmp6.o)     contiki-z1.a(rpl-dag.o) (rpl_icmp6_update_nbr_table)
contiki-z1.a(queuebuf.o)      obj_z1/contiki-z1-main.o (queuebuf_init)
contiki-z1.a(nbr-table.o)     contiki-z1.a(uip-ds6-route.o) (nbr_table_register)
contiki-z1.a(packetbuf.o)     contiki-z1.a(cc2420.o) (packetbuf_set_datalen)
contiki-z1.a(linkaddr.o)      obj_z1/contiki-z1-main.o (linkaddr_copy)
contiki-z1.a(link-stats.o)    contiki-z1.a(rpl-dag.o) (link_stats_from_lladdr)
contiki-z1.a(nullmac.o)       obj_z1/contiki-z1-main.o (nullmac_driver)
contiki-z1.a(framer-802154.o)
                              contiki-z1.a(sicslowpan.o) (framer_802154)
contiki-z1.a(nullrdc.o)       obj_z1/contiki-z1-main.o (nullrdc_driver)
[...]
Memory Configuration

Name             Origin             Length             Attributes
sfr              0x00000000         0x00000010
peripheral_8bit  0x00000010         0x000000f0
peripheral_16bit 0x00000100         0x00000100
ram_mirror       0x00000200         0x00000800         xw
infomem          0x00001000         0x00000100
infod            0x00001000         0x00000040
infoc            0x00001040         0x00000040
infob            0x00001080         0x00000040
infoa            0x000010c0         0x00000040
ram              0x00001100         0x00002000         xw
rom              0x00003100         0x0000cebe         xr
vectors          0x0000ffc0         0x00000040
far_rom          0x00010000         0x0000a000
bsl              0x00000000         0x00000000
ram2             0x00000000         0x00000000         xw
usbram           0x00000000         0x00000000         xw
*default*        0x00000000         0xffffffff

Linker script and memory map

LOAD /usr/local/bin/../lib/gcc/msp430/4.7.2/mcpu-430x/mmpy-16/msr20/mc20/crt0ivtbl32.o
                0x00000041                __P1SEL2 = 0x41
                0x00000045                __P5SEL2 = 0x45
LOAD subscriber0.co
LOAD obj_z1/res-battery.o
LOAD obj_z1/res-sinusoid.o
LOAD obj_z1/res-luminosity.o
LOAD obj_z1/res-temperature.o
LOAD obj_z1/res-humidity.o
LOAD obj_z1/common.o
LOAD obj_z1/contiki-z1-main.o
LOAD contiki-z1.a
LOAD /usr/local/bin/../lib/gcc/msp430/4.7.2/mcpu-430x/mmpy-16/msr20/mc20/libgcc.a
LOAD /usr/local/bin/../lib/gcc/msp430/4.7.2/../../../../msp430/lib/mcpu-430x/mmpy-16/msr20/mc20/libc.a
LOAD /usr/local/bin/../lib/gcc/msp430/4.7.2/mcpu-430x/mmpy-16/msr20/mc20/libgcc.a
LOAD /usr/local/bin/../lib/gcc/msp430/4.7.2/mcpu-430x/mmpy-16/msr20/mc20/libcrt0.a
                0x00000040                PROVIDE (__info_segment_size, 0x40)
                0x00001000                PROVIDE (__infod, 0x1000)
                0x00001040                PROVIDE (__infoc, 0x1040)
                0x00001080                PROVIDE (__infob, 0x1080)
                0x000010c0                PROVIDE (__infoa, 0x10c0)
                0x00000000                __IE1 = 0x0
                0x00000002                __IFG1 = 0x2
                0x00000001                __IE2 = 0x1
                0x00000003                __IFG2 = 0x3
                0x00000006                __UC1IE = 0x6
                0x00000007                __UC1IFG = 0x7
                0x000001a0                __ADC12CTL0 = 0x1a0
                0x000001a2                __ADC12CTL1 = 0x1a2
                0x000001a4                __ADC12IFG = 0x1a4
                0x000001a6                __ADC12IE = 0x1a6
                0x000001a8                __ADC12IV = 0x1a8
                0x00000140                __ADC12MEM0 = 0x140
                0x00000142                __ADC12MEM1 = 0x142
                0x00000144                __ADC12MEM2 = 0x144
                0x00000146                __ADC12MEM3 = 0x146
                0x00000148                __ADC12MEM4 = 0x148
                0x0000014a                __ADC12MEM5 = 0x14a
                0x0000014c                __ADC12MEM6 = 0x14c
                0x0000014e                __ADC12MEM7 = 0x14e
                0x00000150                __ADC12MEM8 = 0x150
                0x00000152                __ADC12MEM9 = 0x152
                0x00000154                __ADC12MEM10 = 0x154
                0x00000156                __ADC12MEM11 = 0x156
                0x00000158                __ADC12MEM12 = 0x158
                0x0000015a                __ADC12MEM13 = 0x15a
                0x0000015c                __ADC12MEM14 = 0x15c
                0x0000015e                __ADC12MEM15 = 0x15e
                0x00000080                __ADC12MCTL0 = 0x80
                0x00000081                __ADC12MCTL1 = 0x81
                0x00000082                __ADC12MCTL2 = 0x82
                0x00000083                __ADC12MCTL3 = 0x83
                0x00000084                __ADC12MCTL4 = 0x84
                0x00000085                __ADC12MCTL5 = 0x85
                0x00000086                __ADC12MCTL6 = 0x86
                0x00000087                __ADC12MCTL7 = 0x87
                0x00000088                __ADC12MCTL8 = 0x88
                0x00000089                __ADC12MCTL9 = 0x89
                0x0000008a                __ADC12MCTL10 = 0x8a
                0x0000008b                __ADC12MCTL11 = 0x8b
                0x0000008c                __ADC12MCTL12 = 0x8c
                0x0000008d                __ADC12MCTL13 = 0x8d
                0x0000008e                __ADC12MCTL14 = 0x8e
                0x0000008f                __ADC12MCTL15 = 0x8f
                0x00000056                __DCOCTL = 0x56
                0x00000057                __BCSCTL1 = 0x57
                0x00000058                __BCSCTL2 = 0x58
                0x00000053                __BCSCTL3 = 0x53
                0x00000059                __CACTL1 = 0x59
                0x0000005a                __CACTL2 = 0x5a
                0x0000005b                __CAPD = 0x5b
                0x000001c0                __DAC12_0CTL = 0x1c0
                0x000001c2                __DAC12_1CTL = 0x1c2
                0x000001c8                __DAC12_0DAT = 0x1c8
                0x000001ca                __DAC12_1DAT = 0x1ca
                0x00000122                __DMACTL0 = 0x122
                0x00000124                __DMACTL1 = 0x124
                0x00000126                __DMAIV = 0x126
                0x000001d0                __DMA0CTL = 0x1d0
                0x000001dc                __DMA1CTL = 0x1dc
                0x000001e8                __DMA2CTL = 0x1e8
                0x000001d2                __DMA0SA = 0x1d2
                0x000001d2                __DMA0SAL = 0x1d2
                0x000001d6                __DMA0DA = 0x1d6
                0x000001d6                __DMA0DAL = 0x1d6
                0x000001da                __DMA0SZ = 0x1da
                0x000001de                __DMA1SA = 0x1de
                0x000001de                __DMA1SAL = 0x1de
                0x000001e2                __DMA1DA = 0x1e2
                0x000001e2                __DMA1DAL = 0x1e2
                0x000001e6                __DMA1SZ = 0x1e6
                0x000001ea                __DMA2SA = 0x1ea
                0x000001ea                __DMA2SAL = 0x1ea
                0x000001ee                __DMA2DA = 0x1ee
                0x000001ee                __DMA2DAL = 0x1ee
                0x000001f2                __DMA2SZ = 0x1f2
                0x00000128                __FCTL1 = 0x128
                0x0000012a                __FCTL2 = 0x12a
                0x0000012c                __FCTL3 = 0x12c
                0x000001be                __FCTL4 = 0x1be
                0x00000130                __MPY = 0x130
                0x00000132                __MPYS = 0x132
                0x00000134                __MAC = 0x134
                0x00000136                __MACS = 0x136
                0x00000138                __OP2 = 0x138
                0x0000013a                __RESLO = 0x13a
                0x0000013c                __RESHI = 0x13c
                0x0000013e                __SUMEXT = 0x13e
                0x00000020                __P1IN = 0x20
                0x00000021                __P1OUT = 0x21
                0x00000022                __P1DIR = 0x22
                0x00000023                __P1IFG = 0x23
                0x00000024                __P1IES = 0x24
                0x00000025                __P1IE = 0x25
                0x00000026                __P1SEL = 0x26
                0x00000027                __P1REN = 0x27
                0x00000028                __P2IN = 0x28
                0x00000029                __P2OUT = 0x29
                0x0000002a                __P2DIR = 0x2a
                0x0000002b                __P2IFG = 0x2b
                0x0000002c                __P2IES = 0x2c
                0x0000002d                __P2IE = 0x2d
                0x0000002e                __P2SEL = 0x2e
                0x0000002f                __P2REN = 0x2f
                0x00000018                __P3IN = 0x18
                0x00000019                __P3OUT = 0x19
                0x0000001a                __P3DIR = 0x1a
                0x0000001b                __P3SEL = 0x1b
                0x00000010                __P3REN = 0x10
                0x0000001c                __P4IN = 0x1c
                0x0000001d                __P4OUT = 0x1d
                0x0000001e                __P4DIR = 0x1e
                0x0000001f                __P4SEL = 0x1f
                0x00000011                __P4REN = 0x11
                0x00000030                __P5IN = 0x30
                0x00000031                __P5OUT = 0x31
                0x00000032                __P5DIR = 0x32
                0x00000033                __P5SEL = 0x33
                0x00000012                __P5REN = 0x12
                0x00000034                __P6IN = 0x34
                0x00000035                __P6OUT = 0x35
                0x00000036                __P6DIR = 0x36
                0x00000037                __P6SEL = 0x37
                0x00000013                __P6REN = 0x13
                0x00000038                __P7IN = 0x38
                0x0000003a                __P7OUT = 0x3a
                0x0000003c                __P7DIR = 0x3c
                0x0000003e                __P7SEL = 0x3e
                0x00000014                __P7REN = 0x14
                0x00000039                __P8IN = 0x39
                0x0000003b                __P8OUT = 0x3b
                0x0000003d                __P8DIR = 0x3d
                0x0000003f                __P8SEL = 0x3f
                0x00000015                __P8REN = 0x15
                0x00000038                __PAIN = 0x38
                0x0000003a                __PAOUT = 0x3a
                0x0000003c                __PADIR = 0x3c
                0x0000003e                __PASEL = 0x3e
                0x00000014                __PAREN = 0x14
                0x00000055                __SVSCTL = 0x55
                0x0000012e                __TAIV = 0x12e
                0x00000160                __TACTL = 0x160
                0x00000162                __TACCTL0 = 0x162
                0x00000164                __TACCTL1 = 0x164
                0x00000166                __TACCTL2 = 0x166
                0x00000170                __TAR = 0x170
                0x00000172                __TACCR0 = 0x172
                0x00000174                __TACCR1 = 0x174
                0x00000176                __TACCR2 = 0x176
                0x0000011e                __TBIV = 0x11e
                0x00000180                __TBCTL = 0x180
                0x00000182                __TBCCTL0 = 0x182
                0x00000184                __TBCCTL1 = 0x184
                0x00000186                __TBCCTL2 = 0x186
                0x00000188                __TBCCTL3 = 0x188
                0x0000018a                __TBCCTL4 = 0x18a
                0x0000018c                __TBCCTL5 = 0x18c
                0x0000018e                __TBCCTL6 = 0x18e
                0x00000190                __TBR = 0x190
                0x00000192                __TBCCR0 = 0x192
                0x00000194                __TBCCR1 = 0x194
                0x00000196                __TBCCR2 = 0x196
                0x00000198                __TBCCR3 = 0x198
                0x0000019a                __TBCCR4 = 0x19a
                0x0000019c                __TBCCR5 = 0x19c
                0x0000019e                __TBCCR6 = 0x19e
                0x00000060                __UCA0CTL0 = 0x60
                0x00000061                __UCA0CTL1 = 0x61
                0x00000062                __UCA0BR0 = 0x62
                0x00000063                __UCA0BR1 = 0x63
                0x00000064                __UCA0MCTL = 0x64
                0x00000065                __UCA0STAT = 0x65
                0x00000066                __UCA0RXBUF = 0x66
                0x00000067                __UCA0TXBUF = 0x67
                0x0000005d                __UCA0ABCTL = 0x5d
                0x0000005e                __UCA0IRTCTL = 0x5e
                0x0000005f                __UCA0IRRCTL = 0x5f
                0x00000068                __UCB0CTL0 = 0x68
                0x00000069                __UCB0CTL1 = 0x69
                0x0000006a                __UCB0BR0 = 0x6a
                0x0000006b                __UCB0BR1 = 0x6b
                0x0000006c                __UCB0I2CIE = 0x6c
                0x0000006d                __UCB0STAT = 0x6d
                0x0000006e                __UCB0RXBUF = 0x6e
                0x0000006f                __UCB0TXBUF = 0x6f
                0x00000118                __UCB0I2COA = 0x118
                0x0000011a                __UCB0I2CSA = 0x11a
                0x000000d0                __UCA1CTL0 = 0xd0
                0x000000d1                __UCA1CTL1 = 0xd1
                0x000000d2                __UCA1BR0 = 0xd2
                0x000000d3                __UCA1BR1 = 0xd3
                0x000000d4                __UCA1MCTL = 0xd4
                0x000000d5                __UCA1STAT = 0xd5
                0x000000d6                __UCA1RXBUF = 0xd6
                0x000000d7                __UCA1TXBUF = 0xd7
                0x000000cd                __UCA1ABCTL = 0xcd
                0x000000ce                __UCA1IRTCTL = 0xce
                0x000000cf                __UCA1IRRCTL = 0xcf
                0x000000d8                __UCB1CTL0 = 0xd8
                0x000000d9                __UCB1CTL1 = 0xd9
                0x000000da                __UCB1BR0 = 0xda
                0x000000db                __UCB1BR1 = 0xdb
                0x000000dc                __UCB1I2CIE = 0xdc
                0x000000dd                __UCB1STAT = 0xdd
                0x000000de                __UCB1RXBUF = 0xde
                0x000000df                __UCB1TXBUF = 0xdf
                0x0000017c                __UCB1I2COA = 0x17c
                0x0000017e                __UCB1I2CSA = 0x17e
                0x00000120                __WDTCTL = 0x120
                0x000010c0                __TLV_CHECKSUM = 0x10c0
                0x000010f6                __TLV_DCO_30_TAG = 0x10f6
                0x000010f7                __TLV_DCO_30_LEN = 0x10f7
                0x000010da                __TLV_ADC12_1_TAG = 0x10da
                0x000010db                __TLV_ADC12_1_LEN = 0x10db
                0x000010f8                __CALDCO_16MHZ = 0x10f8
                0x000010f9                __CALBC1_16MHZ = 0x10f9
                0x000010fa                __CALDCO_12MHZ = 0x10fa
                0x000010fb                __CALBC1_12MHZ = 0x10fb
                0x000010fc                __CALDCO_8MHZ = 0x10fc
                0x000010fd                __CALBC1_8MHZ = 0x10fd
                0x000010fe                __CALDCO_1MHZ = 0x10fe
                0x000010ff                __CALBC1_1MHZ = 0x10ff

.hash
 *(.hash)

.dynsym
 *(.dynsym)

.dynstr
 *(.dynstr)

.gnu.version
 *(.gnu.version)

.gnu.version_d
 *(.gnu.version_d)

.gnu.version_r
 *(.gnu.version_r)

.rel.init
 *(.rel.init)

.rela.init
 *(.rela.init)

.rel.fini
 *(.rel.fini)

.rela.fini
 *(.rela.fini)

.rel.text
 *(.rel.text .rel.text.* .rel.gnu.linkonce.t.*)

.rela.text
 *(.rela.text .rela.text.* .rela.gnu.linkonce.t.*)

.rel.rodata
 *(.rel.rodata .rel.rodata.* .rel.gnu.linkonce.r.*)

.rela.rodata
 *(.rela.rodata .rela.rodata.* .rela.gnu.linkonce.r.*)

.rel.data
 *(.rel.data .rel.data.* .rel.gnu.linkonce.d.*)

.rela.data
 *(.rela.data .rela.data.* .rela.gnu.linkonce.d.*)

.rel.bss
 *(.rel.bss .rel.bss.* .rel.gnu.linkonce.b.*)

.rela.bss
 *(.rela.bss .rela.bss.* .rela.gnu.linkonce.b.*)

.rel.ctors
 *(.rel.ctors)

.rela.ctors
 *(.rela.ctors)

.rel.dtors
 *(.rel.dtors)

.rela.dtors
 *(.rela.dtors)

.rel.got
 *(.rel.got)

.rela.got
 *(.rela.got)

.rel.plt
 *(.rel.plt)

.rela.plt
 *(.rela.plt)

.text           0x00003100     0xbe72
                0x00003100                . = ALIGN (0x2)
 *(.init .init.*)
 *(.init0)
 .init0         0x00003100        0x0 /usr/local/bin/../lib/gcc/msp430/4.7.2/mcpu-430x/mmpy-16/msr20/mc20/libcrt0.a(_reset_vector__.o)
                0x00003100                _reset_vector__
 *(.init1)
 .init1         0x00003100        0xc /usr/local/bin/../lib/gcc/msp430/4.7.2/mcpu-430x/mmpy-16/msr20/mc20/libcrt0.a(__watchdog_support.o)
                0x00003100                __watchdog_support
 *(.init2)
 .init2         0x0000310c        0x4 /usr/local/bin/../lib/gcc/msp430/4.7.2/mcpu-430x/mmpy-16/msr20/mc20/libcrt0.a(__init_stack.o)
                0x0000310c                __init_stack
 *(.init3)
 .init3         0x00003110        0x0 /usr/local/bin/../lib/gcc/msp430/4.7.2/mcpu-430x/mmpy-16/msr20/mc20/libcrt0.a(__low_level_init.o)
                0x00003110                __low_level_init
 *(.init4)
 .init4         0x00003110       0x18 /usr/local/bin/../lib/gcc/msp430/4.7.2/mcpu-430x/mmpy-16/msr20/mc20/libcrt0.a(_copy_data.o)
                0x00003110                __do_copy_data
 .init4         0x00003128       0x16 /usr/local/bin/../lib/gcc/msp430/4.7.2/mcpu-430x/mmpy-16/msr20/mc20/libcrt0.a(_clear_bss.o)
                0x00003128                __do_clear_bss
 *(.init5)
 *(.init6)
 *(.init7)
 *(.init8)
 *(.init9)
 .init9         0x0000313e      0x36a obj_z1/contiki-z1-main.o
                0x0000313e                main
 *(.fini9)
 .fini9         0x000034a8        0x0 /usr/local/bin/../lib/gcc/msp430/4.7.2/mcpu-430x/mmpy-16/msr20/mc20/libcrt0.a(__stop_progExec__.o)
                0x000034a8                __stop_progExec__
 *(.fini8)
 *(.fini7)
 *(.fini6)
 *(.fini5)
 *(.fini4)
 *(.fini3)
 *(.fini2)
 *(.fini1)
 *(.fini0)
 .fini0         0x000034a8        0x6 /usr/local/bin/../lib/gcc/msp430/4.7.2/mcpu-430x/mmpy-16/msr20/mc20/libcrt0.a(_endless_loop__.o)
                0x000034a8                _endless_loop__
 *(.fini .fini.*)
                0x000034ae                . = ALIGN (0x2)
                0x000034ae                __ctors_start = .
 *(.ctors)
                0x000034ae                __ctors_end = .
                0x000034ae                __dtors_start = .
 *(.dtors)
                0x000034ae                __dtors_end = .
                0x000034ae                . = ALIGN (0x2)
 *(.text .text.* .gnu.linkonce.t.*)
 .text          0x000034ae        0x4 /usr/local/bin/../lib/gcc/msp430/4.7.2/mcpu-430x/mmpy-16/msr20/mc20/crt0ivtbl32.o
                0x000034ae                __isr_14
                0x000034ae                __isr_4
                0x000034ae                __isr_29
                0x000034ae                __isr_11
                0x000034ae                __isr_5
                0x000034ae                __isr_2
                0x000034ae                __isr_10
                0x000034ae                __isr_7
                0x000034ae                __isr_0
                0x000034ae                __isr_28
                0x000034ae                __isr_8
                0x000034ae                __isr_20
                0x000034ae                __isr_3
                0x000034ae                __isr_12
                0x000034ae                __isr_13
                0x000034ae                __isr_27
                0x000034ae                __isr_9
                0x000034ae                __isr_30
                0x000034ae                __isr_6
                0x000034ae                __isr_22
                0x000034ae                __isr_1
                0x000034ae                __isr_15
                0x000034ae                __isr_21
 .text.libgcc   0x000034b2       0x26 /usr/local/bin/../lib/gcc/msp430/4.7.2/mcpu-430x/mmpy-16/msr20/mc20/libgcc.a(_mulsi3.o)
                0x000034b2                __mulsi3
 .text.libgcc   0x000034d8       0x22 /usr/local/bin/../lib/gcc/msp430/4.7.2/mcpu-430x/mmpy-16/msr20/mc20/libgcc.a(_udivmod16.o)
                0x000034d8                __udivhi3
                0x000034d8                __ext_udivmod16
                0x000034f2                __umodhi3
 .text.libgcc   0x000034fa       0x3a /usr/local/bin/../lib/gcc/msp430/4.7.2/mcpu-430x/mmpy-16/msr20/mc20/libgcc.a(_divmod16.o)
                0x000034fa                __ext_divmod16
                0x000034fa                __divhi3
                0x0000352c                __modhi3
 .text.libgcc   0x00003534       0x38 /usr/local/bin/../lib/gcc/msp430/4.7.2/mcpu-430x/mmpy-16/msr20/mc20/libgcc.a(_udivmod32.o)
                0x00003534                __udivsi3
                0x00003534                __ext_udivmod32
                0x00003562                __umodsi3
 .text.libgcc   0x0000356c       0x4c /usr/local/bin/../lib/gcc/msp430/4.7.2/mcpu-430x/mmpy-16/msr20/mc20/libgcc.a(_divmod32.o)
                0x0000356c                __ext_divmod32
                0x0000356c                __divsi3
                0x000035ae                __modsi3
 .text.libgcc   0x000035b8       0xbc /usr/local/bin/../lib/gcc/msp430/4.7.2/mcpu-430x/mmpy-16/msr20/mc20/libgcc.a(_udivmod64.o)
                0x000035b8                __xabi_udivmod64
                0x0000360a                __udivdi3
                0x00003624                __umoddi3
                0x00003646                __udivmoddi4
 .text.crt0     0x00003674        0x2 /usr/local/bin/../lib/gcc/msp430/4.7.2/mcpu-430x/mmpy-16/msr20/mc20/libcrt0.a(_unexpected_.o)
                0x00003674                _unexpected_
 *(.near.text .near.text.*)
 .near.text.watchdog_interrupt
                0x00003676        0x6 contiki-z1.a(watchdog.o)
                0x00003676                __isr_26
                0x00003676                watchdog_interrupt
 .near.text.irq_p2
                0x0000367c       0x76 contiki-z1.a(button-sensor.o)
                0x0000367c                irq_p2
                0x0000367c                __isr_19
 .near.text.uart0_rx_interrupt
                0x000036f2       0x64 contiki-z1.a(uart0.o)
                0x000036f2                __isr_23
                0x000036f2                uart0_rx_interrupt
 .near.text.port1_isr
                0x00003756       0xbe contiki-z1.a(adxl345.o)
                0x00003756                port1_isr
                0x00003756                __isr_18
 .near.text.timera1
                0x00003814      0x10a contiki-z1.a(clock.o)
                0x00003814                __isr_24
                0x00003814                timera1
 .near.text.timera0
                0x0000391e       0x5c contiki-z1.a(rtimer-arch.o)
                0x0000391e                __isr_25
                0x0000391e                timera0
 .near.text.i2c_tx_interrupt
                0x0000397a       0x84 contiki-z1.a(i2cmaster.o)
                0x0000397a                __isr_16
                0x0000397a                i2c_tx_interrupt
 .near.text.i2c_rx_interrupt
                0x000039fe       0x14 contiki-z1.a(i2cmaster.o)
                0x000039fe                i2c_rx_interrupt
                0x000039fe                __isr_17
 .any.text.process_thread_rest_server
                0x00003a12      0x148 subscriber0.co
 .any.text.get_handler
                0x00003b5a       0x7a obj_z1/res-battery.o
 .any.text.periodic_handler
                0x00003bd4       0x60 obj_z1/res-battery.o
 .any.text.get_handler
                0x00003c34      0x168 obj_z1/res-luminosity.o
 .any.text.periodic_handler
                0x00003d9c      0x156 obj_z1/res-luminosity.o
 .any.text.get_handler
                0x00003ef2      0x19a obj_z1/res-temperature.o
 .any.text.periodic_handler
                0x0000408c      0x162 obj_z1/res-temperature.o
 .any.text.get_handler
                0x000041ee      0x168 obj_z1/res-humidity.o
 .any.text.periodic_handler
                0x00004356      0x16c obj_z1/res-humidity.o
 .any.text.reduceBattery
                0x000044c2       0x3a obj_z1/common.o
                0x000044c2                reduceBattery
 .any.text.stampa
                0x000044fc       0x60 obj_z1/common.o
                0x000044fc                stampa
 .any.text.critic_battery
                0x0000455c        0xc obj_z1/common.o
                0x0000455c                critic_battery
 .any.text.coap_parse_int_option
                0x00004568       0x36 contiki-z1.a(er-coap.o)
 .any.text.coap_get_variable
                0x0000459e       0x78 contiki-z1.a(er-coap.o)
 .any.text.coap_merge_multi_option
                0x00004616       0x3a contiki-z1.a(er-coap.o)
 .any.text.coap_set_option_header
                0x00004650       0xa6 contiki-z1.a(er-coap.o)
 .any.text.coap_serialize_int_option
                0x000046f6       0xb8 contiki-z1.a(er-coap.o)
 .any.text.coap_serialize_array_option.part.0
                0x000047ae       0x28 contiki-z1.a(er-coap.o)
 .any.text.coap_serialize_array_option
                0x000047d6       0x82 contiki-z1.a(er-coap.o)
 .any.text.coap_init_connection
                0x00004858       0x22 contiki-z1.a(er-coap.o)
                0x00004858                coap_init_connection
 .any.text.coap_get_mid
                0x0000487a        0xc contiki-z1.a(er-coap.o)
                0x0000487a                coap_get_mid
 .any.text.coap_init_message
                0x00004886       0x24 contiki-z1.a(er-coap.o)
                0x00004886                coap_init_message
 .any.text.coap_serialize_message
                0x000048aa      0x3ba contiki-z1.a(er-coap.o)
                0x000048aa                coap_serialize_message
 .any.text.coap_send_message
                0x00004c64       0x3e contiki-z1.a(er-coap.o)
                0x00004c64                coap_send_message
 .any.text.coap_parse_message
                0x00004ca2      0x4a0 contiki-z1.a(er-coap.o)
                0x00004ca2                coap_parse_message
 .any.text.coap_get_query_variable
                0x00005142       0x1c contiki-z1.a(er-coap.o)
                0x00005142                coap_get_query_variable
 .any.text.coap_get_post_variable
                0x0000515e       0x20 contiki-z1.a(er-coap.o)
                0x0000515e                coap_get_post_variable
 .any.text.coap_set_status_code
                0x0000517e       0x12 contiki-z1.a(er-coap.o)
                0x0000517e                coap_set_status_code
 .any.text.coap_set_token
                0x00005190       0x24 contiki-z1.a(er-coap.o)
                0x00005190                coap_set_token
 .any.text.coap_get_header_content_format
                0x000051b4       0x16 contiki-z1.a(er-coap.o)
                0x000051b4                coap_get_header_content_format
 .any.text.coap_set_header_content_format
                0x000051ca        0xe contiki-z1.a(er-coap.o)
                0x000051ca                coap_set_header_content_format
 .any.text.coap_get_header_accept
                0x000051d8       0x14 contiki-z1.a(er-coap.o)
                0x000051d8                coap_get_header_accept
 .any.text.coap_get_header_max_age
                0x000051ec       0x24 contiki-z1.a(er-coap.o)
                0x000051ec                coap_get_header_max_age
 .any.text.coap_set_header_max_age
                0x00005210       0x12 contiki-z1.a(er-coap.o)
                0x00005210                coap_set_header_max_age
 .any.text.coap_set_header_etag
                0x00005222       0x2a contiki-z1.a(er-coap.o)
                0x00005222                coap_set_header_etag
 .any.text.coap_get_header_if_match
                0x0000524c       0x1a contiki-z1.a(er-coap.o)
                0x0000524c                coap_get_header_if_match
 .any.text.coap_get_header_if_none_match
                0x00005266        0xc contiki-z1.a(er-coap.o)
                0x00005266                coap_get_header_if_none_match
 .any.text.coap_get_header_uri_host
                0x00005272       0x16 contiki-z1.a(er-coap.o)
                0x00005272                coap_get_header_uri_host
 .any.text.coap_get_header_uri_path
                0x00005288       0x16 contiki-z1.a(er-coap.o)
                0x00005288                coap_get_header_uri_path
 .any.text.coap_set_header_uri_path
                0x0000529e       0x2a contiki-z1.a(er-coap.o)
                0x0000529e                coap_set_header_uri_path
 .any.text.coap_get_header_uri_query
                0x000052c8       0x16 contiki-z1.a(er-coap.o)
                0x000052c8                coap_get_header_uri_query
 .any.text.coap_set_header_location_query
                0x000052de       0x2c contiki-z1.a(er-coap.o)
                0x000052de                coap_set_header_location_query
 .any.text.coap_set_header_location_path
                0x0000530a       0x5a contiki-z1.a(er-coap.o)
                0x0000530a                coap_set_header_location_path
 .any.text.coap_get_header_observe
                0x00005364       0x1c contiki-z1.a(er-coap.o)
                0x00005364                coap_get_header_observe
 .any.text.coap_set_header_observe
                0x00005380       0x12 contiki-z1.a(er-coap.o)
                0x00005380                coap_set_header_observe
 .any.text.coap_get_header_block2
                0x00005392       0x4c contiki-z1.a(er-coap.o)
                0x00005392                coap_get_header_block2
 .any.text.coap_set_header_block2
                0x000053de       0x42 contiki-z1.a(er-coap.o)
                0x000053de                coap_set_header_block2
 .any.text.coap_get_header_size2
                0x00005420       0x1c contiki-z1.a(er-coap.o)
                0x00005420                coap_get_header_size2
 .any.text.coap_set_header_size2
                0x0000543c       0x12 contiki-z1.a(er-coap.o)
                0x0000543c                coap_set_header_size2
 .any.text.coap_get_payload
                0x0000544e       0x1a contiki-z1.a(er-coap.o)
                0x0000544e                coap_get_payload
 .any.text.coap_set_payload
                0x00005468       0x16 contiki-z1.a(er-coap.o)
                0x00005468                coap_set_payload
 .any.text.coap_set_service_callback
                0x0000547e        0x6 contiki-z1.a(er-coap-engine.)
                0x0000547e                coap_set_service_callback
 .any.text.coap_get_rest_method
                0x00005484       0x16 contiki-z1.a(er-coap-engine.)
                0x00005484                coap_get_rest_method
 .any.text.process_thread_coap_engine
                0x0000549a      0x43e contiki-z1.a(er-coap-engine.)
 .any.text.coap_init_engine
                0x000058d8        0xc contiki-z1.a(er-coap-engine.)
                0x000058d8                coap_init_engine
 .any.text.coap_register_as_transaction_handler
                0x000058e4        0x8 contiki-z1.a(er-coap-transac)
                0x000058e4                coap_register_as_transaction_handler
 .any.text.coap_new_transaction
                0x000058ec       0x46 contiki-z1.a(er-coap-transac)
                0x000058ec                coap_new_transaction
 .any.text.coap_clear_transaction
                0x00005932       0x26 contiki-z1.a(er-coap-transac)
                0x00005932                coap_clear_transaction
 .any.text.coap_send_transaction
                0x00005958       0xac contiki-z1.a(er-coap-transac)
                0x00005958                coap_send_transaction
 .any.text.coap_get_transaction_by_mid
                0x00005a04       0x1e contiki-z1.a(er-coap-transac)
                0x00005a04                coap_get_transaction_by_mid
 .any.text.coap_check_transactions
                0x00005a22       0x2e contiki-z1.a(er-coap-transac)
                0x00005a22                coap_check_transactions
 .any.text.coap_remove_observer
                0x00005a50       0x1c contiki-z1.a(er-coap-observe)
                0x00005a50                coap_remove_observer
 .any.text.coap_remove_observer_by_client
                0x00005a6c       0x42 contiki-z1.a(er-coap-observe)
                0x00005a6c                coap_remove_observer_by_client
 .any.text.coap_remove_observer_by_token
                0x00005aae       0x60 contiki-z1.a(er-coap-observe)
                0x00005aae                coap_remove_observer_by_token
 .any.text.coap_remove_observer_by_uri
                0x00005b0e       0x68 contiki-z1.a(er-coap-observe)
                0x00005b0e                coap_remove_observer_by_uri
 .any.text.coap_remove_observer_by_mid
                0x00005b76       0x4a contiki-z1.a(er-coap-observe)
                0x00005b76                coap_remove_observer_by_mid
 .any.text.coap_notify_observers_sub
                0x00005bc0      0x1a0 contiki-z1.a(er-coap-observe)
                0x00005bc0                coap_notify_observers_sub
 .any.text.coap_notify_observers
                0x00005d60        0x8 contiki-z1.a(er-coap-observe)
                0x00005d60                coap_notify_observers
 .any.text.coap_observe_handler
                0x00005d68      0x114 contiki-z1.a(er-coap-observe)
                0x00005d68                coap_observe_handler
 .any.text.well_known_core_get_handler
                0x00005e7c      0x238 contiki-z1.a(er-coap-res-wel)
                0x00005e7c                well_known_core_get_handler
 .any.text.simple_reply
                0x000060b4       0x34 contiki-z1.a(er-coap-observe)
 .any.text.classify_notification
                0x000060e8       0x5a contiki-z1.a(er-coap-observe)
 .any.text.coap_get_obs_subject_by_token
                0x00006142       0x4e contiki-z1.a(er-coap-observe)
                0x00006142                coap_get_obs_subject_by_token
 .any.text.coap_handle_notification
                0x00006190       0xbe contiki-z1.a(er-coap-observe)
                0x00006190                coap_handle_notification
 .any.text.process_thread_rest_engine_process
                0x0000624e       0xc0 contiki-z1.a(rest-engine.o)
 .any.text.rest_invoke_restful_service
                0x0000630e       0xf8 contiki-z1.a(rest-engine.o)
                0x0000630e                rest_invoke_restful_service
 .any.text.rest_init_engine
                0x00006406       0x30 contiki-z1.a(rest-engine.o)
                0x00006406                rest_init_engine
 .any.text.rest_activate_resource
                0x00006436       0x3e contiki-z1.a(rest-engine.o)
                0x00006436                rest_activate_resource
 .any.text.rest_get_resources
                0x00006474        0x6 contiki-z1.a(rest-engine.o)
                0x00006474                rest_get_resources
 .any.text.init_platform
                0x0000647a        0xc contiki-z1.a(contiki-z1-plat)
                0x0000647a                init_platform
 .any.text.msp430_init_dco
                0x00006486       0x28 contiki-z1.a(msp430.o)
                0x00006486                msp430_init_dco
 .any.text.splhigh_
                0x000064ae        0x8 contiki-z1.a(msp430.o)
                0x000064ae                splhigh_
 .any.text.msp430_sync_dco
                0x000064b6       0x6e contiki-z1.a(msp430.o)
                0x000064b6                msp430_sync_dco
 .any.text.msp430_cpu_init
                0x00006524       0x2e contiki-z1.a(msp430.o)
                0x00006524                msp430_cpu_init
 .any.text.show_leds
                0x00006552       0xe8 contiki-z1.a(leds.o)
 .any.text.leds_init
                0x0000663a        0xa contiki-z1.a(leds.o)
                0x0000663a                leds_init
 .any.text.leds_on
                0x00006644        0xa contiki-z1.a(leds.o)
                0x00006644                leds_on
 .any.text.leds_off
                0x0000664e        0xe contiki-z1.a(leds.o)
                0x0000664e                leds_off
 .any.text.watchdog_start
                0x0000665c       0x14 contiki-z1.a(watchdog.o)
                0x0000665c                watchdog_start
 .any.text.watchdog_periodic
                0x00006670       0x12 contiki-z1.a(watchdog.o)
                0x00006670                watchdog_periodic
 .any.text.watchdog_stop
                0x00006682       0x16 contiki-z1.a(watchdog.o)
                0x00006682                watchdog_stop
 .any.text.watchdog_init
                0x00006698       0x12 contiki-z1.a(watchdog.o)
                0x00006698                watchdog_init
 .any.text.wait_ready
                0x000066aa       0x46 contiki-z1.a(xmem.o)
 .any.text.xmem_init
                0x000066f0       0x1e contiki-z1.a(xmem.o)
                0x000066f0                xmem_init
 .any.text.xmem_pread
                0x0000670e       0xc0 contiki-z1.a(xmem.o)
                0x0000670e                xmem_pread
 .any.text.spi_init
                0x000067ce       0x32 contiki-z1.a(spi.o)
                0x000067ce                spi_init
 .any.text.get_object
                0x00006800        0x4 contiki-z1.a(cc2420.o)
 .any.text.set_object
                0x00006804        0x4 contiki-z1.a(cc2420.o)
 .any.text.strobe
                0x00006808       0x1a contiki-z1.a(cc2420.o)
 .any.text.getreg
                0x00006822       0x46 contiki-z1.a(cc2420.o)
 .any.text.setreg
                0x00006868       0x44 contiki-z1.a(cc2420.o)
 .any.text.write_ram
                0x000068ac       0x72 contiki-z1.a(cc2420.o)
 .any.text.write_fifo_buf
                0x0000691e       0x38 contiki-z1.a(cc2420.o)
 .any.text.get_status
                0x00006956       0x1e contiki-z1.a(cc2420.o)
 .any.text.set_txpower
                0x00006974       0x24 contiki-z1.a(cc2420.o)
 .any.text.cc2420_receiving_packet
                0x00006998        0xa contiki-z1.a(cc2420.o)
 .any.text.pending_packet
                0x000069a2        0xa contiki-z1.a(cc2420.o)
 .any.text.on   0x000069ac       0x26 contiki-z1.a(cc2420.o)
 .any.text.wait_for_transmission
                0x000069d2       0x22 contiki-z1.a(cc2420.o)
 .any.text.wait_for_status
                0x000069f4       0x24 contiki-z1.a(cc2420.o)
 .any.text.getrxdata
                0x00006a18       0x4c contiki-z1.a(cc2420.o)
 .any.text.flushrx
                0x00006a64       0x1a contiki-z1.a(cc2420.o)
 .any.text.off  0x00006a7e       0x5a contiki-z1.a(cc2420.o)
 .any.text.RELEASE_LOCK
                0x00006ad8       0x28 contiki-z1.a(cc2420.o)
 .any.text.set_frame_filtering
                0x00006b00       0x30 contiki-z1.a(cc2420.o)
 .any.text.set_auto_ack
                0x00006b30       0x30 contiki-z1.a(cc2420.o)
 .any.text.set_poll_mode
                0x00006b60       0x2c contiki-z1.a(cc2420.o)
 .any.text.cc2420_prepare
                0x00006b8c       0x38 contiki-z1.a(cc2420.o)
 .any.text.cc2420_on
                0x00006bc4       0x22 contiki-z1.a(cc2420.o)
                0x00006bc4                cc2420_on
 .any.text.cc2420_off
                0x00006be6       0x30 contiki-z1.a(cc2420.o)
                0x00006be6                cc2420_off
 .any.text.cc2420_cca
                0x00006c16       0x54 contiki-z1.a(cc2420.o)
 .any.text.cc2420_read
                0x00006c6a       0xb8 contiki-z1.a(cc2420.o)
 .any.text.process_thread_cc2420_process
                0x00006d22       0x5c contiki-z1.a(cc2420.o)
 .any.text.cc2420_set_channel
                0x00006d7e       0x3a contiki-z1.a(cc2420.o)
                0x00006d7e                cc2420_set_channel
 .any.text.cc2420_set_pan_addr
                0x00006db8       0x4c contiki-z1.a(cc2420.o)
                0x00006db8                cc2420_set_pan_addr
 .any.text.cc2420_interrupt
                0x00006e04       0x16 contiki-z1.a(cc2420.o)
                0x00006e04                cc2420_interrupt
 .any.text.cc2420_set_txpower
                0x00006e1a        0xe contiki-z1.a(cc2420.o)
                0x00006e1a                cc2420_set_txpower
 .any.text.cc2420_get_txpower
                0x00006e28       0x1e contiki-z1.a(cc2420.o)
                0x00006e28                cc2420_get_txpower
 .any.text.cc2420_transmit
                0x00006e46      0x10e contiki-z1.a(cc2420.o)
 .any.text.cc2420_send
                0x00006f54       0x12 contiki-z1.a(cc2420.o)
 .any.text.cc2420_rssi
                0x00006f66       0x48 contiki-z1.a(cc2420.o)
                0x00006f66                cc2420_rssi
 .any.text.get_value
                0x00006fae      0x104 contiki-z1.a(cc2420.o)
 .any.text.cc2420_set_cca_threshold
                0x000070b2       0x16 contiki-z1.a(cc2420.o)
                0x000070b2                cc2420_set_cca_threshold
 .any.text.set_value
                0x000070c8       0xb2 contiki-z1.a(cc2420.o)
 .any.text.cc2420_init
                0x0000717a       0xea contiki-z1.a(cc2420.o)
                0x0000717a                cc2420_init
 .any.text.cc2420_arch_init
                0x00007264       0x1a contiki-z1.a(cc2420-arch.o)
                0x00007264                cc2420_arch_init
 .any.text.node_id_restore
                0x0000727e       0x4c contiki-z1.a(node-id.o)
                0x0000727e                node_id_restore
 .any.text.process_thread_sensors_process
                0x000072ca       0xc2 contiki-z1.a(sensors.o)
 .any.text.sensors_changed
                0x0000738c       0x2a contiki-z1.a(sensors.o)
                0x0000738c                sensors_changed
 .any.text.status
                0x000073b6       0x18 contiki-z1.a(button-sensor.o)
 .any.text.value
                0x000073ce       0x20 contiki-z1.a(button-sensor.o)
 .any.text.configure
                0x000073ee       0x4e contiki-z1.a(button-sensor.o)
 .any.text.uart0_active
                0x0000743c        0xe contiki-z1.a(uart0.o)
                0x0000743c                uart0_active
 .any.text.uart0_writeb
                0x0000744a       0x16 contiki-z1.a(uart0.o)
                0x0000744a                uart0_writeb
 .any.text.uart0_init
                0x00007460       0x4e contiki-z1.a(uart0.o)
                0x00007460                uart0_init
 .any.text.putchar
                0x000074ae       0x10 contiki-z1.a(uart0-putchar.o)
                0x000074ae                putchar
 .any.text.status
                0x000074be       0x12 contiki-z1.a(adxl345.o)
 .any.text.accm_write_reg
                0x000074d0       0x2e contiki-z1.a(adxl345.o)
 .any.text.accm_write_stream
                0x000074fe       0x2a contiki-z1.a(adxl345.o)
 .any.text.accm_read_reg
                0x00007528       0x54 contiki-z1.a(adxl345.o)
 .any.text.process_thread_accmeter_process
                0x0000757c       0x56 contiki-z1.a(adxl345.o)
 .any.text.accm_read_axis.part.0
                0x000075d2       0x5a contiki-z1.a(adxl345.o)
 .any.text.value
                0x0000762c       0x1e contiki-z1.a(adxl345.o)
 .any.text.accm_init
                0x0000764a       0x78 contiki-z1.a(adxl345.o)
                0x0000764a                accm_init
 .any.text.accm_stop
                0x000076c2       0x32 contiki-z1.a(adxl345.o)
                0x000076c2                accm_stop
 .any.text.configure
                0x000076f4       0x26 contiki-z1.a(adxl345.o)
 .any.text.value
                0x0000771a        0x6 contiki-z1.a(temperature-sen)
 .any.text.status
                0x00007720        0xc contiki-z1.a(temperature-sen)
 .any.text.configure
                0x0000772c       0x12 contiki-z1.a(temperature-sen)
 .any.text.value
                0x0000773e        0x6 contiki-z1.a(battery-sensor.)
 .any.text.status
                0x00007744        0xc contiki-z1.a(battery-sensor.)
 .any.text.configure
                0x00007750       0x12 contiki-z1.a(battery-sensor.)
 .any.text.sky_sensors_status
                0x00007762       0x3c contiki-z1.a(sky-sensors.o)
                0x00007762                sky_sensors_status
 .any.text.sky_sensors_configure
                0x0000779e       0xe6 contiki-z1.a(sky-sensors.o)
                0x0000779e                sky_sensors_configure
 .any.text.status
                0x00007884       0x12 contiki-z1.a(tmp102.o)
 .any.text.tmp102_init
                0x00007896       0x24 contiki-z1.a(tmp102.o)
                0x00007896                tmp102_init
 .any.text.tmp102_stop
                0x000078ba        0xa contiki-z1.a(tmp102.o)
                0x000078ba                tmp102_stop
 .any.text.configure
                0x000078c4       0x26 contiki-z1.a(tmp102.o)
 .any.text.tmp102_read_reg
                0x000078ea       0x5e contiki-z1.a(tmp102.o)
                0x000078ea                tmp102_read_reg
 .any.text.tmp102_read_temp_x100
                0x00007948       0x58 contiki-z1.a(tmp102.o)
                0x00007948                tmp102_read_temp_x100
 .any.text.value
                0x000079a0        0x6 contiki-z1.a(tmp102.o)
 .any.text.clock_time
                0x000079a6       0x1a contiki-z1.a(clock.o)
                0x000079a6                clock_time
 .any.text.clock_init
                0x000079c0       0x28 contiki-z1.a(clock.o)
                0x000079c0                clock_init
 .any.text.clock_delay
                0x000079e8        0xc contiki-z1.a(clock.o)
                0x000079e8                clock_delay
 .any.text.clock_wait
                0x000079f4       0x24 contiki-z1.a(clock.o)
                0x000079f4                clock_wait
 .any.text.clock_seconds
                0x00007a18       0x1a contiki-z1.a(clock.o)
                0x00007a18                clock_seconds
 .any.text.leds_arch_init
                0x00007a32        0xe contiki-z1.a(leds-arch.o)
                0x00007a32                leds_arch_init
 .any.text.leds_arch_set
                0x00007a40       0x38 contiki-z1.a(leds-arch.o)
                0x00007a40                leds_arch_set
 .any.text.rtimer_arch_init
                0x00007a78        0xe contiki-z1.a(rtimer-arch.o)
                0x00007a78                rtimer_arch_init
 .any.text.rtimer_arch_now
                0x00007a86        0xe contiki-z1.a(rtimer-arch.o)
                0x00007a86                rtimer_arch_now
 .any.text.rtimer_arch_schedule
                0x00007a94        0x6 contiki-z1.a(rtimer-arch.o)
                0x00007a94                rtimer_arch_schedule
 .any.text.autostart_start
                0x00007a9a       0x16 contiki-z1.a(autostart.o)
                0x00007a9a                autostart_start
 .any.text.process_thread_ctimer_process
                0x00007ab0       0xa0 contiki-z1.a(ctimer.o)
 .any.text.ctimer_init
                0x00007b50       0x18 contiki-z1.a(ctimer.o)
                0x00007b50                ctimer_init
 .any.text.ctimer_set_with_process
                0x00007b68       0x4a contiki-z1.a(ctimer.o)
                0x00007b68                ctimer_set_with_process
 .any.text.ctimer_set
                0x00007bb2       0x10 contiki-z1.a(ctimer.o)
                0x00007bb2                ctimer_set
 .any.text.ctimer_reset
                0x00007bc2       0x2c contiki-z1.a(ctimer.o)
                0x00007bc2                ctimer_reset
 .any.text.ctimer_restart
                0x00007bee       0x2c contiki-z1.a(ctimer.o)
                0x00007bee                ctimer_restart
 .any.text.ctimer_stop
                0x00007c1a       0x28 contiki-z1.a(ctimer.o)
                0x00007c1a                ctimer_stop
 .any.text.energest_init
                0x00007c42       0x24 contiki-z1.a(energest.o)
                0x00007c42                energest_init
 .any.text.energest_type_time
                0x00007c66       0x3c contiki-z1.a(energest.o)
                0x00007c66                energest_type_time
 .any.text.energest_type_set
                0x00007ca2        0xc contiki-z1.a(energest.o)
                0x00007ca2                energest_type_set
 .any.text.energest_flush
                0x00007cae       0x38 contiki-z1.a(energest.o)
                0x00007cae                energest_flush
 .any.text.update_time
                0x00007ce6       0x70 contiki-z1.a(etimer.o)
 .any.text.etimer_request_poll
                0x00007d56        0xa contiki-z1.a(etimer.o)
                0x00007d56                etimer_request_poll
 .any.text.process_thread_etimer_process
                0x00007d60       0xc4 contiki-z1.a(etimer.o)
 .any.text.add_timer
                0x00007e24       0x40 contiki-z1.a(etimer.o)
 .any.text.etimer_set
                0x00007e64       0x12 contiki-z1.a(etimer.o)
                0x00007e64                etimer_set
 .any.text.etimer_reset
                0x00007e76       0x12 contiki-z1.a(etimer.o)
                0x00007e76                etimer_reset
 .any.text.etimer_restart
                0x00007e88       0x12 contiki-z1.a(etimer.o)
                0x00007e88                etimer_restart
 .any.text.etimer_expired
                0x00007e9a        0xe contiki-z1.a(etimer.o)
                0x00007e9a                etimer_expired
 .any.text.etimer_expiration_time
                0x00007ea8       0x14 contiki-z1.a(etimer.o)
                0x00007ea8                etimer_expiration_time
 .any.text.etimer_pending
                0x00007ebc        0xc contiki-z1.a(etimer.o)
                0x00007ebc                etimer_pending
 .any.text.etimer_next_expiration_time
                0x00007ec8       0x16 contiki-z1.a(etimer.o)
                0x00007ec8                etimer_next_expiration_time
 .any.text.etimer_stop
                0x00007ede       0x3e contiki-z1.a(etimer.o)
                0x00007ede                etimer_stop
 .any.text.call_process
                0x00007f1c       0x40 contiki-z1.a(process.o)
 .any.text.exit_process
                0x00007f5c       0x88 contiki-z1.a(process.o)
 .any.text.do_poll
                0x00007fe4       0x30 contiki-z1.a(process.o)
 .any.text.process_alloc_event
                0x00008014        0xe contiki-z1.a(process.o)
                0x00008014                process_alloc_event
 .any.text.process_init
                0x00008022       0x1c contiki-z1.a(process.o)
                0x00008022                process_init
 .any.text.process_run
                0x0000803e       0x8c contiki-z1.a(process.o)
                0x0000803e                process_run
 .any.text.process_nevents
                0x000080ca        0xe contiki-z1.a(process.o)
                0x000080ca                process_nevents
 .any.text.process_post
                0x000080d8       0x4a contiki-z1.a(process.o)
                0x000080d8                process_post
 .any.text.process_post_synch
                0x00008122       0x12 contiki-z1.a(process.o)
                0x00008122                process_post_synch
 .any.text.process_start
                0x00008134       0x36 contiki-z1.a(process.o)
                0x00008134                process_start
 .any.text.process_poll
                0x0000816a       0x18 contiki-z1.a(process.o)
                0x0000816a                process_poll
 .any.text.rtimer_init
                0x00008182        0x6 contiki-z1.a(rtimer.o)
                0x00008182                rtimer_init
 .any.text.rtimer_run_next
                0x00008188       0x26 contiki-z1.a(rtimer.o)
                0x00008188                rtimer_run_next
 .any.text.timer_set
                0x000081ae       0x1c contiki-z1.a(timer.o)
                0x000081ae                timer_set
 .any.text.timer_reset
                0x000081ca        0xe contiki-z1.a(timer.o)
                0x000081ca                timer_reset
 .any.text.timer_restart
                0x000081d8       0x14 contiki-z1.a(timer.o)
                0x000081d8                timer_restart
 .any.text.timer_expired
                0x000081ec       0x2a contiki-z1.a(timer.o)
                0x000081ec                timer_expired
 .any.text.list_init
                0x00008216        0x6 contiki-z1.a(list.o)
                0x00008216                list_init
 .any.text.list_head
                0x0000821c        0x4 contiki-z1.a(list.o)
                0x0000821c                list_head
 .any.text.list_tail
                0x00008220       0x12 contiki-z1.a(list.o)
                0x00008220                list_tail
 .any.text.list_remove
                0x00008232       0x34 contiki-z1.a(list.o)
                0x00008232                list_remove
 .any.text.list_push
                0x00008266       0x16 contiki-z1.a(list.o)
                0x00008266                list_push
 .any.text.list_add
                0x0000827c       0x26 contiki-z1.a(list.o)
                0x0000827c                list_add
 .any.text.list_length
                0x000082a2       0x10 contiki-z1.a(list.o)
                0x000082a2                list_length
 .any.text.list_item_next
                0x000082b2        0xc contiki-z1.a(list.o)
                0x000082b2                list_item_next
 .any.text.memb_init
                0x000082be       0x36 contiki-z1.a(memb.o)
                0x000082be                memb_init
 .any.text.memb_alloc
                0x000082f4       0x3e contiki-z1.a(memb.o)
                0x000082f4                memb_alloc
 .any.text.memb_free
                0x00008332       0x3a contiki-z1.a(memb.o)
                0x00008332                memb_free
 .any.text.memb_inmemb
                0x0000836c       0x2a contiki-z1.a(memb.o)
                0x0000836c                memb_inmemb
 .any.text.memb_numfree
                0x00008396       0x26 contiki-z1.a(memb.o)
                0x00008396                memb_numfree
 .any.text.random_init
                0x000083bc        0x6 contiki-z1.a(random.o)
                0x000083bc                random_init
 .any.text.random_rand
                0x000083c2        0x6 contiki-z1.a(random.o)
                0x000083c2                random_rand
 .any.text.uip_ds6_list_loop
                0x000083c8       0x66 contiki-z1.a(uip-ds6.o)
                0x000083c8                uip_ds6_list_loop
 .any.text.uip_ds6_prefix_add
                0x0000842e       0x70 contiki-z1.a(uip-ds6.o)
                0x0000842e                uip_ds6_prefix_add
 .any.text.uip_ds6_is_addr_onlink
                0x0000849e       0x42 contiki-z1.a(uip-ds6.o)
                0x0000849e                uip_ds6_is_addr_onlink
 .any.text.uip_ds6_addr_lookup
                0x000084e0       0x2a contiki-z1.a(uip-ds6.o)
                0x000084e0                uip_ds6_addr_lookup
 .any.text.uip_ds6_get_link_local
                0x0000850a       0x3e contiki-z1.a(uip-ds6.o)
                0x0000850a                uip_ds6_get_link_local
 .any.text.uip_ds6_maddr_add
                0x00008548       0x48 contiki-z1.a(uip-ds6.o)
                0x00008548                uip_ds6_maddr_add
 .any.text.uip_ds6_addr_add
                0x00008590       0xb4 contiki-z1.a(uip-ds6.o)
                0x00008590                uip_ds6_addr_add
 .any.text.uip_ds6_maddr_rm
                0x00008644        0xa contiki-z1.a(uip-ds6.o)
                0x00008644                uip_ds6_maddr_rm
 .any.text.uip_ds6_maddr_lookup
                0x0000864e       0x2a contiki-z1.a(uip-ds6.o)
                0x0000864e                uip_ds6_maddr_lookup
 .any.text.uip_ds6_addr_rm
                0x00008678       0x54 contiki-z1.a(uip-ds6.o)
                0x00008678                uip_ds6_addr_rm
 .any.text.uip_ds6_periodic
                0x000086cc       0x46 contiki-z1.a(uip-ds6.o)
                0x000086cc                uip_ds6_periodic
 .any.text.uip_ds6_set_addr_iid
                0x00008712       0x14 contiki-z1.a(uip-ds6.o)
                0x00008712                uip_ds6_set_addr_iid
 .any.text.get_match_length
                0x00008726       0x3c contiki-z1.a(uip-ds6.o)
                0x00008726                get_match_length
 .any.text.uip_ds6_select_src
                0x00008762       0x9a contiki-z1.a(uip-ds6.o)
                0x00008762                uip_ds6_select_src
 .any.text.uip_ds6_compute_reachable_time
                0x000087fc       0x36 contiki-z1.a(uip-ds6.o)
                0x000087fc                uip_ds6_compute_reachable_time
 .any.text.uip_ds6_init
                0x00008832      0x138 contiki-z1.a(uip-ds6.o)
                0x00008832                uip_ds6_init
 .any.text.call_route_callback
                0x0000896a       0x40 contiki-z1.a(uip-ds6-route.o)
 .any.text.uip_ds6_route_init
                0x000089aa       0x36 contiki-z1.a(uip-ds6-route.o)
                0x000089aa                uip_ds6_route_init
 .any.text.uip_ds6_route_nexthop
                0x000089e0       0x1a contiki-z1.a(uip-ds6-route.o)
                0x000089e0                uip_ds6_route_nexthop
 .any.text.uip_ds6_route_head
                0x000089fa        0xa contiki-z1.a(uip-ds6-route.o)
                0x000089fa                uip_ds6_route_head
 .any.text.uip_ds6_route_next
                0x00008a04        0xe contiki-z1.a(uip-ds6-route.o)
                0x00008a04                uip_ds6_route_next
 .any.text.uip_ds6_route_is_nexthop
                0x00008a12       0x22 contiki-z1.a(uip-ds6-route.o)
                0x00008a12                uip_ds6_route_is_nexthop
 .any.text.uip_ds6_route_lookup
                0x00008a34       0x6e contiki-z1.a(uip-ds6-route.o)
                0x00008a34                uip_ds6_route_lookup
 .any.text.uip_ds6_route_rm
                0x00008aa2       0xa2 contiki-z1.a(uip-ds6-route.o)
                0x00008aa2                uip_ds6_route_rm
 .any.text.rm_routelist
                0x00008b44       0x34 contiki-z1.a(uip-ds6-route.o)
 .any.text.rm_routelist_callback
                0x00008b78        0x6 contiki-z1.a(uip-ds6-route.o)
 .any.text.uip_ds6_route_add
                0x00008b7e       0xfc contiki-z1.a(uip-ds6-route.o)
                0x00008b7e                uip_ds6_route_add
 .any.text.uip_ds6_defrt_rm
                0x00008c7a       0x44 contiki-z1.a(uip-ds6-route.o)
                0x00008c7a                uip_ds6_defrt_rm
 .any.text.uip_ds6_defrt_lookup
                0x00008cbe       0x32 contiki-z1.a(uip-ds6-route.o)
                0x00008cbe                uip_ds6_defrt_lookup
 .any.text.uip_ds6_defrt_add
                0x00008cf0       0x68 contiki-z1.a(uip-ds6-route.o)
                0x00008cf0                uip_ds6_defrt_add
 .any.text.uip_ds6_defrt_choose
                0x00008d58       0x36 contiki-z1.a(uip-ds6-route.o)
                0x00008d58                uip_ds6_defrt_choose
 .any.text.uip_ds6_defrt_periodic
                0x00008d8e       0x38 contiki-z1.a(uip-ds6-route.o)
                0x00008d8e                uip_ds6_defrt_periodic
 .any.text.chksum
                0x00008dc6       0x32 contiki-z1.a(uip6.o)
 .any.text.upper_layer_chksum
                0x00008df8       0x56 contiki-z1.a(uip6.o)
 .any.text.ext_hdr_options_process
                0x00008e4e       0xc2 contiki-z1.a(uip6.o)
 .any.text.uip_icmp6chksum
                0x00008f10        0xa contiki-z1.a(uip6.o)
                0x00008f10                uip_icmp6chksum
 .any.text.uip_udpchksum
                0x00008f1a        0xa contiki-z1.a(uip6.o)
                0x00008f1a                uip_udpchksum
 .any.text.uip_init
                0x00008f24       0x26 contiki-z1.a(uip6.o)
                0x00008f24                uip_init
 .any.text.remove_ext_hdr
                0x00008f4a       0x50 contiki-z1.a(uip6.o)
                0x00008f4a                remove_ext_hdr
 .any.text.uip_udp_new
                0x00008f9a       0xa2 contiki-z1.a(uip6.o)
                0x00008f9a                uip_udp_new
 .any.text.uip_process
                0x0000903c      0x48c contiki-z1.a(uip6.o)
                0x0000903c                uip_process
 .any.text.uip_htonl
                0x000094c8       0x2a contiki-z1.a(uip6.o)
                0x000094c8                uip_htonl
 .any.text.uip_ds6_nbr_rm
                0x000094f2       0x1e contiki-z1.a(uip-ds6-nbr.o)
                0x000094f2                uip_ds6_nbr_rm
 .any.text.uip_ds6_neighbors_init
                0x00009510       0x12 contiki-z1.a(uip-ds6-nbr.o)
                0x00009510                uip_ds6_neighbors_init
 .any.text.uip_ds6_nbr_add
                0x00009522       0x36 contiki-z1.a(uip-ds6-nbr.o)
                0x00009522                uip_ds6_nbr_add
 .any.text.uip_ds6_nbr_get_ll
                0x00009558        0xc contiki-z1.a(uip-ds6-nbr.o)
                0x00009558                uip_ds6_nbr_get_ll
 .any.text.uip_ds6_nbr_lookup
                0x00009564       0x3e contiki-z1.a(uip-ds6-nbr.o)
                0x00009564                uip_ds6_nbr_lookup
 .any.text.uip_ds6_nbr_ll_lookup
                0x000095a2        0xc contiki-z1.a(uip-ds6-nbr.o)
                0x000095a2                uip_ds6_nbr_ll_lookup
 .any.text.uip_ds6_nbr_ipaddr_from_lladdr
                0x000095ae        0x6 contiki-z1.a(uip-ds6-nbr.o)
                0x000095ae                uip_ds6_nbr_ipaddr_from_lladdr
 .any.text.uip_ds6_nbr_lladdr_from_ipaddr
                0x000095b4       0x12 contiki-z1.a(uip-ds6-nbr.o)
                0x000095b4                uip_ds6_nbr_lladdr_from_ipaddr
 .any.text.uip_ds6_link_neighbor_callback
                0x000095c6       0x32 contiki-z1.a(uip-ds6-nbr.o)
                0x000095c6                uip_ds6_link_neighbor_callback
 .any.text.uip_nd6_init
                0x000095f8        0x2 contiki-z1.a(uip-nd6.o)
                0x000095f8                uip_nd6_init
 .any.text.clear_fragments
                0x000095fa       0x38 contiki-z1.a(sicslowpan.o)
 .any.text.set_packet_attrs
                0x00009632       0x46 contiki-z1.a(sicslowpan.o)
 .any.text.addr_context_lookup_by_number
                0x00009678       0x30 contiki-z1.a(sicslowpan.o)
 .any.text.compress_addr_64
                0x000096a8       0x9a contiki-z1.a(sicslowpan.o)
 .any.text.store_fragment
                0x00009742       0x6e contiki-z1.a(sicslowpan.o)
 .any.text.uncompress_addr
                0x000097b0       0x96 contiki-z1.a(sicslowpan.o)
 .any.text.sicslowpan_init
                0x00009846       0x24 contiki-z1.a(sicslowpan.o)
                0x00009846                sicslowpan_init
 .any.text.addr_context_lookup_by_prefix
                0x0000986a       0x4a contiki-z1.a(sicslowpan.o)
 .any.text.packet_sent
                0x000098b4       0x22 contiki-z1.a(sicslowpan.o)
 .any.text.add_fragment
                0x000098d6      0x160 contiki-z1.a(sicslowpan.o)
 .any.text.input
                0x00009a36      0x60e contiki-z1.a(sicslowpan.o)
 .any.text.send_packet
                0x0000a044       0x1a contiki-z1.a(sicslowpan.o)
 .any.text.output
                0x0000a05e      0x67c contiki-z1.a(sicslowpan.o)
 .any.text.uip_debug_ipaddr_print
                0x0000a6da       0xbc contiki-z1.a(uip-debug.o)
                0x0000a6da                uip_debug_ipaddr_print
 .any.text.uip_udp_packet_send
                0x0000a796       0x2a contiki-z1.a(uip-udp-packet.)
                0x0000a796                uip_udp_packet_send
 .any.text.tcpip_output
                0x0000a7c0       0x10 contiki-z1.a(tcpip.o)
                0x0000a7c0                tcpip_output
 .any.text.tcpip_set_outputfunc
                0x0000a7d0        0x6 contiki-z1.a(tcpip.o)
                0x0000a7d0                tcpip_set_outputfunc
 .any.text.udp_new
                0x0000a7d6       0x1a contiki-z1.a(tcpip.o)
                0x0000a7d6                udp_new
 .any.text.tcpip_input
                0x0000a7f0       0x16 contiki-z1.a(tcpip.o)
                0x0000a7f0                tcpip_input
 .any.text.tcpip_ipv6_output
                0x0000a806       0xcc contiki-z1.a(tcpip.o)
                0x0000a806                tcpip_ipv6_output
 .any.text.process_thread_tcpip_process
                0x0000a8d2       0xd0 contiki-z1.a(tcpip.o)
 .any.text.tcpip_uipcall
                0x0000a9a2       0x2a contiki-z1.a(tcpip.o)
                0x0000a9a2                tcpip_uipcall
 .any.text.lollipop_greater_than
                0x0000a9cc       0x3c contiki-z1.a(rpl-dag.o)
 .any.text.find_parent_any_dag_any_instance
                0x0000aa08       0x14 contiki-z1.a(rpl-dag.o)
 .any.text.set_ip_from_prefix
                0x0000aa1c       0x30 contiki-z1.a(rpl-dag.o)
 .any.text.check_prefix
                0x0000aa4c       0x70 contiki-z1.a(rpl-dag.o)
 .any.text.rpl_set_preferred_parent
                0x0000aabc       0x2c contiki-z1.a(rpl-dag.o)
 .any.text.rpl_dag_init
                0x0000aae8        0xe contiki-z1.a(rpl-dag.o)
                0x0000aae8                rpl_dag_init
 .any.text.rpl_get_parent
                0x0000aaf6        0xc contiki-z1.a(rpl-dag.o)
                0x0000aaf6                rpl_get_parent
 .any.text.rpl_rank_via_parent
                0x0000ab02       0x2a contiki-z1.a(rpl-dag.o)
                0x0000ab02                rpl_rank_via_parent
 .any.text.rpl_get_parent_lladdr
                0x0000ab2c        0xc contiki-z1.a(rpl-dag.o)
                0x0000ab2c                rpl_get_parent_lladdr
 .any.text.rpl_get_parent_ipaddr
                0x0000ab38        0xa contiki-z1.a(rpl-dag.o)
                0x0000ab38                rpl_get_parent_ipaddr
 .any.text.rpl_get_parent_link_stats
                0x0000ab42        0xa contiki-z1.a(rpl-dag.o)
                0x0000ab42                rpl_get_parent_link_stats
 .any.text.rpl_parent_is_fresh
                0x0000ab4c        0xa contiki-z1.a(rpl-dag.o)
                0x0000ab4c                rpl_parent_is_fresh
 .any.text.best_parent
                0x0000ab56       0x66 contiki-z1.a(rpl-dag.o)
 .any.text.rpl_parent_is_reachable
                0x0000abbc       0x4a contiki-z1.a(rpl-dag.o)
                0x0000abbc                rpl_parent_is_reachable
 .any.text.rpl_set_prefix
                0x0000ac06       0x74 contiki-z1.a(rpl-dag.o)
                0x0000ac06                rpl_set_prefix
 .any.text.rpl_set_default_route
                0x0000ac7a       0x3a contiki-z1.a(rpl-dag.o)
                0x0000ac7a                rpl_set_default_route
 .any.text.rpl_alloc_instance
                0x0000acb4       0x34 contiki-z1.a(rpl-dag.o)
                0x0000acb4                rpl_alloc_instance
 .any.text.rpl_add_parent
                0x0000ace8       0x3a contiki-z1.a(rpl-dag.o)
                0x0000ace8                rpl_add_parent
 .any.text.rpl_find_parent
                0x0000ad22       0x1a contiki-z1.a(rpl-dag.o)
                0x0000ad22                rpl_find_parent
 .any.text.rpl_find_parent_any_dag
                0x0000ad3c       0x22 contiki-z1.a(rpl-dag.o)
                0x0000ad3c                rpl_find_parent_any_dag
 .any.text.rpl_select_parent
                0x0000ad5e       0x62 contiki-z1.a(rpl-dag.o)
                0x0000ad5e                rpl_select_parent
 .any.text.rpl_select_dag
                0x0000adc0      0x192 contiki-z1.a(rpl-dag.o)
                0x0000adc0                rpl_select_dag
 .any.text.rpl_nullify_parent
                0x0000af52       0x5c contiki-z1.a(rpl-dag.o)
                0x0000af52                rpl_nullify_parent
 .any.text.rpl_remove_parent
                0x0000afae       0x16 contiki-z1.a(rpl-dag.o)
                0x0000afae                rpl_remove_parent
 .any.text.nbr_callback
                0x0000afc4        0x6 contiki-z1.a(rpl-dag.o)
 .any.text.remove_parents.constprop.4
                0x0000afca       0x2c contiki-z1.a(rpl-dag.o)
 .any.text.rpl_free_dag
                0x0000aff6       0x42 contiki-z1.a(rpl-dag.o)
                0x0000aff6                rpl_free_dag
 .any.text.rpl_move_parent
                0x0000b038       0x60 contiki-z1.a(rpl-dag.o)
                0x0000b038                rpl_move_parent
 .any.text.rpl_get_any_dag
                0x0000b098       0x16 contiki-z1.a(rpl-dag.o)
                0x0000b098                rpl_get_any_dag
 .any.text.rpl_get_instance
                0x0000b0ae       0x16 contiki-z1.a(rpl-dag.o)
                0x0000b0ae                rpl_get_instance
 .any.text.rpl_alloc_dag
                0x0000b0c4       0x60 contiki-z1.a(rpl-dag.o)
                0x0000b0c4                rpl_alloc_dag
 .any.text.rpl_repair_root
                0x0000b124       0x4c contiki-z1.a(rpl-dag.o)
                0x0000b124                rpl_repair_root
 .any.text.rpl_find_of
                0x0000b170       0x10 contiki-z1.a(rpl-dag.o)
                0x0000b170                rpl_find_of
 .any.text.rpl_join_instance
                0x0000b180      0x142 contiki-z1.a(rpl-dag.o)
                0x0000b180                rpl_join_instance
 .any.text.rpl_local_repair
                0x0000b2c2       0x64 contiki-z1.a(rpl-dag.o)
                0x0000b2c2                rpl_local_repair
 .any.text.rpl_process_parent_event
                0x0000b326       0xa8 contiki-z1.a(rpl-dag.o)
                0x0000b326                rpl_process_parent_event
 .any.text.rpl_recalculate_ranks
                0x0000b3ce       0x44 contiki-z1.a(rpl-dag.o)
                0x0000b3ce                rpl_recalculate_ranks
 .any.text.rpl_process_dio
                0x0000b412      0x2e8 contiki-z1.a(rpl-dag.o)
                0x0000b412                rpl_process_dio
 .any.text.handle_unicast_dio_timer
                0x0000b6fa       0x1c contiki-z1.a(rpl-timers.o)
 .any.text.new_dio_interval
                0x0000b716       0x8a contiki-z1.a(rpl-timers.o)
 .any.text.set_dao_lifetime_timer
                0x0000b7a0       0x84 contiki-z1.a(rpl-timers.o)
 .any.text.handle_periodic_timer
                0x0000b824       0x50 contiki-z1.a(rpl-timers.o)
 .any.text.schedule_dao
                0x0000b874       0x72 contiki-z1.a(rpl-timers.o)
 .any.text.handle_dio_timer
                0x0000b8e6       0x88 contiki-z1.a(rpl-timers.o)
 .any.text.handle_dao_timer
                0x0000b96e       0x64 contiki-z1.a(rpl-timers.o)
 .any.text.rpl_reset_periodic_timer
                0x0000b9d2       0x54 contiki-z1.a(rpl-timers.o)
                0x0000b9d2                rpl_reset_periodic_timer
 .any.text.rpl_reset_dio_timer
                0x0000ba26       0x18 contiki-z1.a(rpl-timers.o)
                0x0000ba26                rpl_reset_dio_timer
 .any.text.rpl_schedule_dao
                0x0000ba3e        0xc contiki-z1.a(rpl-timers.o)
                0x0000ba3e                rpl_schedule_dao
 .any.text.rpl_schedule_unicast_dio_immediately
                0x0000ba4a       0x16 contiki-z1.a(rpl-timers.o)
                0x0000ba4a                rpl_schedule_unicast_dio_immediately
 .any.text.get_probing_delay
                0x0000ba60       0x40 contiki-z1.a(rpl-timers.o)
                0x0000ba60                get_probing_delay
 .any.text.get_probing_target
                0x0000baa0       0xe2 contiki-z1.a(rpl-timers.o)
                0x0000baa0                get_probing_target
 .any.text.rpl_schedule_probing
                0x0000bb82       0x26 contiki-z1.a(rpl-timers.o)
                0x0000bb82                rpl_schedule_probing
 .any.text.handle_probing_timer
                0x0000bba8       0x34 contiki-z1.a(rpl-timers.o)
 .any.text.update_hbh_header
                0x0000bbdc       0xcc contiki-z1.a(rpl-ext-header.)
 .any.text.insert_hbh_header
                0x0000bca8       0x94 contiki-z1.a(rpl-ext-header.)
 .any.text.rpl_verify_hbh_header
                0x0000bd3c       0xf4 contiki-z1.a(rpl-ext-header.)
                0x0000bd3c                rpl_verify_hbh_header
 .any.text.rpl_remove_header
                0x0000be30       0x76 contiki-z1.a(rpl-ext-header.)
                0x0000be30                rpl_remove_header
 .any.text.rpl_update_header
                0x0000bea6       0x54 contiki-z1.a(rpl-ext-header.)
                0x0000bea6                rpl_update_header
 .any.text.rpl_get_mode
                0x0000befa        0x6 contiki-z1.a(rpl.o)
                0x0000befa                rpl_get_mode
 .any.text.rpl_purge_routes
                0x0000bf00       0x96 contiki-z1.a(rpl.o)
                0x0000bf00                rpl_purge_routes
 .any.text.rpl_remove_routes
                0x0000bf96       0x22 contiki-z1.a(rpl.o)
                0x0000bf96                rpl_remove_routes
 .any.text.rpl_remove_routes_by_nexthop
                0x0000bfb8       0x3e contiki-z1.a(rpl.o)
                0x0000bfb8                rpl_remove_routes_by_nexthop
 .any.text.rpl_add_route
                0x0000bff6       0x48 contiki-z1.a(rpl.o)
                0x0000bff6                rpl_add_route
 .any.text.rpl_link_neighbor_callback
                0x0000c03e       0x4c contiki-z1.a(rpl.o)
                0x0000c03e                rpl_link_neighbor_callback
 .any.text.rpl_ipv6_neighbor_callback
                0x0000c08a       0x1e contiki-z1.a(rpl.o)
                0x0000c08a                rpl_ipv6_neighbor_callback
 .any.text.rpl_purge_dags
                0x0000c0a8       0x3e contiki-z1.a(rpl.o)
                0x0000c0a8                rpl_purge_dags
 .any.text.rpl_init
                0x0000c0e6       0x44 contiki-z1.a(rpl.o)
                0x0000c0e6                rpl_init
 .any.text.reset
                0x0000c12a        0x2 contiki-z1.a(rpl-mrhof.o)
 .any.text.update_metric_container
                0x0000c12c        0x6 contiki-z1.a(rpl-mrhof.o)
 .any.text.parent_link_metric
                0x0000c132       0x10 contiki-z1.a(rpl-mrhof.o)
 .any.text.parent_has_usable_link
                0x0000c142       0x14 contiki-z1.a(rpl-mrhof.o)
 .any.text.best_dag
                0x0000c156       0x2e contiki-z1.a(rpl-mrhof.o)
 .any.text.parent_path_cost
                0x0000c184       0x40 contiki-z1.a(rpl-mrhof.o)
 .any.text.parent_is_acceptable
                0x0000c1c4       0x2a contiki-z1.a(rpl-mrhof.o)
 .any.text.rank_via_parent
                0x0000c1ee       0x4e contiki-z1.a(rpl-mrhof.o)
 .any.text.best_parent
                0x0000c23c       0x76 contiki-z1.a(rpl-mrhof.o)
 .any.text.get32
                0x0000c2b2       0x3e contiki-z1.a(rpl-icmp6.o)
 .any.text.set32
                0x0000c2f0       0x2a contiki-z1.a(rpl-icmp6.o)
 .any.text.get16
                0x0000c31a        0xe contiki-z1.a(rpl-icmp6.o)
 .any.text.set16
                0x0000c328       0x10 contiki-z1.a(rpl-icmp6.o)
 .any.text.dao_ack_input
                0x0000c338        0xa contiki-z1.a(rpl-icmp6.o)
 .any.text.dio_input
                0x0000c342      0x27e contiki-z1.a(rpl-icmp6.o)
 .any.text.rpl_icmp6_update_nbr_table
                0x0000c5c0       0x28 contiki-z1.a(rpl-icmp6.o)
                0x0000c5c0                rpl_icmp6_update_nbr_table
 .any.text.dao_input
                0x0000c5e8      0x2a2 contiki-z1.a(rpl-icmp6.o)
 .any.text.dis_output
                0x0000c88a       0x50 contiki-z1.a(rpl-icmp6.o)
                0x0000c88a                dis_output
 .any.text.dio_output
                0x0000c8da      0x24c contiki-z1.a(rpl-icmp6.o)
                0x0000c8da                dio_output
 .any.text.dis_input
                0x0000cb26       0x3e contiki-z1.a(rpl-icmp6.o)
 .any.text.dao_output_target
                0x0000cb64       0xe6 contiki-z1.a(rpl-icmp6.o)
                0x0000cb64                dao_output_target
 .any.text.dao_output
                0x0000cc4a       0x9e contiki-z1.a(rpl-icmp6.o)
                0x0000cc4a                dao_output
 .any.text.rpl_icmp6_register_handlers
                0x0000cce8       0x22 contiki-z1.a(rpl-icmp6.o)
                0x0000cce8                rpl_icmp6_register_handlers
 .any.text.queuebuf_init
                0x0000cd0a       0x12 contiki-z1.a(queuebuf.o)
                0x0000cd0a                queuebuf_init
 .any.text.queuebuf_numfree
                0x0000cd1c        0xa contiki-z1.a(queuebuf.o)
                0x0000cd1c                queuebuf_numfree
 .any.text.queuebuf_new_from_packetbuf
                0x0000cd26       0x4e contiki-z1.a(queuebuf.o)
                0x0000cd26                queuebuf_new_from_packetbuf
 .any.text.queuebuf_free
                0x0000cd74       0x2a contiki-z1.a(queuebuf.o)
                0x0000cd74                queuebuf_free
 .any.text.queuebuf_to_packetbuf
                0x0000cd9e       0x32 contiki-z1.a(queuebuf.o)
                0x0000cd9e                queuebuf_to_packetbuf
 .any.text.key_from_index
                0x0000cdd0       0x18 contiki-z1.a(nbr-table.o)
 .any.text.item_from_index
                0x0000cde8       0x2a contiki-z1.a(nbr-table.o)
 .any.text.index_from_key
                0x0000ce12       0x26 contiki-z1.a(nbr-table.o)
 .any.text.index_from_item
                0x0000ce38       0x1e contiki-z1.a(nbr-table.o)
 .any.text.nbr_set_bit
                0x0000ce56       0x50 contiki-z1.a(nbr-table.o)
 .any.text.index_from_lladdr
                0x0000cea6       0x3e contiki-z1.a(nbr-table.o)
 .any.text.nbr_get_bit.constprop.0
                0x0000cee4       0x2c contiki-z1.a(nbr-table.o)
 .any.text.remove_key
                0x0000cf10       0x56 contiki-z1.a(nbr-table.o)
 .any.text.nbr_table_register
                0x0000cf66       0x26 contiki-z1.a(nbr-table.o)
                0x0000cf66                nbr_table_register
 .any.text.nbr_table_next
                0x0000cf8c       0x3a contiki-z1.a(nbr-table.o)
                0x0000cf8c                nbr_table_next
 .any.text.nbr_table_head
                0x0000cfc6       0x36 contiki-z1.a(nbr-table.o)
                0x0000cfc6                nbr_table_head
 .any.text.nbr_table_add_lladdr
                0x0000cffc       0xfc contiki-z1.a(nbr-table.o)
                0x0000cffc                nbr_table_add_lladdr
 .any.text.nbr_table_get_from_lladdr
                0x0000d0f8       0x28 contiki-z1.a(nbr-table.o)
                0x0000d0f8                nbr_table_get_from_lladdr
 .any.text.nbr_table_remove
                0x0000d120       0x2a contiki-z1.a(nbr-table.o)
                0x0000d120                nbr_table_remove
 .any.text.nbr_table_lock
                0x0000d14a       0x10 contiki-z1.a(nbr-table.o)
                0x0000d14a                nbr_table_lock
 .any.text.nbr_table_unlock
                0x0000d15a       0x10 contiki-z1.a(nbr-table.o)
                0x0000d15a                nbr_table_unlock
 .any.text.nbr_table_get_lladdr
                0x0000d16a       0x14 contiki-z1.a(nbr-table.o)
                0x0000d16a                nbr_table_get_lladdr
 .any.text.packetbuf_hdrreduce
                0x0000d17e       0x1a contiki-z1.a(packetbuf.o)
                0x0000d17e                packetbuf_hdrreduce
 .any.text.packetbuf_set_datalen
                0x0000d198        0x6 contiki-z1.a(packetbuf.o)
                0x0000d198                packetbuf_set_datalen
 .any.text.packetbuf_hdrptr
                0x0000d19e        0x6 contiki-z1.a(packetbuf.o)
                0x0000d19e                packetbuf_hdrptr
 .any.text.packetbuf_datalen
                0x0000d1a4        0x6 contiki-z1.a(packetbuf.o)
                0x0000d1a4                packetbuf_datalen
 .any.text.packetbuf_hdrlen
                0x0000d1aa        0xa contiki-z1.a(packetbuf.o)
                0x0000d1aa                packetbuf_hdrlen
 .any.text.packetbuf_dataptr
                0x0000d1b4        0xc contiki-z1.a(packetbuf.o)
                0x0000d1b4                packetbuf_dataptr
 .any.text.packetbuf_copyto
                0x0000d1c0       0x3a contiki-z1.a(packetbuf.o)
                0x0000d1c0                packetbuf_copyto
 .any.text.packetbuf_totlen
                0x0000d1fa        0xc contiki-z1.a(packetbuf.o)
                0x0000d1fa                packetbuf_totlen
 .any.text.packetbuf_hdralloc
                0x0000d206       0x3c contiki-z1.a(packetbuf.o)
                0x0000d206                packetbuf_hdralloc
 .any.text.packetbuf_attr_clear
                0x0000d242       0x28 contiki-z1.a(packetbuf.o)
                0x0000d242                packetbuf_attr_clear
 .any.text.packetbuf_clear
                0x0000d26a       0x12 contiki-z1.a(packetbuf.o)
                0x0000d26a                packetbuf_clear
 .any.text.packetbuf_copyfrom
                0x0000d27c       0x2a contiki-z1.a(packetbuf.o)
                0x0000d27c                packetbuf_copyfrom
 .any.text.packetbuf_attr_copyto
                0x0000d2a6       0x22 contiki-z1.a(packetbuf.o)
                0x0000d2a6                packetbuf_attr_copyto
 .any.text.packetbuf_attr_copyfrom
                0x0000d2c8       0x24 contiki-z1.a(packetbuf.o)
                0x0000d2c8                packetbuf_attr_copyfrom
 .any.text.packetbuf_holds_broadcast
                0x0000d2ec        0xe contiki-z1.a(packetbuf.o)
                0x0000d2ec                packetbuf_holds_broadcast
 .any.text.linkaddr_copy
                0x0000d2fa        0x8 contiki-z1.a(linkaddr.o)
                0x0000d2fa                linkaddr_copy
 .any.text.linkaddr_cmp
                0x0000d302       0x12 contiki-z1.a(linkaddr.o)
                0x0000d302                linkaddr_cmp
 .any.text.linkaddr_set_node_addr
                0x0000d314        0xc contiki-z1.a(linkaddr.o)
                0x0000d314                linkaddr_set_node_addr
 .any.text.periodic
                0x0000d320       0x2c contiki-z1.a(link-stats.o)
 .any.text.link_stats_from_lladdr
                0x0000d34c        0xc contiki-z1.a(link-stats.o)
                0x0000d34c                link_stats_from_lladdr
 .any.text.link_stats_is_fresh
                0x0000d358       0x32 contiki-z1.a(link-stats.o)
                0x0000d358                link_stats_is_fresh
 .any.text.link_stats_packet_sent
                0x0000d38a       0xc4 contiki-z1.a(link-stats.o)
                0x0000d38a                link_stats_packet_sent
 .any.text.link_stats_input_callback
                0x0000d44e       0xa6 contiki-z1.a(link-stats.o)
                0x0000d44e                link_stats_input_callback
 .any.text.link_stats_init
                0x0000d4f4       0x22 contiki-z1.a(link-stats.o)
                0x0000d4f4                link_stats_init
 .any.text.send_packet
                0x0000d516        0x6 contiki-z1.a(nullmac.o)
 .any.text.packet_input
                0x0000d51c        0x6 contiki-z1.a(nullmac.o)
 .any.text.on   0x0000d522        0x6 contiki-z1.a(nullmac.o)
 .any.text.off  0x0000d528        0x6 contiki-z1.a(nullmac.o)
 .any.text.channel_check_interval
                0x0000d52e        0x4 contiki-z1.a(nullmac.o)
 .any.text.init
                0x0000d532        0x2 contiki-z1.a(nullmac.o)
 .any.text.create_frame.isra.0
                0x0000d534      0x114 contiki-z1.a(framer-802154.o)
 .any.text.create
                0x0000d648        0x8 contiki-z1.a(framer-802154.o)
 .any.text.hdr_length
                0x0000d650        0x8 contiki-z1.a(framer-802154.o)
 .any.text.parse
                0x0000d658       0x9a contiki-z1.a(framer-802154.o)
 .any.text.on   0x0000d6f2        0x6 contiki-z1.a(nullrdc.o)
 .any.text.channel_check_interval
                0x0000d6f8        0x4 contiki-z1.a(nullrdc.o)
 .any.text.init
                0x0000d6fc        0x6 contiki-z1.a(nullrdc.o)
 .any.text.off  0x0000d702       0x10 contiki-z1.a(nullrdc.o)
 .any.text.packet_input
                0x0000d712       0x28 contiki-z1.a(nullrdc.o)
 .any.text.send_one_packet
                0x0000d73a       0x62 contiki-z1.a(nullrdc.o)
 .any.text.send_list
                0x0000d79c       0x28 contiki-z1.a(nullrdc.o)
 .any.text.send_packet
                0x0000d7c4        0x6 contiki-z1.a(nullrdc.o)
 .any.text.init
                0x0000d7ca        0x2 contiki-z1.a(nullsec.o)
 .any.text.send
                0x0000d7cc        0xa contiki-z1.a(nullsec.o)
 .any.text.input
                0x0000d7d6        0x6 contiki-z1.a(nullsec.o)
 .any.text.i2c_receiveinit
                0x0000d7dc       0x36 contiki-z1.a(i2cmaster.o)
                0x0000d7dc                i2c_receiveinit
 .any.text.i2c_transmitinit
                0x0000d812       0x30 contiki-z1.a(i2cmaster.o)
                0x0000d812                i2c_transmitinit
 .any.text.i2c_receive_n
                0x0000d842       0x3e contiki-z1.a(i2cmaster.o)
                0x0000d842                i2c_receive_n
 .any.text.i2c_busy
                0x0000d880        0xa contiki-z1.a(i2cmaster.o)
                0x0000d880                i2c_busy
 .any.text.i2c_enable
                0x0000d88a       0x22 contiki-z1.a(i2cmaster.o)
                0x0000d88a                i2c_enable
 .any.text.i2c_transmit_n
                0x0000d8ac       0x14 contiki-z1.a(i2cmaster.o)
                0x0000d8ac                i2c_transmit_n
 .any.text.stimer_set
                0x0000d8c0       0x1c contiki-z1.a(stimer.o)
                0x0000d8c0                stimer_set
 .any.text.stimer_expired
                0x0000d8dc       0x30 contiki-z1.a(stimer.o)
                0x0000d8dc                stimer_expired
 .any.text.echo_reply_input
                0x0000d90c       0xaa contiki-z1.a(uip-icmp6.o)
 .any.text.echo_request_input
                0x0000d9b6       0xca contiki-z1.a(uip-icmp6.o)
 .any.text.uip_icmp6_input
                0x0000da80       0x44 contiki-z1.a(uip-icmp6.o)
                0x0000da80                uip_icmp6_input
 .any.text.uip_icmp6_register_input_handler
                0x0000dac4        0xc contiki-z1.a(uip-icmp6.o)
                0x0000dac4                uip_icmp6_register_input_handler
 .any.text.uip_icmp6_error_output
                0x0000dad0      0x16e contiki-z1.a(uip-icmp6.o)
                0x0000dad0                uip_icmp6_error_output
 .any.text.uip_icmp6_send
                0x0000dc3e       0x84 contiki-z1.a(uip-icmp6.o)
                0x0000dc3e                uip_icmp6_send
 .any.text.uip_icmp6_init
                0x0000dcc2       0x12 contiki-z1.a(uip-icmp6.o)
                0x0000dcc2                uip_icmp6_init
 .any.text.update_nbr
                0x0000dcd4       0xda contiki-z1.a(rpl-nbr-policy.)
 .any.text.handle_periodic_timer
                0x0000ddae        0xe contiki-z1.a(rpl-nbr-policy.)
 .any.text.find_removable_dis
                0x0000ddbc       0x16 contiki-z1.a(rpl-nbr-policy.)
                0x0000ddbc                find_removable_dis
 .any.text.find_removable_dio
                0x0000ddd2       0x3c contiki-z1.a(rpl-nbr-policy.)
                0x0000ddd2                find_removable_dio
 .any.text.find_removable_dao
                0x0000de0e       0x34 contiki-z1.a(rpl-nbr-policy.)
                0x0000de0e                find_removable_dao
 .any.text.rpl_nbr_policy_find_removable
                0x0000de42       0x30 contiki-z1.a(rpl-nbr-policy.)
                0x0000de42                rpl_nbr_policy_find_removable
 .any.text.frame802154_get_pan_id
                0x0000de72        0x6 contiki-z1.a(frame802154.o)
                0x0000de72                frame802154_get_pan_id
 .any.text.frame802154_has_panid
                0x0000de78       0x78 contiki-z1.a(frame802154.o)
                0x0000de78                frame802154_has_panid
 .any.text.field_len
                0x0000def0       0xa8 contiki-z1.a(frame802154.o)
 .any.text.frame802154_is_broadcast_addr
                0x0000df98       0x28 contiki-z1.a(frame802154.o)
                0x0000df98                frame802154_is_broadcast_addr
 .any.text.frame802154_hdrlen
                0x0000dfc0       0x32 contiki-z1.a(frame802154.o)
                0x0000dfc0                frame802154_hdrlen
 .any.text.frame802154_create
                0x0000dff2      0x136 contiki-z1.a(frame802154.o)
                0x0000dff2                frame802154_create
 .any.text.frame802154_parse
                0x0000e128      0x1be contiki-z1.a(frame802154.o)
                0x0000e128                frame802154_parse
 .any.text.mac_call_sent_callback
                0x0000e2e6       0x14 contiki-z1.a(mac.o)
                0x0000e2e6                mac_call_sent_callback
 .any.text.printf
                0x0000e2fa       0x10 /usr/local/bin/../lib/gcc/msp430/4.7.2/../../../../msp430/lib/mcpu-430x/mmpy-16/msr20/mc20/libc.a(printf.o)
                0x0000e2fa                printf
 .any.text.append
                0x0000e30a       0x22 /usr/local/bin/../lib/gcc/msp430/4.7.2/../../../../msp430/lib/mcpu-430x/mmpy-16/msr20/mc20/libc.a(sprintf.o)
 .any.text.call_vuprintf
                0x0000e32c       0x36 /usr/local/bin/../lib/gcc/msp430/4.7.2/../../../../msp430/lib/mcpu-430x/mmpy-16/msr20/mc20/libc.a(sprintf.o)
 .any.text.snprintf
                0x0000e362       0x1c /usr/local/bin/../lib/gcc/msp430/4.7.2/../../../../msp430/lib/mcpu-430x/mmpy-16/msr20/mc20/libc.a(sprintf.o)
                0x0000e362                snprintf
 .any.text.print_field
                0x0000e37e      0x176 /usr/local/bin/../lib/gcc/msp430/4.7.2/../../../../msp430/lib/mcpu-430x/mmpy-16/msr20/mc20/libc.a(vuprintf.o)
 .any.text.vuprintf
                0x0000e4f4      0x742 /usr/local/bin/../lib/gcc/msp430/4.7.2/../../../../msp430/lib/mcpu-430x/mmpy-16/msr20/mc20/libc.a(vuprintf.o)
                0x0000e4f4                vuprintf
 .any.text.puts
                0x0000ec36       0x2c /usr/local/bin/../lib/gcc/msp430/4.7.2/../../../../msp430/lib/mcpu-430x/mmpy-16/msr20/mc20/libc.a(puts.o)
                0x0000ec36                puts
 .any.text.rand
                0x0000ec62       0x26 /usr/local/bin/../lib/gcc/msp430/4.7.2/../../../../msp430/lib/mcpu-430x/mmpy-16/msr20/mc20/libc.a(rand.o)
                0x0000ec62                rand
 .any.text.srand
                0x0000ec88        0xa /usr/local/bin/../lib/gcc/msp430/4.7.2/../../../../msp430/lib/mcpu-430x/mmpy-16/msr20/mc20/libc.a(rand.o)
                0x0000ec88                srand
 .any.text.strchr
                0x0000ec92       0x16 /usr/local/bin/../lib/gcc/msp430/4.7.2/../../../../msp430/lib/mcpu-430x/mmpy-16/msr20/mc20/libc.a(strchr.o)
                0x0000ec92                strchr
 .any.text.memchr
                0x0000eca8       0x1e /usr/local/bin/../lib/gcc/msp430/4.7.2/../../../../msp430/lib/mcpu-430x/mmpy-16/msr20/mc20/libc.a(memchr.o)
                0x0000eca8                memchr
 .any.text.strncmp
                0x0000ecc6       0x2a /usr/local/bin/../lib/gcc/msp430/4.7.2/../../../../msp430/lib/mcpu-430x/mmpy-16/msr20/mc20/libc.a(strncmp.o)
                0x0000ecc6                strncmp
 .any.text.memcmp
                0x0000ecf0       0x2c /usr/local/bin/../lib/gcc/msp430/4.7.2/../../../../msp430/lib/mcpu-430x/mmpy-16/msr20/mc20/libc.a(memcmp.o)
                0x0000ecf0                memcmp
 .any.text.strncpy
                0x0000ed1c       0x2a /usr/local/bin/../lib/gcc/msp430/4.7.2/../../../../msp430/lib/mcpu-430x/mmpy-16/msr20/mc20/libc.a(strncpy.o)
                0x0000ed1c                strncpy
 .any.text.memcpy
                0x0000ed46       0xe8 /usr/local/bin/../lib/gcc/msp430/4.7.2/../../../../msp430/lib/mcpu-430x/mmpy-16/msr20/mc20/libc.a(memcpy.o)
                0x0000ed46                memcpy
 .any.text.memmove
                0x0000ee2e       0xe8 /usr/local/bin/../lib/gcc/msp430/4.7.2/../../../../msp430/lib/mcpu-430x/mmpy-16/msr20/mc20/libc.a(memmove.o)
                0x0000ee2e                memmove
 .any.text.memset
                0x0000ef16       0x5c /usr/local/bin/../lib/gcc/msp430/4.7.2/../../../../msp430/lib/mcpu-430x/mmpy-16/msr20/mc20/libc.a(memset.o)
                0x0000ef16                memset

.rodata         0x0000ef74      0x8df
                0x0000ef74                . = ALIGN (0x2)
 *(.rodata .rodata.* .gnu.linkonce.r.*)
 .rodata.process_thread_rest_server
                0x0000ef74       0x71 subscriber0.co
 *fill*         0x0000efe5        0x1 00
 .rodata.autostart_processes
                0x0000efe6        0x4 subscriber0.co
                0x0000efe6                autostart_processes
 .rodata        0x0000efea        0xe subscriber0.co
 .rodata.get_handler
                0x0000eff8        0x4 obj_z1/res-battery.o
 .rodata.periodic_handler
                0x0000effc       0x11 obj_z1/res-battery.o
 .rodata        0x0000f00d       0x28 obj_z1/res-battery.o
 .rodata.get_handler
                0x0000f035       0x38 obj_z1/res-luminosity.o
 .rodata        0x0000f06d       0x27 obj_z1/res-luminosity.o
 .rodata.get_handler
                0x0000f094       0x3c obj_z1/res-temperature.o
 .rodata        0x0000f0d0       0x29 obj_z1/res-temperature.o
 .rodata.get_handler
                0x0000f0f9       0x36 obj_z1/res-humidity.o
 .rodata        0x0000f12f       0x23 obj_z1/res-humidity.o
 .rodata.stampa
                0x0000f152        0xc obj_z1/common.o
 .rodata        0x0000f15e      0x149 obj_z1/contiki-z1-main.o
 .rodata.coap_serialize_message
                0x0000f2a7       0x2f contiki-z1.a(er-coap.o)
 .rodata.coap_parse_message
                0x0000f2d6       0x7f contiki-z1.a(er-coap.o)
 .rodata        0x0000f355        0x1 contiki-z1.a(er-coap.o)
 .rodata.process_thread_coap_engine
                0x0000f356       0x52 contiki-z1.a(er-coap-engine.)
 .rodata        0x0000f3a8       0x14 contiki-z1.a(er-coap-engine.)
 .rodata.coap_rest_implementation
                0x0000f3bc       0xb6 contiki-z1.a(er-coap-engine.)
                0x0000f3bc                coap_rest_implementation
 .rodata.coap_notify_observers_sub
                0x0000f472       0x11 contiki-z1.a(er-coap-observe)
 .rodata.coap_observe_handler
                0x0000f483       0x11 contiki-z1.a(er-coap-observe)
 .rodata.well_known_core_get_handler
                0x0000f494       0x13 contiki-z1.a(er-coap-res-wel)
 .rodata        0x0000f4a7        0x6 contiki-z1.a(er-coap-res-wel)
 .rodata.classify_notification
                0x0000f4ad       0x4f contiki-z1.a(er-coap-observe)
 .rodata.coap_get_obs_subject_by_token
                0x0000f4fc       0x1e contiki-z1.a(er-coap-observe)
 .rodata.coap_handle_notification
                0x0000f51a       0xe0 contiki-z1.a(er-coap-observe)
 .rodata        0x0000f5fa        0xc contiki-z1.a(rest-engine.o)
 *fill*         0x0000f606        0x2 00
 .rodata.get_value
                0x0000f608       0x44 contiki-z1.a(cc2420.o)
 .rodata.set_value
                0x0000f64c       0x20 contiki-z1.a(cc2420.o)
 .rodata.cc2420_driver
                0x0000f66c       0x38 contiki-z1.a(cc2420.o)
                0x0000f66c                cc2420_driver
 .rodata        0x0000f6a4        0xe contiki-z1.a(cc2420.o)
 .rodata.output_power
                0x0000f6b2       0x10 contiki-z1.a(cc2420.o)
 .rodata        0x0000f6c2        0x8 contiki-z1.a(sensors.o)