Archive member included because of file (symbol)

contiki-z1.a(er-coap.o)       obj_z1/res-battery.o (coap_get_header_accept)
contiki-z1.a(er-coap-engine.)
                              obj_z1/res-battery.o (coap_rest_implementation)
contiki-z1.a(er-coap-transac)
                              contiki-z1.a(er-coap-engine.) (coap_register_as_transaction_handler)
contiki-z1.a(er-coap-observe)
                              contiki-z1.a(er-coap-transac) (coap_remove_observer_by_client)
contiki-z1.a(er-coap-res-wel)
                              contiki-z1.a(er-coap-engine.) (res_well_known_core)
contiki-z1.a(er-coap-observe)
                              contiki-z1.a(er-coap-engine.) (coap_handle_notification)
contiki-z1.a(rest-engine.o)   subscriber0.co (rest_init_engine)
contiki-z1.a(contiki-z1-plat)
                              obj_z1/contiki-z1-main.o (init_platform)
contiki-z1.a(msp430.o)        obj_z1/contiki-z1-main.o (splhigh_)
contiki-z1.a(leds.o)          obj_z1/contiki-z1-main.o (leds_init)
contiki-z1.a(watchdog.o)      obj_z1/contiki-z1-main.o (watchdog_start)
contiki-z1.a(xmem.o)          obj_z1/contiki-z1-main.o (xmem_init)
contiki-z1.a(spi.o)           contiki-z1.a(xmem.o) (spi_init)
contiki-z1.a(cc2420.o)        obj_z1/contiki-z1-main.o (cc2420_set_pan_addr)
contiki-z1.a(cc2420-arch.o)   contiki-z1.a(cc2420.o) (cc2420_arch_init)
contiki-z1.a(node-id.o)       obj_z1/contiki-z1-main.o (node_id_restore)
contiki-z1.a(sensors.o)       subscriber0.co (sensors_event)
contiki-z1.a(button-sensor.o)
                              subscriber0.co (button_sensor)
contiki-z1.a(uart0.o)         obj_z1/contiki-z1-main.o (uart0_active)
contiki-z1.a(uart0-putchar.o)
                              obj_z1/common.o (putchar)
contiki-z1.a(z1-sensors.o)    contiki-z1.a(sensors.o) (sensors_flags)
contiki-z1.a(adxl345.o)       obj_z1/contiki-z1-main.o (adxl345)
contiki-z1.a(temperature-sen)
                              subscriber0.co (temperature_sensor)
contiki-z1.a(battery-sensor.)
                              subscriber0.co (battery_sensor)
contiki-z1.a(sky-sensors.o)   contiki-z1.a(temperature-sen) (sky_sensors_status)
contiki-z1.a(tmp102.o)        contiki-z1.a(z1-sensors.o) (tmp102)
contiki-z1.a(clock.o)         obj_z1/contiki-z1-main.o (clock_init)
contiki-z1.a(leds-arch.o)     contiki-z1.a(leds.o) (leds_arch_init)
contiki-z1.a(rtimer-arch.o)   obj_z1/contiki-z1-main.o (rtimer_arch_now)
contiki-z1.a(autostart.o)     obj_z1/contiki-z1-main.o (autostart_start)
contiki-z1.a(ctimer.o)        obj_z1/contiki-z1-main.o (ctimer_init)
contiki-z1.a(energest.o)      obj_z1/contiki-z1-main.o (energest_init)
contiki-z1.a(etimer.o)        contiki-z1.a(clock.o) (etimer_request_poll)
contiki-z1.a(process.o)       subscriber0.co (process_current)
contiki-z1.a(rtimer.o)        obj_z1/contiki-z1-main.o (rtimer_init)
contiki-z1.a(timer.o)         contiki-z1.a(button-sensor.o) (timer_set)
contiki-z1.a(list.o)          contiki-z1.a(rest-engine.o) (list_init)
contiki-z1.a(memb.o)          contiki-z1.a(er-coap-transac) (memb_alloc)
contiki-z1.a(random.o)        obj_z1/contiki-z1-main.o (random_init)
contiki-z1.a(uip-ds6.o)       obj_z1/common.o (uip_ds6_if)
contiki-z1.a(uip-ds6-route.o)
                              contiki-z1.a(uip-ds6.o) (uip_ds6_route_init)
contiki-z1.a(uip6.o)          contiki-z1.a(er-coap-engine.) (uip_aligned_buf)
contiki-z1.a(uip-ds6-nbr.o)   contiki-z1.a(uip-ds6.o) (uip_ds6_neighbors_init)
contiki-z1.a(uip-nd6.o)       contiki-z1.a(uip6.o) (uip_nd6_init)
contiki-z1.a(sicslowpan.o)    obj_z1/contiki-z1-main.o (sicslowpan_driver)
contiki-z1.a(uip-debug.o)     obj_z1/common.o (uip_debug_ipaddr_print)
contiki-z1.a(uip-udp-packet.)
                              contiki-z1.a(er-coap.o) (uip_udp_packet_send)
contiki-z1.a(tcpip.o)         contiki-z1.a(sicslowpan.o) (tcpip_set_outputfunc)
contiki-z1.a(rpl-dag.o)       contiki-z1.a(tcpip.o) (rpl_repair_root)
contiki-z1.a(rpl-timers.o)    contiki-z1.a(rpl-dag.o) (rpl_reset_dio_timer)
contiki-z1.a(rpl-ext-header.)
                              contiki-z1.a(uip6.o) (rpl_verify_hbh_header)
contiki-z1.a(rpl.o)           contiki-z1.a(rpl-timers.o) (rpl_get_mode)
contiki-z1.a(rpl-mrhof.o)     contiki-z1.a(rpl-dag.o) (rpl_mrhof)
contiki-z1.a(rpl-icmp6.o)     contiki-z1.a(rpl-dag.o) (rpl_icmp6_update_nbr_table)
contiki-z1.a(queuebuf.o)      obj_z1/contiki-z1-main.o (queuebuf_init)
contiki-z1.a(nbr-table.o)     contiki-z1.a(uip-ds6-route.o) (nbr_table_register)
contiki-z1.a(packetbuf.o)     contiki-z1.a(cc2420.o) (packetbuf_set_datalen)
contiki-z1.a(linkaddr.o)      obj_z1/contiki-z1-main.o (linkaddr_copy)
contiki-z1.a(link-stats.o)    contiki-z1.a(rpl-dag.o) (link_stats_from_lladdr)
contiki-z1.a(nullmac.o)       obj_z1/contiki-z1-main.o (nullmac_driver)
contiki-z1.a(framer-802154.o)
                              contiki-z1.a(sicslowpan.o) (framer_802154)
contiki-z1.a(nullrdc.o)       obj_z1/contiki-z1-main.o (nullrdc_driver)
[...]
Memory Configuration

Name             Origin             Length             Attributes
sfr              0x00000000         0x00000010
peripheral_8bit  0x00000010         0x000000f0
peripheral_16bit 0x00000100         0x00000100
ram_mirror       0x00000200         0x00000800         xw
infomem          0x00001000         0x00000100
infod            0x00001000         0x00000040
infoc            0x00001040         0x00000040
infob            0x00001080         0x00000040
infoa            0x000010c0         0x00000040
ram              0x00001100         0x00002000         xw
rom              0x00003100         0x0000cebe         xr
vectors          0x0000ffc0         0x00000040
far_rom          0x00010000         0x0000a000
bsl              0x00000000         0x00000000
ram2             0x00000000         0x00000000         xw
usbram           0x00000000         0x00000000         xw
*default*        0x00000000         0xffffffff

Linker script and memory map

LOAD /usr/local/bin/../lib/gcc/msp430/4.7.2/mcpu-430x/mmpy-16/msr20/mc20/crt0ivtbl32.o
                0x00000041                __P1SEL2 = 0x41
                0x00000045                __P5SEL2 = 0x45
LOAD subscriber0.co
LOAD obj_z1/res-battery.o
LOAD obj_z1/res-sinusoid.o
LOAD obj_z1/res-luminosity.o
LOAD obj_z1/res-temperature.o
LOAD obj_z1/res-humidity.o
LOAD obj_z1/common.o
LOAD obj_z1/contiki-z1-main.o
LOAD contiki-z1.a
LOAD /usr/local/bin/../lib/gcc/msp430/4.7.2/mcpu-430x/mmpy-16/msr20/mc20/libgcc.a
LOAD /usr/local/bin/../lib/gcc/msp430/4.7.2/../../../../msp430/lib/mcpu-430x/mmpy-16/msr20/mc20/libc.a
LOAD /usr/local/bin/../lib/gcc/msp430/4.7.2/mcpu-430x/mmpy-16/msr20/mc20/libgcc.a
LOAD /usr/local/bin/../lib/gcc/msp430/4.7.2/mcpu-430x/mmpy-16/msr20/mc20/libcrt0.a
                0x00000040                PROVIDE (__info_segment_size, 0x40)
                0x00001000                PROVIDE (__infod, 0x1000)
                0x00001040                PROVIDE (__infoc, 0x1040)
                0x00001080                PROVIDE (__infob, 0x1080)
                0x000010c0                PROVIDE (__infoa, 0x10c0)
                0x00000000                __IE1 = 0x0
                0x00000002                __IFG1 = 0x2
                0x00000001                __IE2 = 0x1
                0x00000003                __IFG2 = 0x3
                0x00000006                __UC1IE = 0x6
                0x00000007                __UC1IFG = 0x7
                0x000001a0                __ADC12CTL0 = 0x1a0
                0x000001a2                __ADC12CTL1 = 0x1a2
                0x000001a4                __ADC12IFG = 0x1a4
                0x000001a6                __ADC12IE = 0x1a6
                0x000001a8                __ADC12IV = 0x1a8
                0x00000140                __ADC12MEM0 = 0x140
                0x00000142                __ADC12MEM1 = 0x142
                0x00000144                __ADC12MEM2 = 0x144
                0x00000146                __ADC12MEM3 = 0x146
                0x00000148                __ADC12MEM4 = 0x148
                0x0000014a                __ADC12MEM5 = 0x14a
                0x0000014c                __ADC12MEM6 = 0x14c
                0x0000014e                __ADC12MEM7 = 0x14e
                0x00000150                __ADC12MEM8 = 0x150
                0x00000152                __ADC12MEM9 = 0x152
                0x00000154                __ADC12MEM10 = 0x154
                0x00000156                __ADC12MEM11 = 0x156
                0x00000158                __ADC12MEM12 = 0x158
                0x0000015a                __ADC12MEM13 = 0x15a
                0x0000015c                __ADC12MEM14 = 0x15c
                0x0000015e                __ADC12MEM15 = 0x15e
                0x00000080                __ADC12MCTL0 = 0x80
                0x00000081                __ADC12MCTL1 = 0x81
                0x00000082                __ADC12MCTL2 = 0x82
                0x00000083                __ADC12MCTL3 = 0x83
                0x00000084                __ADC12MCTL4 = 0x84
                0x00000085                __ADC12MCTL5 = 0x85
                0x00000086                __ADC12MCTL6 = 0x86
                0x00000087                __ADC12MCTL7 = 0x87
                0x00000088                __ADC12MCTL8 = 0x88
                0x00000089                __ADC12MCTL9 = 0x89
                0x0000008a                __ADC12MCTL10 = 0x8a
                0x0000008b                __ADC12MCTL11 = 0x8b
                0x0000008c                __ADC12MCTL12 = 0x8c
                0x0000008d                __ADC12MCTL13 = 0x8d
                0x0000008e                __ADC12MCTL14 = 0x8e
                0x0000008f                __ADC12MCTL15 = 0x8f
                0x00000056                __DCOCTL = 0x56
                0x00000057                __BCSCTL1 = 0x57
                0x00000058                __BCSCTL2 = 0x58
                0x00000053                __BCSCTL3 = 0x53
                0x00000059                __CACTL1 = 0x59
                0x0000005a                __CACTL2 = 0x5a
                0x0000005b                __CAPD = 0x5b
                0x000001c0                __DAC12_0CTL = 0x1c0
                0x000001c2                __DAC12_1CTL = 0x1c2
                0x000001c8                __DAC12_0DAT = 0x1c8
                0x000001ca                __DAC12_1DAT = 0x1ca
                0x00000122                __DMACTL0 = 0x122
                0x00000124                __DMACTL1 = 0x124
                0x00000126                __DMAIV = 0x126
                0x000001d0                __DMA0CTL = 0x1d0
                0x000001dc                __DMA1CTL = 0x1dc
                0x000001e8                __DMA2CTL = 0x1e8
                0x000001d2                __DMA0SA = 0x1d2
                0x000001d2                __DMA0SAL = 0x1d2
                0x000001d6                __DMA0DA = 0x1d6
                0x000001d6                __DMA0DAL = 0x1d6
                0x000001da                __DMA0SZ = 0x1da
                0x000001de                __DMA1SA = 0x1de
                0x000001de                __DMA1SAL = 0x1de
                0x000001e2                __DMA1DA = 0x1e2
                0x000001e2                __DMA1DAL = 0x1e2
                0x000001e6                __DMA1SZ = 0x1e6
                0x000001ea                __DMA2SA = 0x1ea
                0x000001ea                __DMA2SAL = 0x1ea
                0x000001ee                __DMA2DA = 0x1ee
                0x000001ee                __DMA2DAL = 0x1ee
                0x000001f2                __DMA2SZ = 0x1f2
                0x00000128                __FCTL1 = 0x128
                0x0000012a                __FCTL2 = 0x12a
                0x0000012c                __FCTL3 = 0x12c
                0x000001be                __FCTL4 = 0x1be
                0x00000130                __MPY = 0x130
                0x00000132                __MPYS = 0x132
                0x00000134                __MAC = 0x134
                0x00000136                __MACS = 0x136
                0x00000138                __OP2 = 0x138
                0x0000013a                __RESLO = 0x13a
                0x0000013c                __RESHI = 0x13c
                0x0000013e                __SUMEXT = 0x13e
                0x00000020                __P1IN = 0x20
                0x00000021                __P1OUT = 0x21
                0x00000022                __P1DIR = 0x22
                0x00000023                __P1IFG = 0x23
                0x00000024                __P1IES = 0x24
                0x00000025                __P1IE = 0x25
                0x00000026                __P1SEL = 0x26
                0x00000027                __P1REN = 0x27
                0x00000028                __P2IN = 0x28
                0x00000029                __P2OUT = 0x29
                0x0000002a                __P2DIR = 0x2a
                0x0000002b                __P2IFG = 0x2b
                0x0000002c                __P2IES = 0x2c
                0x0000002d                __P2IE = 0x2d
                0x0000002e                __P2SEL = 0x2e
                0x0000002f                __P2REN = 0x2f
                0x00000018                __P3IN = 0x18
                0x00000019                __P3OUT = 0x19
                0x0000001a                __P3DIR = 0x1a
                0x0000001b                __P3SEL = 0x1b
                0x00000010                __P3REN = 0x10
                0x0000001c                __P4IN = 0x1c
                0x0000001d                __P4OUT = 0x1d
                0x0000001e                __P4DIR = 0x1e
                0x0000001f                __P4SEL = 0x1f
                0x00000011                __P4REN = 0x11
                0x00000030                __P5IN = 0x30
                0x00000031                __P5OUT = 0x31
                0x00000032                __P5DIR = 0x32
                0x00000033                __P5SEL = 0x33
                0x00000012                __P5REN = 0x12
                0x00000034                __P6IN = 0x34
                0x00000035                __P6OUT = 0x35
                0x00000036                __P6DIR = 0x36
                0x00000037                __P6SEL = 0x37
                0x00000013                __P6REN = 0x13
                0x00000038                __P7IN = 0x38
                0x0000003a                __P7OUT = 0x3a
                0x0000003c                __P7DIR = 0x3c
                0x0000003e                __P7SEL = 0x3e
                0x00000014                __P7REN = 0x14
                0x00000039                __P8IN = 0x39
                0x0000003b                __P8OUT = 0x3b
                0x0000003d                __P8DIR = 0x3d
                0x0000003f                __P8SEL = 0x3f
                0x00000015                __P8REN = 0x15
                0x00000038                __PAIN = 0x38
                0x0000003a                __PAOUT = 0x3a
                0x0000003c                __PADIR = 0x3c
                0x0000003e                __PASEL = 0x3e
                0x00000014                __PAREN = 0x14
                0x00000055                __SVSCTL = 0x55
                0x0000012e                __TAIV = 0x12e
                0x00000160                __TACTL = 0x160
                0x00000162                __TACCTL0 = 0x162
                0x00000164                __TACCTL1 = 0x164
                0x00000166                __TACCTL2 = 0x166
                0x00000170                __TAR = 0x170
                0x00000172                __TACCR0 = 0x172
                0x00000174                __TACCR1 = 0x174
                0x00000176                __TACCR2 = 0x176
                0x0000011e                __TBIV = 0x11e
                0x00000180                __TBCTL = 0x180
                0x00000182                __TBCCTL0 = 0x182
                0x00000184                __TBCCTL1 = 0x184
                0x00000186                __TBCCTL2 = 0x186
                0x00000188                __TBCCTL3 = 0x188
                0x0000018a                __TBCCTL4 = 0x18a
                0x0000018c                __TBCCTL5 = 0x18c
                0x0000018e                __TBCCTL6 = 0x18e
                0x00000190                __TBR = 0x190
                0x00000192                __TBCCR0 = 0x192
                0x00000194                __TBCCR1 = 0x194
                0x00000196                __TBCCR2 = 0x196
                0x00000198                __TBCCR3 = 0x198
                0x0000019a                __TBCCR4 = 0x19a
                0x0000019c                __TBCCR5 = 0x19c
                0x0000019e                __TBCCR6 = 0x19e
                0x00000060                __UCA0CTL0 = 0x60
                0x00000061                __UCA0CTL1 = 0x61
                0x00000062                __UCA0BR0 = 0x62
                0x00000063                __UCA0BR1 = 0x63
                0x00000064                __UCA0MCTL = 0x64
                0x00000065                __UCA0STAT = 0x65
                0x00000066                __UCA0RXBUF = 0x66
                0x00000067                __UCA0TXBUF = 0x67
                0x0000005d                __UCA0ABCTL = 0x5d
                0x0000005e                __UCA0IRTCTL = 0x5e
                0x0000005f                __UCA0IRRCTL = 0x5f
                0x00000068                __UCB0CTL0 = 0x68
                0x00000069                __UCB0CTL1 = 0x69
                0x0000006a                __UCB0BR0 = 0x6a
                0x0000006b                __UCB0BR1 = 0x6b
                0x0000006c                __UCB0I2CIE = 0x6c
                0x0000006d                __UCB0STAT = 0x6d
                0x0000006e                __UCB0RXBUF = 0x6e
                0x0000006f                __UCB0TXBUF = 0x6f
                0x00000118                __UCB0I2COA = 0x118
                0x0000011a                __UCB0I2CSA = 0x11a
                0x000000d0                __UCA1CTL0 = 0xd0
                0x000000d1                __UCA1CTL1 = 0xd1
                0x000000d2                __UCA1BR0 = 0xd2
                0x000000d3                __UCA1BR1 = 0xd3
                0x000000d4                __UCA1MCTL = 0xd4
                0x000000d5                __UCA1STAT = 0xd5
                0x000000d6                __UCA1RXBUF = 0xd6
                0x000000d7                __UCA1TXBUF = 0xd7
                0x000000cd                __UCA1ABCTL = 0xcd
                0x000000ce                __UCA1IRTCTL = 0xce
                0x000000cf                __UCA1IRRCTL = 0xcf
                0x000000d8                __UCB1CTL0 = 0xd8
                0x000000d9                __UCB1CTL1 = 0xd9
                0x000000da                __UCB1BR0 = 0xda
                0x000000db                __UCB1BR1 = 0xdb
                0x000000dc                __UCB1I2CIE = 0xdc
                0x000000dd                __UCB1STAT = 0xdd
                0x000000de                __UCB1RXBUF = 0xde
                0x000000df                __UCB1TXBUF = 0xdf
                0x0000017c                __UCB1I2COA = 0x17c
                0x0000017e                __UCB1I2CSA = 0x17e
                0x00000120                __WDTCTL = 0x120
                0x000010c0                __TLV_CHECKSUM = 0x10c0
                0x000010f6                __TLV_DCO_30_TAG = 0x10f6
                0x000010f7                __TLV_DCO_30_LEN = 0x10f7
                0x000010da                __TLV_ADC12_1_TAG = 0x10da
                0x000010db                __TLV_ADC12_1_LEN = 0x10db
                0x000010f8                __CALDCO_16MHZ = 0x10f8
                0x000010f9                __CALBC1_16MHZ = 0x10f9
                0x000010fa                __CALDCO_12MHZ = 0x10fa
                0x000010fb                __CALBC1_12MHZ = 0x10fb
                0x000010fc                __CALDCO_8MHZ = 0x10fc
                0x000010fd                __CALBC1_8MHZ = 0x10fd
                0x000010fe                __CALDCO_1MHZ = 0x10fe
                0x000010ff                __CALBC1_1MHZ = 0x10ff

.hash
 *(.hash)

.dynsym
 *(.dynsym)

.dynstr
 *(.dynstr)

.gnu.version
 *(.gnu.version)

.gnu.version_d
 *(.gnu.version_d)

.gnu.version_r
 *(.gnu.version_r)

.rel.init
 *(.rel.init)

.rela.init
 *(.rela.init)

.rel.fini
 *(.rel.fini)

.rela.fini
 *(.rela.fini)

.rel.text
 *(.rel.text .rel.text.* .rel.gnu.linkonce.t.*)

.rela.text
 *(.rela.text .rela.text.* .rela.gnu.linkonce.t.*)

.rel.rodata
 *(.rel.rodata .rel.rodata.* .rel.gnu.linkonce.r.*)

.rela.rodata
 *(.rela.rodata .rela.rodata.* .rela.gnu.linkonce.r.*)

.rel.data
 *(.rel.data .rel.data.* .rel.gnu.linkonce.d.*)

.rela.data
 *(.rela.data .rela.data.* .rela.gnu.linkonce.d.*)

.rel.bss
 *(.rel.bss .rel.bss.* .rel.gnu.linkonce.b.*)

.rela.bss
 *(.rela.bss .rela.bss.* .rela.gnu.linkonce.b.*)

.rel.ctors
 *(.rel.ctors)

.rela.ctors
 *(.rela.ctors)

.rel.dtors
 *(.rel.dtors)

.rela.dtors
 *(.rela.dtors)

.rel.got
 *(.rel.got)

.rela.got
 *(.rela.got)

.rel.plt
 *(.rel.plt)

.rela.plt
 *(.rela.plt)

.text           0x00003100     0xb8ca
                0x00003100                . = ALIGN (0x2)
 *(.init .init.*)
 *(.init0)
 .init0         0x00003100        0x0 /usr/local/bin/../lib/gcc/msp430/4.7.2/mcpu-430x/mmpy-16/msr20/mc20/libcrt0.a(_reset_vector__.o)
                0x00003100                _reset_vector__
 *(.init1)
 .init1         0x00003100        0xc /usr/local/bin/../lib/gcc/msp430/4.7.2/mcpu-430x/mmpy-16/msr20/mc20/libcrt0.a(__watchdog_support.o)
                0x00003100                __watchdog_support
 *(.init2)
 .init2         0x0000310c        0x4 /usr/local/bin/../lib/gcc/msp430/4.7.2/mcpu-430x/mmpy-16/msr20/mc20/libcrt0.a(__init_stack.o)
                0x0000310c                __init_stack
 *(.init3)
 .init3         0x00003110        0x0 /usr/local/bin/../lib/gcc/msp430/4.7.2/mcpu-430x/mmpy-16/msr20/mc20/libcrt0.a(__low_level_init.o)
                0x00003110                __low_level_init
 *(.init4)
 .init4         0x00003110       0x18 /usr/local/bin/../lib/gcc/msp430/4.7.2/mcpu-430x/mmpy-16/msr20/mc20/libcrt0.a(_copy_data.o)
                0x00003110                __do_copy_data
 .init4         0x00003128       0x16 /usr/local/bin/../lib/gcc/msp430/4.7.2/mcpu-430x/mmpy-16/msr20/mc20/libcrt0.a(_clear_bss.o)
                0x00003128                __do_clear_bss
 *(.init5)
 *(.init6)
 *(.init7)
 *(.init8)
 *(.init9)
 .init9         0x0000313e      0x36a obj_z1/contiki-z1-main.o
                0x0000313e                main
 *(.fini9)
 .fini9         0x000034a8        0x0 /usr/local/bin/../lib/gcc/msp430/4.7.2/mcpu-430x/mmpy-16/msr20/mc20/libcrt0.a(__stop_progExec__.o)
                0x000034a8                __stop_progExec__
 *(.fini8)
 *(.fini7)
 *(.fini6)
 *(.fini5)
 *(.fini4)
 *(.fini3)
 *(.fini2)
 *(.fini1)
 *(.fini0)
 .fini0         0x000034a8        0x6 /usr/local/bin/../lib/gcc/msp430/4.7.2/mcpu-430x/mmpy-16/msr20/mc20/libcrt0.a(_endless_loop__.o)
                0x000034a8                _endless_loop__
 *(.fini .fini.*)
                0x000034ae                . = ALIGN (0x2)
                0x000034ae                __ctors_start = .
 *(.ctors)
                0x000034ae                __ctors_end = .
                0x000034ae                __dtors_start = .
 *(.dtors)
                0x000034ae                __dtors_end = .
                0x000034ae                . = ALIGN (0x2)
 *(.text .text.* .gnu.linkonce.t.*)
 .text          0x000034ae        0x4 /usr/local/bin/../lib/gcc/msp430/4.7.2/mcpu-430x/mmpy-16/msr20/mc20/crt0ivtbl32.o
                0x000034ae                __isr_14
                0x000034ae                __isr_4
                0x000034ae                __isr_29
                0x000034ae                __isr_11
                0x000034ae                __isr_5
                0x000034ae                __isr_2
                0x000034ae                __isr_10
                0x000034ae                __isr_7
                0x000034ae                __isr_0
                0x000034ae                __isr_28
                0x000034ae                __isr_8
                0x000034ae                __isr_20
                0x000034ae                __isr_3
                0x000034ae                __isr_12
                0x000034ae                __isr_13
                0x000034ae                __isr_27
                0x000034ae                __isr_9
                0x000034ae                __isr_30
                0x000034ae                __isr_6
                0x000034ae                __isr_22
                0x000034ae                __isr_1
                0x000034ae                __isr_15
                0x000034ae                __isr_21
 .text.libgcc   0x000034b2       0x26 /usr/local/bin/../lib/gcc/msp430/4.7.2/mcpu-430x/mmpy-16/msr20/mc20/libgcc.a(_mulsi3.o)
                0x000034b2                __mulsi3
 .text.libgcc   0x000034d8       0x22 /usr/local/bin/../lib/gcc/msp430/4.7.2/mcpu-430x/mmpy-16/msr20/mc20/libgcc.a(_udivmod16.o)
                0x000034d8                __udivhi3
                0x000034d8                __ext_udivmod16
                0x000034f2                __umodhi3
 .text.libgcc   0x000034fa       0x3a /usr/local/bin/../lib/gcc/msp430/4.7.2/mcpu-430x/mmpy-16/msr20/mc20/libgcc.a(_divmod16.o)
                0x000034fa                __ext_divmod16
                0x000034fa                __divhi3
                0x0000352c                __modhi3
 .text.libgcc   0x00003534       0x38 /usr/local/bin/../lib/gcc/msp430/4.7.2/mcpu-430x/mmpy-16/msr20/mc20/libgcc.a(_udivmod32.o)
                0x00003534                __udivsi3
                0x00003534                __ext_udivmod32
                0x00003562                __umodsi3
 .text.libgcc   0x0000356c       0x4c /usr/local/bin/../lib/gcc/msp430/4.7.2/mcpu-430x/mmpy-16/msr20/mc20/libgcc.a(_divmod32.o)
                0x0000356c                __ext_divmod32
                0x0000356c                __divsi3
                0x000035ae                __modsi3
 .text.libgcc   0x000035b8       0xbc /usr/local/bin/../lib/gcc/msp430/4.7.2/mcpu-430x/mmpy-16/msr20/mc20/libgcc.a(_udivmod64.o)
                0x000035b8                __xabi_udivmod64
                0x0000360a                __udivdi3
                0x00003624                __umoddi3
                0x00003646                __udivmoddi4
 .text.crt0     0x00003674        0x2 /usr/local/bin/../lib/gcc/msp430/4.7.2/mcpu-430x/mmpy-16/msr20/mc20/libcrt0.a(_unexpected_.o)
                0x00003674                _unexpected_
 *(.near.text .near.text.*)
 .near.text.watchdog_interrupt
                0x00003676        0x6 contiki-z1.a(watchdog.o)
                0x00003676                __isr_26
                0x00003676                watchdog_interrupt
 .near.text.irq_p2
                0x0000367c       0x76 contiki-z1.a(button-sensor.o)
                0x0000367c                irq_p2
                0x0000367c                __isr_19
 .near.text.uart0_rx_interrupt
                0x000036f2       0x64 contiki-z1.a(uart0.o)
                0x000036f2                __isr_23
                0x000036f2                uart0_rx_interrupt
 .near.text.port1_isr
                0x00003756       0xbe contiki-z1.a(adxl345.o)
                0x00003756                port1_isr
                0x00003756                __isr_18
 .near.text.timera1
                0x00003814      0x10a contiki-z1.a(clock.o)
                0x00003814                __isr_24
                0x00003814                timera1
 .near.text.timera0
                0x0000391e       0x5c contiki-z1.a(rtimer-arch.o)
                0x0000391e                __isr_25
                0x0000391e                timera0
 .near.text.i2c_tx_interrupt
                0x0000397a       0x84 contiki-z1.a(i2cmaster.o)
                0x0000397a                __isr_16
                0x0000397a                i2c_tx_interrupt
 .near.text.i2c_rx_interrupt
                0x000039fe       0x14 contiki-z1.a(i2cmaster.o)
                0x000039fe                i2c_rx_interrupt
                0x000039fe                __isr_17
 .any.text.process_thread_rest_server
                0x00003a12      0x130 subscriber0.co
 .any.text.get_handler
                0x00003b42       0x7a obj_z1/res-battery.o
 .any.text.periodic_handler
                0x00003bbc       0x60 obj_z1/res-battery.o
 .any.text.get_handler
                0x00003c1c      0x19a obj_z1/res-temperature.o
 .any.text.periodic_handler
                0x00003db6      0x162 obj_z1/res-temperature.o
 .any.text.reduceBattery
                0x00003f18       0x3a obj_z1/common.o
                0x00003f18                reduceBattery
 .any.text.stampa
                0x00003f52       0x60 obj_z1/common.o
                0x00003f52                stampa
 .any.text.critic_battery
                0x00003fb2        0xc obj_z1/common.o
                0x00003fb2                critic_battery
 .any.text.coap_parse_int_option
                0x00003fbe       0x36 contiki-z1.a(er-coap.o)
 .any.text.coap_get_variable
                0x00003ff4       0x78 contiki-z1.a(er-coap.o)
 .any.text.coap_merge_multi_option
                0x0000406c       0x3a contiki-z1.a(er-coap.o)
 .any.text.coap_set_option_header
                0x000040a6       0xa6 contiki-z1.a(er-coap.o)
 .any.text.coap_serialize_int_option
                0x0000414c       0xb8 contiki-z1.a(er-coap.o)
 .any.text.coap_serialize_array_option.part.0
                0x00004204       0x28 contiki-z1.a(er-coap.o)
 .any.text.coap_serialize_array_option
                0x0000422c       0x82 contiki-z1.a(er-coap.o)
 .any.text.coap_init_connection
                0x000042ae       0x22 contiki-z1.a(er-coap.o)
                0x000042ae                coap_init_connection
 .any.text.coap_get_mid
                0x000042d0        0xc contiki-z1.a(er-coap.o)
                0x000042d0                coap_get_mid
 .any.text.coap_init_message
                0x000042dc       0x24 contiki-z1.a(er-coap.o)
                0x000042dc                coap_init_message
 .any.text.coap_serialize_message
                0x00004300      0x3ba contiki-z1.a(er-coap.o)
                0x00004300                coap_serialize_message
 .any.text.coap_send_message
                0x000046ba       0x3e contiki-z1.a(er-coap.o)
                0x000046ba                coap_send_message
 .any.text.coap_parse_message
                0x000046f8      0x4a0 contiki-z1.a(er-coap.o)
                0x000046f8                coap_parse_message
 .any.text.coap_get_query_variable
                0x00004b98       0x1c contiki-z1.a(er-coap.o)
                0x00004b98                coap_get_query_variable
 .any.text.coap_get_post_variable
                0x00004bb4       0x20 contiki-z1.a(er-coap.o)
                0x00004bb4                coap_get_post_variable
 .any.text.coap_set_status_code
                0x00004bd4       0x12 contiki-z1.a(er-coap.o)
                0x00004bd4                coap_set_status_code
 .any.text.coap_set_token
                0x00004be6       0x24 contiki-z1.a(er-coap.o)
                0x00004be6                coap_set_token
 .any.text.coap_get_header_content_format
                0x00004c0a       0x16 contiki-z1.a(er-coap.o)
                0x00004c0a                coap_get_header_content_format
 .any.text.coap_set_header_content_format
                0x00004c20        0xe contiki-z1.a(er-coap.o)
                0x00004c20                coap_set_header_content_format
 .any.text.coap_get_header_accept
                0x00004c2e       0x14 contiki-z1.a(er-coap.o)
                0x00004c2e                coap_get_header_accept
 .any.text.coap_get_header_max_age
                0x00004c42       0x24 contiki-z1.a(er-coap.o)
                0x00004c42                coap_get_header_max_age
 .any.text.coap_set_header_max_age
                0x00004c66       0x12 contiki-z1.a(er-coap.o)
                0x00004c66                coap_set_header_max_age
 .any.text.coap_set_header_etag
                0x00004c78       0x2a contiki-z1.a(er-coap.o)
                0x00004c78                coap_set_header_etag
 .any.text.coap_get_header_if_match
                0x00004ca2       0x1a contiki-z1.a(er-coap.o)
                0x00004ca2                coap_get_header_if_match
 .any.text.coap_get_header_if_none_match
                0x00004cbc        0xc contiki-z1.a(er-coap.o)
                0x00004cbc                coap_get_header_if_none_match
 .any.text.coap_get_header_uri_host
                0x00004cc8       0x16 contiki-z1.a(er-coap.o)
                0x00004cc8                coap_get_header_uri_host
 .any.text.coap_get_header_uri_path
                0x00004cde       0x16 contiki-z1.a(er-coap.o)
                0x00004cde                coap_get_header_uri_path
 .any.text.coap_set_header_uri_path
                0x00004cf4       0x2a contiki-z1.a(er-coap.o)
                0x00004cf4                coap_set_header_uri_path
 .any.text.coap_get_header_uri_query
                0x00004d1e       0x16 contiki-z1.a(er-coap.o)
                0x00004d1e                coap_get_header_uri_query
 .any.text.coap_set_header_location_query
                0x00004d34       0x2c contiki-z1.a(er-coap.o)
                0x00004d34                coap_set_header_location_query
 .any.text.coap_set_header_location_path
                0x00004d60       0x5a contiki-z1.a(er-coap.o)
                0x00004d60                coap_set_header_location_path
 .any.text.coap_get_header_observe
                0x00004dba       0x1c contiki-z1.a(er-coap.o)
                0x00004dba                coap_get_header_observe
 .any.text.coap_set_header_observe
                0x00004dd6       0x12 contiki-z1.a(er-coap.o)
                0x00004dd6                coap_set_header_observe
 .any.text.coap_get_header_block2
                0x00004de8       0x4c contiki-z1.a(er-coap.o)
                0x00004de8                coap_get_header_block2
 .any.text.coap_set_header_block2
                0x00004e34       0x42 contiki-z1.a(er-coap.o)
                0x00004e34                coap_set_header_block2
 .any.text.coap_get_header_size2
                0x00004e76       0x1c contiki-z1.a(er-coap.o)
                0x00004e76                coap_get_header_size2
 .any.text.coap_set_header_size2
                0x00004e92       0x12 contiki-z1.a(er-coap.o)
                0x00004e92                coap_set_header_size2
 .any.text.coap_get_payload
                0x00004ea4       0x1a contiki-z1.a(er-coap.o)
                0x00004ea4                coap_get_payload
 .any.text.coap_set_payload
                0x00004ebe       0x16 contiki-z1.a(er-coap.o)
                0x00004ebe                coap_set_payload
 .any.text.coap_set_service_callback
                0x00004ed4        0x6 contiki-z1.a(er-coap-engine.)
                0x00004ed4                coap_set_service_callback
 .any.text.coap_get_rest_method
                0x00004eda       0x16 contiki-z1.a(er-coap-engine.)
                0x00004eda                coap_get_rest_method
 .any.text.process_thread_coap_engine
                0x00004ef0      0x43e contiki-z1.a(er-coap-engine.)
 .any.text.coap_init_engine
                0x0000532e        0xc contiki-z1.a(er-coap-engine.)
                0x0000532e                coap_init_engine
 .any.text.coap_register_as_transaction_handler
                0x0000533a        0x8 contiki-z1.a(er-coap-transac)
                0x0000533a                coap_register_as_transaction_handler
 .any.text.coap_new_transaction
                0x00005342       0x46 contiki-z1.a(er-coap-transac)
                0x00005342                coap_new_transaction
 .any.text.coap_clear_transaction
                0x00005388       0x26 contiki-z1.a(er-coap-transac)
                0x00005388                coap_clear_transaction
 .any.text.coap_send_transaction
                0x000053ae       0xac contiki-z1.a(er-coap-transac)
                0x000053ae                coap_send_transaction
 .any.text.coap_get_transaction_by_mid
                0x0000545a       0x1e contiki-z1.a(er-coap-transac)
                0x0000545a                coap_get_transaction_by_mid
 .any.text.coap_check_transactions
                0x00005478       0x2e contiki-z1.a(er-coap-transac)
                0x00005478                coap_check_transactions
 .any.text.coap_remove_observer
                0x000054a6       0x1c contiki-z1.a(er-coap-observe)
                0x000054a6                coap_remove_observer
 .any.text.coap_remove_observer_by_client
                0x000054c2       0x42 contiki-z1.a(er-coap-observe)
                0x000054c2                coap_remove_observer_by_client
 .any.text.coap_remove_observer_by_token
                0x00005504       0x60 contiki-z1.a(er-coap-observe)
                0x00005504                coap_remove_observer_by_token
 .any.text.coap_remove_observer_by_uri
                0x00005564       0x68 contiki-z1.a(er-coap-observe)
                0x00005564                coap_remove_observer_by_uri
 .any.text.coap_remove_observer_by_mid
                0x000055cc       0x4a contiki-z1.a(er-coap-observe)
                0x000055cc                coap_remove_observer_by_mid
 .any.text.coap_notify_observers_sub
                0x00005616      0x1a2 contiki-z1.a(er-coap-observe)
                0x00005616                coap_notify_observers_sub
 .any.text.coap_notify_observers
                0x000057b8        0x8 contiki-z1.a(er-coap-observe)
                0x000057b8                coap_notify_observers
 .any.text.coap_observe_handler
                0x000057c0      0x114 contiki-z1.a(er-coap-observe)
                0x000057c0                coap_observe_handler
 .any.text.well_known_core_get_handler
                0x000058d4      0x238 contiki-z1.a(er-coap-res-wel)
                0x000058d4                well_known_core_get_handler
 .any.text.simple_reply
                0x00005b0c       0x34 contiki-z1.a(er-coap-observe)
 .any.text.classify_notification
                0x00005b40       0x5a contiki-z1.a(er-coap-observe)
 .any.text.coap_get_obs_subject_by_token
                0x00005b9a       0x4e contiki-z1.a(er-coap-observe)
                0x00005b9a                coap_get_obs_subject_by_token
 .any.text.coap_handle_notification
                0x00005be8       0xbe contiki-z1.a(er-coap-observe)
                0x00005be8                coap_handle_notification
 .any.text.process_thread_rest_engine_process
                0x00005ca6       0xc0 contiki-z1.a(rest-engine.o)
 .any.text.rest_invoke_restful_service
                0x00005d66       0xf8 contiki-z1.a(rest-engine.o)
                0x00005d66                rest_invoke_restful_service
 .any.text.rest_init_engine
                0x00005e5e       0x30 contiki-z1.a(rest-engine.o)
                0x00005e5e                rest_init_engine
 .any.text.rest_activate_resource
                0x00005e8e       0x3e contiki-z1.a(rest-engine.o)
                0x00005e8e                rest_activate_resource
 .any.text.rest_get_resources
                0x00005ecc        0x6 contiki-z1.a(rest-engine.o)
                0x00005ecc                rest_get_resources
 .any.text.init_platform
                0x00005ed2        0xc contiki-z1.a(contiki-z1-plat)
                0x00005ed2                init_platform
 .any.text.msp430_init_dco
                0x00005ede       0x28 contiki-z1.a(msp430.o)
                0x00005ede                msp430_init_dco
 .any.text.splhigh_
                0x00005f06        0x8 contiki-z1.a(msp430.o)
                0x00005f06                splhigh_
 .any.text.msp430_sync_dco
                0x00005f0e       0x6e contiki-z1.a(msp430.o)
                0x00005f0e                msp430_sync_dco
 .any.text.msp430_cpu_init
                0x00005f7c       0x2e contiki-z1.a(msp430.o)
                0x00005f7c                msp430_cpu_init
 .any.text.show_leds
                0x00005faa       0xe8 contiki-z1.a(leds.o)
 .any.text.leds_init
                0x00006092        0xa contiki-z1.a(leds.o)
                0x00006092                leds_init
 .any.text.leds_on
                0x0000609c        0xa contiki-z1.a(leds.o)
                0x0000609c                leds_on
 .any.text.leds_off
                0x000060a6        0xe contiki-z1.a(leds.o)
                0x000060a6                leds_off
 .any.text.watchdog_start
                0x000060b4       0x14 contiki-z1.a(watchdog.o)
                0x000060b4                watchdog_start
 .any.text.watchdog_periodic
                0x000060c8       0x12 contiki-z1.a(watchdog.o)
                0x000060c8                watchdog_periodic
 .any.text.watchdog_stop
                0x000060da       0x16 contiki-z1.a(watchdog.o)
                0x000060da                watchdog_stop
 .any.text.watchdog_init
                0x000060f0       0x12 contiki-z1.a(watchdog.o)
                0x000060f0                watchdog_init
 .any.text.wait_ready
                0x00006102       0x46 contiki-z1.a(xmem.o)
 .any.text.xmem_init
                0x00006148       0x1e contiki-z1.a(xmem.o)
                0x00006148                xmem_init
 .any.text.xmem_pread
                0x00006166       0xc0 contiki-z1.a(xmem.o)
                0x00006166                xmem_pread
 .any.text.spi_init
                0x00006226       0x32 contiki-z1.a(spi.o)
                0x00006226                spi_init
 .any.text.get_object
                0x00006258        0x4 contiki-z1.a(cc2420.o)
 .any.text.set_object
                0x0000625c        0x4 contiki-z1.a(cc2420.o)
 .any.text.strobe
                0x00006260       0x1a contiki-z1.a(cc2420.o)
 .any.text.getreg
                0x0000627a       0x46 contiki-z1.a(cc2420.o)
 .any.text.setreg
                0x000062c0       0x44 contiki-z1.a(cc2420.o)
 .any.text.write_ram
                0x00006304       0x72 contiki-z1.a(cc2420.o)
 .any.text.write_fifo_buf
                0x00006376       0x38 contiki-z1.a(cc2420.o)
 .any.text.get_status
                0x000063ae       0x1e contiki-z1.a(cc2420.o)
 .any.text.set_txpower
                0x000063cc       0x24 contiki-z1.a(cc2420.o)
 .any.text.cc2420_receiving_packet
                0x000063f0        0xa contiki-z1.a(cc2420.o)
 .any.text.pending_packet
                0x000063fa        0xa contiki-z1.a(cc2420.o)
 .any.text.on   0x00006404       0x26 contiki-z1.a(cc2420.o)
 .any.text.wait_for_transmission
                0x0000642a       0x22 contiki-z1.a(cc2420.o)
 .any.text.wait_for_status
                0x0000644c       0x24 contiki-z1.a(cc2420.o)
 .any.text.getrxdata
                0x00006470       0x4c contiki-z1.a(cc2420.o)
 .any.text.flushrx
                0x000064bc       0x1a contiki-z1.a(cc2420.o)
 .any.text.off  0x000064d6       0x5a contiki-z1.a(cc2420.o)
 .any.text.RELEASE_LOCK
                0x00006530       0x28 contiki-z1.a(cc2420.o)
 .any.text.set_frame_filtering
                0x00006558       0x30 contiki-z1.a(cc2420.o)
 .any.text.set_auto_ack
                0x00006588       0x30 contiki-z1.a(cc2420.o)
 .any.text.set_poll_mode
                0x000065b8       0x2c contiki-z1.a(cc2420.o)
 .any.text.cc2420_prepare
                0x000065e4       0x38 contiki-z1.a(cc2420.o)
 .any.text.cc2420_on
                0x0000661c       0x22 contiki-z1.a(cc2420.o)
                0x0000661c                cc2420_on
 .any.text.cc2420_off
                0x0000663e       0x30 contiki-z1.a(cc2420.o)
                0x0000663e                cc2420_off
 .any.text.cc2420_cca
                0x0000666e       0x54 contiki-z1.a(cc2420.o)
 .any.text.cc2420_read
                0x000066c2       0xb8 contiki-z1.a(cc2420.o)
 .any.text.process_thread_cc2420_process
                0x0000677a       0x5c contiki-z1.a(cc2420.o)
 .any.text.cc2420_set_channel
                0x000067d6       0x3a contiki-z1.a(cc2420.o)
                0x000067d6                cc2420_set_channel
 .any.text.cc2420_set_pan_addr
                0x00006810       0x4c contiki-z1.a(cc2420.o)
                0x00006810                cc2420_set_pan_addr
 .any.text.cc2420_interrupt
                0x0000685c       0x16 contiki-z1.a(cc2420.o)
                0x0000685c                cc2420_interrupt
 .any.text.cc2420_set_txpower
                0x00006872        0xe contiki-z1.a(cc2420.o)
                0x00006872                cc2420_set_txpower
 .any.text.cc2420_get_txpower
                0x00006880       0x1e contiki-z1.a(cc2420.o)
                0x00006880                cc2420_get_txpower
 .any.text.cc2420_transmit
                0x0000689e      0x10e contiki-z1.a(cc2420.o)
 .any.text.cc2420_send
                0x000069ac       0x12 contiki-z1.a(cc2420.o)
 .any.text.cc2420_rssi
                0x000069be       0x48 contiki-z1.a(cc2420.o)
                0x000069be                cc2420_rssi
 .any.text.get_value
                0x00006a06      0x104 contiki-z1.a(cc2420.o)
 .any.text.cc2420_set_cca_threshold
                0x00006b0a       0x16 contiki-z1.a(cc2420.o)
                0x00006b0a                cc2420_set_cca_threshold
 .any.text.set_value
                0x00006b20       0xb2 contiki-z1.a(cc2420.o)
 .any.text.cc2420_init
                0x00006bd2       0xea contiki-z1.a(cc2420.o)
                0x00006bd2                cc2420_init
 .any.text.cc2420_arch_init
                0x00006cbc       0x1a contiki-z1.a(cc2420-arch.o)
                0x00006cbc                cc2420_arch_init
 .any.text.node_id_restore
                0x00006cd6       0x4c contiki-z1.a(node-id.o)
                0x00006cd6                node_id_restore
 .any.text.process_thread_sensors_process
                0x00006d22       0xc2 contiki-z1.a(sensors.o)
 .any.text.sensors_changed
                0x00006de4       0x2a contiki-z1.a(sensors.o)
                0x00006de4                sensors_changed
 .any.text.status
                0x00006e0e       0x18 contiki-z1.a(button-sensor.o)
 .any.text.value
                0x00006e26       0x20 contiki-z1.a(button-sensor.o)
 .any.text.configure
                0x00006e46       0x4e contiki-z1.a(button-sensor.o)
 .any.text.uart0_active
                0x00006e94        0xe contiki-z1.a(uart0.o)
                0x00006e94                uart0_active
 .any.text.uart0_writeb
                0x00006ea2       0x16 contiki-z1.a(uart0.o)
                0x00006ea2                uart0_writeb
 .any.text.uart0_init
                0x00006eb8       0x4e contiki-z1.a(uart0.o)
                0x00006eb8                uart0_init
 .any.text.putchar
                0x00006f06       0x10 contiki-z1.a(uart0-putchar.o)
                0x00006f06                putchar
 .any.text.status
                0x00006f16       0x12 contiki-z1.a(adxl345.o)
 .any.text.accm_write_reg
                0x00006f28       0x2e contiki-z1.a(adxl345.o)
 .any.text.accm_write_stream
                0x00006f56       0x2a contiki-z1.a(adxl345.o)
 .any.text.accm_read_reg
                0x00006f80       0x54 contiki-z1.a(adxl345.o)
 .any.text.process_thread_accmeter_process
                0x00006fd4       0x56 contiki-z1.a(adxl345.o)
 .any.text.accm_read_axis.part.0
                0x0000702a       0x5a contiki-z1.a(adxl345.o)
 .any.text.value
                0x00007084       0x1e contiki-z1.a(adxl345.o)
 .any.text.accm_init
                0x000070a2       0x78 contiki-z1.a(adxl345.o)
                0x000070a2                accm_init
 .any.text.accm_stop
                0x0000711a       0x32 contiki-z1.a(adxl345.o)
                0x0000711a                accm_stop
 .any.text.configure
                0x0000714c       0x26 contiki-z1.a(adxl345.o)
 .any.text.value
                0x00007172        0x6 contiki-z1.a(temperature-sen)
 .any.text.status
                0x00007178        0xc contiki-z1.a(temperature-sen)
 .any.text.configure
                0x00007184       0x12 contiki-z1.a(temperature-sen)
 .any.text.value
                0x00007196        0x6 contiki-z1.a(battery-sensor.)
 .any.text.status
                0x0000719c        0xc contiki-z1.a(battery-sensor.)
 .any.text.configure
                0x000071a8       0x12 contiki-z1.a(battery-sensor.)
 .any.text.sky_sensors_status
                0x000071ba       0x3c contiki-z1.a(sky-sensors.o)
                0x000071ba                sky_sensors_status
 .any.text.sky_sensors_configure
                0x000071f6       0xe6 contiki-z1.a(sky-sensors.o)
                0x000071f6                sky_sensors_configure
 .any.text.status
                0x000072dc       0x12 contiki-z1.a(tmp102.o)
 .any.text.tmp102_init
                0x000072ee       0x24 contiki-z1.a(tmp102.o)
                0x000072ee                tmp102_init
 .any.text.tmp102_stop
                0x00007312        0xa contiki-z1.a(tmp102.o)
                0x00007312                tmp102_stop
 .any.text.configure
                0x0000731c       0x26 contiki-z1.a(tmp102.o)
 .any.text.tmp102_read_reg
                0x00007342       0x5e contiki-z1.a(tmp102.o)
                0x00007342                tmp102_read_reg
 .any.text.tmp102_read_temp_x100
                0x000073a0       0x58 contiki-z1.a(tmp102.o)
                0x000073a0                tmp102_read_temp_x100
 .any.text.value
                0x000073f8        0x6 contiki-z1.a(tmp102.o)
 .any.text.clock_time
                0x000073fe       0x1a contiki-z1.a(clock.o)
                0x000073fe                clock_time
 .any.text.clock_init
                0x00007418       0x28 contiki-z1.a(clock.o)
                0x00007418                clock_init
 .any.text.clock_delay
                0x00007440        0xc contiki-z1.a(clock.o)
                0x00007440                clock_delay
 .any.text.clock_wait
                0x0000744c       0x24 contiki-z1.a(clock.o)
                0x0000744c                clock_wait
 .any.text.clock_seconds
                0x00007470       0x1a contiki-z1.a(clock.o)
                0x00007470                clock_seconds
 .any.text.leds_arch_init
                0x0000748a        0xe contiki-z1.a(leds-arch.o)
                0x0000748a                leds_arch_init
 .any.text.leds_arch_set
                0x00007498       0x38 contiki-z1.a(leds-arch.o)
                0x00007498                leds_arch_set
 .any.text.rtimer_arch_init
                0x000074d0        0xe contiki-z1.a(rtimer-arch.o)
                0x000074d0                rtimer_arch_init
 .any.text.rtimer_arch_now
                0x000074de        0xe contiki-z1.a(rtimer-arch.o)
                0x000074de                rtimer_arch_now
 .any.text.rtimer_arch_schedule
                0x000074ec        0x6 contiki-z1.a(rtimer-arch.o)
                0x000074ec                rtimer_arch_schedule
 .any.text.autostart_start
                0x000074f2       0x16 contiki-z1.a(autostart.o)
                0x000074f2                autostart_start
 .any.text.process_thread_ctimer_process
                0x00007508       0xa0 contiki-z1.a(ctimer.o)
 .any.text.ctimer_init
                0x000075a8       0x18 contiki-z1.a(ctimer.o)
                0x000075a8                ctimer_init
 .any.text.ctimer_set_with_process
                0x000075c0       0x4a contiki-z1.a(ctimer.o)
                0x000075c0                ctimer_set_with_process
 .any.text.ctimer_set
                0x0000760a       0x10 contiki-z1.a(ctimer.o)
                0x0000760a                ctimer_set
 .any.text.ctimer_reset
                0x0000761a       0x2c contiki-z1.a(ctimer.o)
                0x0000761a                ctimer_reset
 .any.text.ctimer_restart
                0x00007646       0x2c contiki-z1.a(ctimer.o)
                0x00007646                ctimer_restart
 .any.text.ctimer_stop
                0x00007672       0x28 contiki-z1.a(ctimer.o)
                0x00007672                ctimer_stop
 .any.text.energest_init
                0x0000769a       0x24 contiki-z1.a(energest.o)
                0x0000769a                energest_init
 .any.text.energest_type_time
                0x000076be       0x3c contiki-z1.a(energest.o)
                0x000076be                energest_type_time
 .any.text.energest_type_set
                0x000076fa        0xc contiki-z1.a(energest.o)
                0x000076fa                energest_type_set
 .any.text.energest_flush
                0x00007706       0x38 contiki-z1.a(energest.o)
                0x00007706                energest_flush
 .any.text.update_time
                0x0000773e       0x70 contiki-z1.a(etimer.o)
 .any.text.etimer_request_poll
                0x000077ae        0xa contiki-z1.a(etimer.o)
                0x000077ae                etimer_request_poll
 .any.text.process_thread_etimer_process
                0x000077b8       0xc4 contiki-z1.a(etimer.o)
 .any.text.add_timer
                0x0000787c       0x40 contiki-z1.a(etimer.o)
 .any.text.etimer_set
                0x000078bc       0x12 contiki-z1.a(etimer.o)
                0x000078bc                etimer_set
 .any.text.etimer_reset
                0x000078ce       0x12 contiki-z1.a(etimer.o)
                0x000078ce                etimer_reset
 .any.text.etimer_restart
                0x000078e0       0x12 contiki-z1.a(etimer.o)
                0x000078e0                etimer_restart
 .any.text.etimer_expired
                0x000078f2        0xe contiki-z1.a(etimer.o)
                0x000078f2                etimer_expired
 .any.text.etimer_expiration_time
                0x00007900       0x14 contiki-z1.a(etimer.o)
                0x00007900                etimer_expiration_time
 .any.text.etimer_pending
                0x00007914        0xc contiki-z1.a(etimer.o)
                0x00007914                etimer_pending
 .any.text.etimer_next_expiration_time
                0x00007920       0x16 contiki-z1.a(etimer.o)
                0x00007920                etimer_next_expiration_time
 .any.text.etimer_stop
                0x00007936       0x3e contiki-z1.a(etimer.o)
                0x00007936                etimer_stop
 .any.text.call_process
                0x00007974       0x40 contiki-z1.a(process.o)
 .any.text.exit_process
                0x000079b4       0x88 contiki-z1.a(process.o)
 .any.text.do_poll
                0x00007a3c       0x30 contiki-z1.a(process.o)
 .any.text.process_alloc_event
                0x00007a6c        0xe contiki-z1.a(process.o)
                0x00007a6c                process_alloc_event
 .any.text.process_init
                0x00007a7a       0x1c contiki-z1.a(process.o)
                0x00007a7a                process_init
 .any.text.process_run
                0x00007a96       0x8c contiki-z1.a(process.o)
                0x00007a96                process_run
 .any.text.process_nevents
                0x00007b22        0xe contiki-z1.a(process.o)
                0x00007b22                process_nevents
 .any.text.process_post
                0x00007b30       0x4a contiki-z1.a(process.o)
                0x00007b30                process_post
 .any.text.process_post_synch
                0x00007b7a       0x12 contiki-z1.a(process.o)
                0x00007b7a                process_post_synch
 .any.text.process_start
                0x00007b8c       0x36 contiki-z1.a(process.o)
                0x00007b8c                process_start
 .any.text.process_poll
                0x00007bc2       0x18 contiki-z1.a(process.o)
                0x00007bc2                process_poll
 .any.text.rtimer_init
                0x00007bda        0x6 contiki-z1.a(rtimer.o)
                0x00007bda                rtimer_init
 .any.text.rtimer_run_next
                0x00007be0       0x26 contiki-z1.a(rtimer.o)
                0x00007be0                rtimer_run_next
 .any.text.timer_set
                0x00007c06       0x1c contiki-z1.a(timer.o)
                0x00007c06                timer_set
 .any.text.timer_reset
                0x00007c22        0xe contiki-z1.a(timer.o)
                0x00007c22                timer_reset
 .any.text.timer_restart
                0x00007c30       0x14 contiki-z1.a(timer.o)
                0x00007c30                timer_restart
 .any.text.timer_expired
                0x00007c44       0x2a contiki-z1.a(timer.o)
                0x00007c44                timer_expired
 .any.text.list_init
                0x00007c6e        0x6 contiki-z1.a(list.o)
                0x00007c6e                list_init
 .any.text.list_head
                0x00007c74        0x4 contiki-z1.a(list.o)
                0x00007c74                list_head
 .any.text.list_tail
                0x00007c78       0x12 contiki-z1.a(list.o)
                0x00007c78                list_tail
 .any.text.list_remove
                0x00007c8a       0x34 contiki-z1.a(list.o)
                0x00007c8a                list_remove
 .any.text.list_push
                0x00007cbe       0x16 contiki-z1.a(list.o)
                0x00007cbe                list_push
 .any.text.list_add
                0x00007cd4       0x26 contiki-z1.a(list.o)
                0x00007cd4                list_add
 .any.text.list_length
                0x00007cfa       0x10 contiki-z1.a(list.o)
                0x00007cfa                list_length
 .any.text.list_item_next
                0x00007d0a        0xc contiki-z1.a(list.o)
                0x00007d0a                list_item_next
 .any.text.memb_init
                0x00007d16       0x36 contiki-z1.a(memb.o)
                0x00007d16                memb_init
 .any.text.memb_alloc
                0x00007d4c       0x3e contiki-z1.a(memb.o)
                0x00007d4c                memb_alloc
 .any.text.memb_free
                0x00007d8a       0x3a contiki-z1.a(memb.o)
                0x00007d8a                memb_free
 .any.text.memb_inmemb
                0x00007dc4       0x2a contiki-z1.a(memb.o)
                0x00007dc4                memb_inmemb
 .any.text.memb_numfree
                0x00007dee       0x26 contiki-z1.a(memb.o)
                0x00007dee                memb_numfree
 .any.text.random_init
                0x00007e14        0x6 contiki-z1.a(random.o)
                0x00007e14                random_init
 .any.text.random_rand
                0x00007e1a        0x6 contiki-z1.a(random.o)
                0x00007e1a                random_rand
 .any.text.uip_ds6_list_loop
                0x00007e20       0x66 contiki-z1.a(uip-ds6.o)
                0x00007e20                uip_ds6_list_loop
 .any.text.uip_ds6_prefix_add
                0x00007e86       0x70 contiki-z1.a(uip-ds6.o)
                0x00007e86                uip_ds6_prefix_add
 .any.text.uip_ds6_is_addr_onlink
                0x00007ef6       0x42 contiki-z1.a(uip-ds6.o)
                0x00007ef6                uip_ds6_is_addr_onlink
 .any.text.uip_ds6_addr_lookup
                0x00007f38       0x2a contiki-z1.a(uip-ds6.o)
                0x00007f38                uip_ds6_addr_lookup
 .any.text.uip_ds6_get_link_local
                0x00007f62       0x3e contiki-z1.a(uip-ds6.o)
                0x00007f62                uip_ds6_get_link_local
 .any.text.uip_ds6_maddr_add
                0x00007fa0       0x48 contiki-z1.a(uip-ds6.o)
                0x00007fa0                uip_ds6_maddr_add
 .any.text.uip_ds6_addr_add
                0x00007fe8       0xb4 contiki-z1.a(uip-ds6.o)
                0x00007fe8                uip_ds6_addr_add
 .any.text.uip_ds6_maddr_rm
                0x0000809c        0xa contiki-z1.a(uip-ds6.o)
                0x0000809c                uip_ds6_maddr_rm
 .any.text.uip_ds6_maddr_lookup
                0x000080a6       0x2a contiki-z1.a(uip-ds6.o)
                0x000080a6                uip_ds6_maddr_lookup
 .any.text.uip_ds6_addr_rm
                0x000080d0       0x54 contiki-z1.a(uip-ds6.o)
                0x000080d0                uip_ds6_addr_rm
 .any.text.uip_ds6_periodic
                0x00008124       0x46 contiki-z1.a(uip-ds6.o)
                0x00008124                uip_ds6_periodic
 .any.text.uip_ds6_set_addr_iid
                0x0000816a       0x14 contiki-z1.a(uip-ds6.o)
                0x0000816a                uip_ds6_set_addr_iid
 .any.text.get_match_length
                0x0000817e       0x3c contiki-z1.a(uip-ds6.o)
                0x0000817e                get_match_length
 .any.text.uip_ds6_select_src
                0x000081ba       0x9a contiki-z1.a(uip-ds6.o)
                0x000081ba                uip_ds6_select_src
 .any.text.uip_ds6_compute_reachable_time
                0x00008254       0x36 contiki-z1.a(uip-ds6.o)
                0x00008254                uip_ds6_compute_reachable_time
 .any.text.uip_ds6_init
                0x0000828a      0x138 contiki-z1.a(uip-ds6.o)
                0x0000828a                uip_ds6_init
 .any.text.call_route_callback
                0x000083c2       0x40 contiki-z1.a(uip-ds6-route.o)
 .any.text.uip_ds6_route_init
                0x00008402       0x36 contiki-z1.a(uip-ds6-route.o)
                0x00008402                uip_ds6_route_init
 .any.text.uip_ds6_route_nexthop
                0x00008438       0x1a contiki-z1.a(uip-ds6-route.o)
                0x00008438                uip_ds6_route_nexthop
 .any.text.uip_ds6_route_head
                0x00008452        0xa contiki-z1.a(uip-ds6-route.o)
                0x00008452                uip_ds6_route_head
 .any.text.uip_ds6_route_next
                0x0000845c        0xe contiki-z1.a(uip-ds6-route.o)
                0x0000845c                uip_ds6_route_next
 .any.text.uip_ds6_route_is_nexthop
                0x0000846a       0x22 contiki-z1.a(uip-ds6-route.o)
                0x0000846a                uip_ds6_route_is_nexthop
 .any.text.uip_ds6_route_lookup
                0x0000848c       0x6e contiki-z1.a(uip-ds6-route.o)
                0x0000848c                uip_ds6_route_lookup
 .any.text.uip_ds6_route_rm
                0x000084fa       0xa2 contiki-z1.a(uip-ds6-route.o)
                0x000084fa                uip_ds6_route_rm
 .any.text.rm_routelist
                0x0000859c       0x34 contiki-z1.a(uip-ds6-route.o)
 .any.text.rm_routelist_callback
                0x000085d0        0x6 contiki-z1.a(uip-ds6-route.o)
 .any.text.uip_ds6_route_add
                0x000085d6       0xfc contiki-z1.a(uip-ds6-route.o)
                0x000085d6                uip_ds6_route_add
 .any.text.uip_ds6_defrt_rm
                0x000086d2       0x44 contiki-z1.a(uip-ds6-route.o)
                0x000086d2                uip_ds6_defrt_rm
 .any.text.uip_ds6_defrt_lookup
                0x00008716       0x32 contiki-z1.a(uip-ds6-route.o)
                0x00008716                uip_ds6_defrt_lookup
 .any.text.uip_ds6_defrt_add
                0x00008748       0x68 contiki-z1.a(uip-ds6-route.o)
                0x00008748                uip_ds6_defrt_add
 .any.text.uip_ds6_defrt_choose
                0x000087b0       0x36 contiki-z1.a(uip-ds6-route.o)
                0x000087b0                uip_ds6_defrt_choose
 .any.text.uip_ds6_defrt_periodic
                0x000087e6       0x38 contiki-z1.a(uip-ds6-route.o)
                0x000087e6                uip_ds6_defrt_periodic
 .any.text.chksum
                0x0000881e       0x32 contiki-z1.a(uip6.o)
 .any.text.upper_layer_chksum
                0x00008850       0x56 contiki-z1.a(uip6.o)
 .any.text.ext_hdr_options_process
                0x000088a6       0xc2 contiki-z1.a(uip6.o)
 .any.text.uip_icmp6chksum
                0x00008968        0xa contiki-z1.a(uip6.o)
                0x00008968                uip_icmp6chksum
 .any.text.uip_udpchksum
                0x00008972        0xa contiki-z1.a(uip6.o)
                0x00008972                uip_udpchksum
 .any.text.uip_init
                0x0000897c       0x26 contiki-z1.a(uip6.o)
                0x0000897c                uip_init
 .any.text.remove_ext_hdr
                0x000089a2       0x50 contiki-z1.a(uip6.o)
                0x000089a2                remove_ext_hdr
 .any.text.uip_udp_new
                0x000089f2       0xa2 contiki-z1.a(uip6.o)
                0x000089f2                uip_udp_new
 .any.text.uip_process
                0x00008a94      0x48c contiki-z1.a(uip6.o)
                0x00008a94                uip_process
 .any.text.uip_htonl
                0x00008f20       0x2a contiki-z1.a(uip6.o)
                0x00008f20                uip_htonl
 .any.text.uip_ds6_nbr_rm
                0x00008f4a       0x1e contiki-z1.a(uip-ds6-nbr.o)
                0x00008f4a                uip_ds6_nbr_rm
 .any.text.uip_ds6_neighbors_init
                0x00008f68       0x12 contiki-z1.a(uip-ds6-nbr.o)
                0x00008f68                uip_ds6_neighbors_init
 .any.text.uip_ds6_nbr_add
                0x00008f7a       0x36 contiki-z1.a(uip-ds6-nbr.o)
                0x00008f7a                uip_ds6_nbr_add
 .any.text.uip_ds6_nbr_get_ll
                0x00008fb0        0xc contiki-z1.a(uip-ds6-nbr.o)
                0x00008fb0                uip_ds6_nbr_get_ll
 .any.text.uip_ds6_nbr_lookup
                0x00008fbc       0x3e contiki-z1.a(uip-ds6-nbr.o)
                0x00008fbc                uip_ds6_nbr_lookup
 .any.text.uip_ds6_nbr_ll_lookup
                0x00008ffa        0xc contiki-z1.a(uip-ds6-nbr.o)
                0x00008ffa                uip_ds6_nbr_ll_lookup
 .any.text.uip_ds6_nbr_ipaddr_from_lladdr
                0x00009006        0x6 contiki-z1.a(uip-ds6-nbr.o)
                0x00009006                uip_ds6_nbr_ipaddr_from_lladdr
 .any.text.uip_ds6_nbr_lladdr_from_ipaddr
                0x0000900c       0x12 contiki-z1.a(uip-ds6-nbr.o)
                0x0000900c                uip_ds6_nbr_lladdr_from_ipaddr
 .any.text.uip_ds6_link_neighbor_callback
                0x0000901e       0x32 contiki-z1.a(uip-ds6-nbr.o)
                0x0000901e                uip_ds6_link_neighbor_callback
 .any.text.uip_nd6_init
                0x00009050        0x2 contiki-z1.a(uip-nd6.o)
                0x00009050                uip_nd6_init
 .any.text.clear_fragments
                0x00009052       0x38 contiki-z1.a(sicslowpan.o)
 .any.text.set_packet_attrs
                0x0000908a       0x46 contiki-z1.a(sicslowpan.o)
 .any.text.addr_context_lookup_by_number
                0x000090d0       0x30 contiki-z1.a(sicslowpan.o)
 .any.text.compress_addr_64
                0x00009100       0x9a contiki-z1.a(sicslowpan.o)
 .any.text.store_fragment
                0x0000919a       0x6e contiki-z1.a(sicslowpan.o)
 .any.text.uncompress_addr
                0x00009208       0x96 contiki-z1.a(sicslowpan.o)
 .any.text.sicslowpan_init
                0x0000929e       0x24 contiki-z1.a(sicslowpan.o)
                0x0000929e                sicslowpan_init
 .any.text.addr_context_lookup_by_prefix
                0x000092c2       0x4a contiki-z1.a(sicslowpan.o)
 .any.text.packet_sent
                0x0000930c       0x22 contiki-z1.a(sicslowpan.o)
 .any.text.add_fragment
                0x0000932e      0x160 contiki-z1.a(sicslowpan.o)
 .any.text.input
                0x0000948e      0x60e contiki-z1.a(sicslowpan.o)
 .any.text.send_packet
                0x00009a9c       0x1a contiki-z1.a(sicslowpan.o)
 .any.text.output
                0x00009ab6      0x67c contiki-z1.a(sicslowpan.o)
 .any.text.uip_debug_ipaddr_print
                0x0000a132       0xbc contiki-z1.a(uip-debug.o)
                0x0000a132                uip_debug_ipaddr_print
 .any.text.uip_udp_packet_send
                0x0000a1ee       0x2a contiki-z1.a(uip-udp-packet.)
                0x0000a1ee                uip_udp_packet_send
 .any.text.tcpip_output
                0x0000a218       0x10 contiki-z1.a(tcpip.o)
                0x0000a218                tcpip_output
 .any.text.tcpip_set_outputfunc
                0x0000a228        0x6 contiki-z1.a(tcpip.o)
                0x0000a228                tcpip_set_outputfunc
 .any.text.udp_new
                0x0000a22e       0x1a contiki-z1.a(tcpip.o)
                0x0000a22e                udp_new
 .any.text.tcpip_input
                0x0000a248       0x16 contiki-z1.a(tcpip.o)
                0x0000a248                tcpip_input
 .any.text.tcpip_ipv6_output
                0x0000a25e       0xcc contiki-z1.a(tcpip.o)
                0x0000a25e                tcpip_ipv6_output
 .any.text.process_thread_tcpip_process
                0x0000a32a       0xd0 contiki-z1.a(tcpip.o)
 .any.text.tcpip_uipcall
                0x0000a3fa       0x2a contiki-z1.a(tcpip.o)
                0x0000a3fa                tcpip_uipcall
 .any.text.lollipop_greater_than
                0x0000a424       0x3c contiki-z1.a(rpl-dag.o)
 .any.text.find_parent_any_dag_any_instance
                0x0000a460       0x14 contiki-z1.a(rpl-dag.o)
 .any.text.set_ip_from_prefix
                0x0000a474       0x30 contiki-z1.a(rpl-dag.o)
 .any.text.check_prefix
                0x0000a4a4       0x70 contiki-z1.a(rpl-dag.o)
 .any.text.rpl_set_preferred_parent
                0x0000a514       0x2c contiki-z1.a(rpl-dag.o)
 .any.text.rpl_dag_init
                0x0000a540        0xe contiki-z1.a(rpl-dag.o)
                0x0000a540                rpl_dag_init
 .any.text.rpl_get_parent
                0x0000a54e        0xc contiki-z1.a(rpl-dag.o)
                0x0000a54e                rpl_get_parent
 .any.text.rpl_rank_via_parent
                0x0000a55a       0x2a contiki-z1.a(rpl-dag.o)
                0x0000a55a                rpl_rank_via_parent
 .any.text.rpl_get_parent_lladdr
                0x0000a584        0xc contiki-z1.a(rpl-dag.o)
                0x0000a584                rpl_get_parent_lladdr
 .any.text.rpl_get_parent_ipaddr
                0x0000a590        0xa contiki-z1.a(rpl-dag.o)
                0x0000a590                rpl_get_parent_ipaddr
 .any.text.rpl_get_parent_link_stats
                0x0000a59a        0xa contiki-z1.a(rpl-dag.o)
                0x0000a59a                rpl_get_parent_link_stats
 .any.text.rpl_parent_is_fresh
                0x0000a5a4        0xa contiki-z1.a(rpl-dag.o)
                0x0000a5a4                rpl_parent_is_fresh
 .any.text.best_parent
                0x0000a5ae       0x66 contiki-z1.a(rpl-dag.o)
 .any.text.rpl_parent_is_reachable
                0x0000a614       0x4a contiki-z1.a(rpl-dag.o)
                0x0000a614                rpl_parent_is_reachable
 .any.text.rpl_set_prefix
                0x0000a65e       0x74 contiki-z1.a(rpl-dag.o)
                0x0000a65e                rpl_set_prefix
 .any.text.rpl_set_default_route
                0x0000a6d2       0x3a contiki-z1.a(rpl-dag.o)
                0x0000a6d2                rpl_set_default_route
 .any.text.rpl_alloc_instance
                0x0000a70c       0x34 contiki-z1.a(rpl-dag.o)
                0x0000a70c                rpl_alloc_instance
 .any.text.rpl_add_parent
                0x0000a740       0x3a contiki-z1.a(rpl-dag.o)
                0x0000a740                rpl_add_parent
 .any.text.rpl_find_parent
                0x0000a77a       0x1a contiki-z1.a(rpl-dag.o)
                0x0000a77a                rpl_find_parent
 .any.text.rpl_find_parent_any_dag
                0x0000a794       0x22 contiki-z1.a(rpl-dag.o)
                0x0000a794                rpl_find_parent_any_dag
 .any.text.rpl_select_parent
                0x0000a7b6       0x62 contiki-z1.a(rpl-dag.o)
                0x0000a7b6                rpl_select_parent
 .any.text.rpl_select_dag
                0x0000a818      0x192 contiki-z1.a(rpl-dag.o)
                0x0000a818                rpl_select_dag
 .any.text.rpl_nullify_parent
                0x0000a9aa       0x5c contiki-z1.a(rpl-dag.o)
                0x0000a9aa                rpl_nullify_parent
 .any.text.rpl_remove_parent
                0x0000aa06       0x16 contiki-z1.a(rpl-dag.o)
                0x0000aa06                rpl_remove_parent
 .any.text.nbr_callback
                0x0000aa1c        0x6 contiki-z1.a(rpl-dag.o)
 .any.text.remove_parents.constprop.4
                0x0000aa22       0x2c contiki-z1.a(rpl-dag.o)
 .any.text.rpl_free_dag
                0x0000aa4e       0x42 contiki-z1.a(rpl-dag.o)
                0x0000aa4e                rpl_free_dag
 .any.text.rpl_move_parent
                0x0000aa90       0x60 contiki-z1.a(rpl-dag.o)
                0x0000aa90                rpl_move_parent
 .any.text.rpl_get_any_dag
                0x0000aaf0       0x16 contiki-z1.a(rpl-dag.o)
                0x0000aaf0                rpl_get_any_dag
 .any.text.rpl_get_instance
                0x0000ab06       0x16 contiki-z1.a(rpl-dag.o)
                0x0000ab06                rpl_get_instance
 .any.text.rpl_alloc_dag
                0x0000ab1c       0x60 contiki-z1.a(rpl-dag.o)
                0x0000ab1c                rpl_alloc_dag
 .any.text.rpl_repair_root
                0x0000ab7c       0x4c contiki-z1.a(rpl-dag.o)
                0x0000ab7c                rpl_repair_root
 .any.text.rpl_find_of
                0x0000abc8       0x10 contiki-z1.a(rpl-dag.o)
                0x0000abc8                rpl_find_of
 .any.text.rpl_join_instance
                0x0000abd8      0x142 contiki-z1.a(rpl-dag.o)
                0x0000abd8                rpl_join_instance
 .any.text.rpl_local_repair
                0x0000ad1a       0x64 contiki-z1.a(rpl-dag.o)
                0x0000ad1a                rpl_local_repair
 .any.text.rpl_process_parent_event
                0x0000ad7e       0xa8 contiki-z1.a(rpl-dag.o)
                0x0000ad7e                rpl_process_parent_event
 .any.text.rpl_recalculate_ranks
                0x0000ae26       0x44 contiki-z1.a(rpl-dag.o)
                0x0000ae26                rpl_recalculate_ranks
 .any.text.rpl_process_dio
                0x0000ae6a      0x2e8 contiki-z1.a(rpl-dag.o)
                0x0000ae6a                rpl_process_dio
 .any.text.handle_unicast_dio_timer
                0x0000b152       0x1c contiki-z1.a(rpl-timers.o)
 .any.text.new_dio_interval
                0x0000b16e       0x8a contiki-z1.a(rpl-timers.o)
 .any.text.set_dao_lifetime_timer
                0x0000b1f8       0x84 contiki-z1.a(rpl-timers.o)
 .any.text.handle_periodic_timer
                0x0000b27c       0x50 contiki-z1.a(rpl-timers.o)
 .any.text.schedule_dao
                0x0000b2cc       0x72 contiki-z1.a(rpl-timers.o)
 .any.text.handle_dio_timer
                0x0000b33e       0x88 contiki-z1.a(rpl-timers.o)
 .any.text.handle_dao_timer
                0x0000b3c6       0x64 contiki-z1.a(rpl-timers.o)
 .any.text.rpl_reset_periodic_timer
                0x0000b42a       0x54 contiki-z1.a(rpl-timers.o)
                0x0000b42a                rpl_reset_periodic_timer
 .any.text.rpl_reset_dio_timer
                0x0000b47e       0x18 contiki-z1.a(rpl-timers.o)
                0x0000b47e                rpl_reset_dio_timer
 .any.text.rpl_schedule_dao
                0x0000b496        0xc contiki-z1.a(rpl-timers.o)
                0x0000b496                rpl_schedule_dao
 .any.text.rpl_schedule_unicast_dio_immediately
                0x0000b4a2       0x16 contiki-z1.a(rpl-timers.o)
                0x0000b4a2                rpl_schedule_unicast_dio_immediately
 .any.text.get_probing_delay
                0x0000b4b8       0x40 contiki-z1.a(rpl-timers.o)
                0x0000b4b8                get_probing_delay
 .any.text.get_probing_target
                0x0000b4f8       0xe2 contiki-z1.a(rpl-timers.o)
                0x0000b4f8                get_probing_target
 .any.text.rpl_schedule_probing
                0x0000b5da       0x26 contiki-z1.a(rpl-timers.o)
                0x0000b5da                rpl_schedule_probing
 .any.text.handle_probing_timer
                0x0000b600       0x34 contiki-z1.a(rpl-timers.o)
 .any.text.update_hbh_header
                0x0000b634       0xcc contiki-z1.a(rpl-ext-header.)
 .any.text.insert_hbh_header
                0x0000b700       0x94 contiki-z1.a(rpl-ext-header.)
 .any.text.rpl_verify_hbh_header
                0x0000b794       0xf4 contiki-z1.a(rpl-ext-header.)
                0x0000b794                rpl_verify_hbh_header
 .any.text.rpl_remove_header
                0x0000b888       0x76 contiki-z1.a(rpl-ext-header.)
                0x0000b888                rpl_remove_header
 .any.text.rpl_update_header
                0x0000b8fe       0x54 contiki-z1.a(rpl-ext-header.)
                0x0000b8fe                rpl_update_header
 .any.text.rpl_get_mode
                0x0000b952        0x6 contiki-z1.a(rpl.o)
                0x0000b952                rpl_get_mode
 .any.text.rpl_purge_routes
                0x0000b958       0x96 contiki-z1.a(rpl.o)
                0x0000b958                rpl_purge_routes
 .any.text.rpl_remove_routes
                0x0000b9ee       0x22 contiki-z1.a(rpl.o)
                0x0000b9ee                rpl_remove_routes
 .any.text.rpl_remove_routes_by_nexthop
                0x0000ba10       0x3e contiki-z1.a(rpl.o)
                0x0000ba10                rpl_remove_routes_by_nexthop
 .any.text.rpl_add_route
                0x0000ba4e       0x48 contiki-z1.a(rpl.o)
                0x0000ba4e                rpl_add_route
 .any.text.rpl_link_neighbor_callback
                0x0000ba96       0x4c contiki-z1.a(rpl.o)
                0x0000ba96                rpl_link_neighbor_callback
 .any.text.rpl_ipv6_neighbor_callback
                0x0000bae2       0x1e contiki-z1.a(rpl.o)
                0x0000bae2                rpl_ipv6_neighbor_callback
 .any.text.rpl_purge_dags
                0x0000bb00       0x3e contiki-z1.a(rpl.o)
                0x0000bb00                rpl_purge_dags
 .any.text.rpl_init
                0x0000bb3e       0x44 contiki-z1.a(rpl.o)
                0x0000bb3e                rpl_init
 .any.text.reset
                0x0000bb82        0x2 contiki-z1.a(rpl-mrhof.o)
 .any.text.update_metric_container
                0x0000bb84        0x6 contiki-z1.a(rpl-mrhof.o)
 .any.text.parent_link_metric
                0x0000bb8a       0x10 contiki-z1.a(rpl-mrhof.o)
 .any.text.parent_has_usable_link
                0x0000bb9a       0x14 contiki-z1.a(rpl-mrhof.o)
 .any.text.best_dag
                0x0000bbae       0x2e contiki-z1.a(rpl-mrhof.o)
 .any.text.parent_path_cost
                0x0000bbdc       0x40 contiki-z1.a(rpl-mrhof.o)
 .any.text.parent_is_acceptable
                0x0000bc1c       0x2a contiki-z1.a(rpl-mrhof.o)
 .any.text.rank_via_parent
                0x0000bc46       0x4e contiki-z1.a(rpl-mrhof.o)
 .any.text.best_parent
                0x0000bc94       0x76 contiki-z1.a(rpl-mrhof.o)
 .any.text.get32
                0x0000bd0a       0x3e contiki-z1.a(rpl-icmp6.o)
 .any.text.set32
                0x0000bd48       0x2a contiki-z1.a(rpl-icmp6.o)
 .any.text.get16
                0x0000bd72        0xe contiki-z1.a(rpl-icmp6.o)
 .any.text.set16
                0x0000bd80       0x10 contiki-z1.a(rpl-icmp6.o)
 .any.text.dao_ack_input
                0x0000bd90        0xa contiki-z1.a(rpl-icmp6.o)
 .any.text.dio_input
                0x0000bd9a      0x27e contiki-z1.a(rpl-icmp6.o)
 .any.text.rpl_icmp6_update_nbr_table
                0x0000c018       0x28 contiki-z1.a(rpl-icmp6.o)
                0x0000c018                rpl_icmp6_update_nbr_table
 .any.text.dao_input
                0x0000c040      0x2a2 contiki-z1.a(rpl-icmp6.o)
 .any.text.dis_output
                0x0000c2e2       0x50 contiki-z1.a(rpl-icmp6.o)
                0x0000c2e2                dis_output
 .any.text.dio_output
                0x0000c332      0x24c contiki-z1.a(rpl-icmp6.o)
                0x0000c332                dio_output
 .any.text.dis_input
                0x0000c57e       0x3e contiki-z1.a(rpl-icmp6.o)
 .any.text.dao_output_target
                0x0000c5bc       0xe6 contiki-z1.a(rpl-icmp6.o)
                0x0000c5bc                dao_output_target
 .any.text.dao_output
                0x0000c6a2       0x9e contiki-z1.a(rpl-icmp6.o)
                0x0000c6a2                dao_output
 .any.text.rpl_icmp6_register_handlers
                0x0000c740       0x22 contiki-z1.a(rpl-icmp6.o)
                0x0000c740                rpl_icmp6_register_handlers
 .any.text.queuebuf_init
                0x0000c762       0x12 contiki-z1.a(queuebuf.o)
                0x0000c762                queuebuf_init
 .any.text.queuebuf_numfree
                0x0000c774        0xa contiki-z1.a(queuebuf.o)
                0x0000c774                queuebuf_numfree
 .any.text.queuebuf_new_from_packetbuf
                0x0000c77e       0x4e contiki-z1.a(queuebuf.o)
                0x0000c77e                queuebuf_new_from_packetbuf
 .any.text.queuebuf_free
                0x0000c7cc       0x2a contiki-z1.a(queuebuf.o)
                0x0000c7cc                queuebuf_free
 .any.text.queuebuf_to_packetbuf
                0x0000c7f6       0x32 contiki-z1.a(queuebuf.o)
                0x0000c7f6                queuebuf_to_packetbuf
 .any.text.key_from_index
                0x0000c828       0x18 contiki-z1.a(nbr-table.o)
 .any.text.item_from_index
                0x0000c840       0x2a contiki-z1.a(nbr-table.o)
 .any.text.index_from_key
                0x0000c86a       0x26 contiki-z1.a(nbr-table.o)
 .any.text.index_from_item
                0x0000c890       0x1e contiki-z1.a(nbr-table.o)
 .any.text.nbr_set_bit
                0x0000c8ae       0x50 contiki-z1.a(nbr-table.o)
 .any.text.index_from_lladdr
                0x0000c8fe       0x3e contiki-z1.a(nbr-table.o)
 .any.text.nbr_get_bit.constprop.0
                0x0000c93c       0x2c contiki-z1.a(nbr-table.o)
 .any.text.remove_key
                0x0000c968       0x56 contiki-z1.a(nbr-table.o)
 .any.text.nbr_table_register
                0x0000c9be       0x26 contiki-z1.a(nbr-table.o)
                0x0000c9be                nbr_table_register
 .any.text.nbr_table_next
                0x0000c9e4       0x3a contiki-z1.a(nbr-table.o)
                0x0000c9e4                nbr_table_next
 .any.text.nbr_table_head
                0x0000ca1e       0x36 contiki-z1.a(nbr-table.o)
                0x0000ca1e                nbr_table_head
 .any.text.nbr_table_add_lladdr
                0x0000ca54       0xfc contiki-z1.a(nbr-table.o)
                0x0000ca54                nbr_table_add_lladdr
 .any.text.nbr_table_get_from_lladdr
                0x0000cb50       0x28 contiki-z1.a(nbr-table.o)
                0x0000cb50                nbr_table_get_from_lladdr
 .any.text.nbr_table_remove
                0x0000cb78       0x2a contiki-z1.a(nbr-table.o)
                0x0000cb78                nbr_table_remove
 .any.text.nbr_table_lock
                0x0000cba2       0x10 contiki-z1.a(nbr-table.o)
                0x0000cba2                nbr_table_lock
 .any.text.nbr_table_unlock
                0x0000cbb2       0x10 contiki-z1.a(nbr-table.o)
                0x0000cbb2                nbr_table_unlock
 .any.text.nbr_table_get_lladdr
                0x0000cbc2       0x14 contiki-z1.a(nbr-table.o)
                0x0000cbc2                nbr_table_get_lladdr
 .any.text.packetbuf_hdrreduce
                0x0000cbd6       0x1a contiki-z1.a(packetbuf.o)
                0x0000cbd6                packetbuf_hdrreduce
 .any.text.packetbuf_set_datalen
                0x0000cbf0        0x6 contiki-z1.a(packetbuf.o)
                0x0000cbf0                packetbuf_set_datalen
 .any.text.packetbuf_hdrptr
                0x0000cbf6        0x6 contiki-z1.a(packetbuf.o)
                0x0000cbf6                packetbuf_hdrptr
 .any.text.packetbuf_datalen
                0x0000cbfc        0x6 contiki-z1.a(packetbuf.o)
                0x0000cbfc                packetbuf_datalen
 .any.text.packetbuf_hdrlen
                0x0000cc02        0xa contiki-z1.a(packetbuf.o)
                0x0000cc02                packetbuf_hdrlen
 .any.text.packetbuf_dataptr
                0x0000cc0c        0xc contiki-z1.a(packetbuf.o)
                0x0000cc0c                packetbuf_dataptr
 .any.text.packetbuf_copyto
                0x0000cc18       0x3a contiki-z1.a(packetbuf.o)
                0x0000cc18                packetbuf_copyto
 .any.text.packetbuf_totlen
                0x0000cc52        0xc contiki-z1.a(packetbuf.o)
                0x0000cc52                packetbuf_totlen
 .any.text.packetbuf_hdralloc
                0x0000cc5e       0x3c contiki-z1.a(packetbuf.o)
                0x0000cc5e                packetbuf_hdralloc
 .any.text.packetbuf_attr_clear
                0x0000cc9a       0x28 contiki-z1.a(packetbuf.o)
                0x0000cc9a                packetbuf_attr_clear
 .any.text.packetbuf_clear
                0x0000ccc2       0x12 contiki-z1.a(packetbuf.o)
                0x0000ccc2                packetbuf_clear
 .any.text.packetbuf_copyfrom
                0x0000ccd4       0x2a contiki-z1.a(packetbuf.o)
                0x0000ccd4                packetbuf_copyfrom
 .any.text.packetbuf_attr_copyto
                0x0000ccfe       0x22 contiki-z1.a(packetbuf.o)
                0x0000ccfe                packetbuf_attr_copyto
 .any.text.packetbuf_attr_copyfrom
                0x0000cd20       0x24 contiki-z1.a(packetbuf.o)
                0x0000cd20                packetbuf_attr_copyfrom
 .any.text.packetbuf_holds_broadcast
                0x0000cd44        0xe contiki-z1.a(packetbuf.o)
                0x0000cd44                packetbuf_holds_broadcast
 .any.text.linkaddr_copy
                0x0000cd52        0x8 contiki-z1.a(linkaddr.o)
                0x0000cd52                linkaddr_copy
 .any.text.linkaddr_cmp
                0x0000cd5a       0x12 contiki-z1.a(linkaddr.o)
                0x0000cd5a                linkaddr_cmp
 .any.text.linkaddr_set_node_addr
                0x0000cd6c        0xc contiki-z1.a(linkaddr.o)
                0x0000cd6c                linkaddr_set_node_addr
 .any.text.periodic
                0x0000cd78       0x2c contiki-z1.a(link-stats.o)
 .any.text.link_stats_from_lladdr
                0x0000cda4        0xc contiki-z1.a(link-stats.o)
                0x0000cda4                link_stats_from_lladdr
 .any.text.link_stats_is_fresh
                0x0000cdb0       0x32 contiki-z1.a(link-stats.o)
                0x0000cdb0                link_stats_is_fresh
 .any.text.link_stats_packet_sent
                0x0000cde2       0xc4 contiki-z1.a(link-stats.o)
                0x0000cde2                link_stats_packet_sent
 .any.text.link_stats_input_callback
                0x0000cea6       0xa6 contiki-z1.a(link-stats.o)
                0x0000cea6                link_stats_input_callback
 .any.text.link_stats_init
                0x0000cf4c       0x22 contiki-z1.a(link-stats.o)
                0x0000cf4c                link_stats_init
 .any.text.send_packet
                0x0000cf6e        0x6 contiki-z1.a(nullmac.o)
 .any.text.packet_input
                0x0000cf74        0x6 contiki-z1.a(nullmac.o)
 .any.text.on   0x0000cf7a        0x6 contiki-z1.a(nullmac.o)
 .any.text.off  0x0000cf80        0x6 contiki-z1.a(nullmac.o)
 .any.text.channel_check_interval
                0x0000cf86        0x4 contiki-z1.a(nullmac.o)
 .any.text.init
                0x0000cf8a        0x2 contiki-z1.a(nullmac.o)
 .any.text.create_frame.isra.0
                0x0000cf8c      0x114 contiki-z1.a(framer-802154.o)
 .any.text.create
                0x0000d0a0        0x8 contiki-z1.a(framer-802154.o)
 .any.text.hdr_length
                0x0000d0a8        0x8 contiki-z1.a(framer-802154.o)
 .any.text.parse
                0x0000d0b0       0x9a contiki-z1.a(framer-802154.o)
 .any.text.on   0x0000d14a        0x6 contiki-z1.a(nullrdc.o)
 .any.text.channel_check_interval
                0x0000d150        0x4 contiki-z1.a(nullrdc.o)
 .any.text.init
                0x0000d154        0x6 contiki-z1.a(nullrdc.o)
 .any.text.off  0x0000d15a       0x10 contiki-z1.a(nullrdc.o)
 .any.text.packet_input
                0x0000d16a       0x28 contiki-z1.a(nullrdc.o)
 .any.text.send_one_packet
                0x0000d192       0x62 contiki-z1.a(nullrdc.o)
 .any.text.send_list
                0x0000d1f4       0x28 contiki-z1.a(nullrdc.o)
 .any.text.send_packet
                0x0000d21c        0x6 contiki-z1.a(nullrdc.o)
 .any.text.init
                0x0000d222        0x2 contiki-z1.a(nullsec.o)
 .any.text.send
                0x0000d224        0xa contiki-z1.a(nullsec.o)
 .any.text.input
                0x0000d22e        0x6 contiki-z1.a(nullsec.o)
 .any.text.i2c_receiveinit
                0x0000d234       0x36 contiki-z1.a(i2cmaster.o)
                0x0000d234                i2c_receiveinit
 .any.text.i2c_transmitinit
                0x0000d26a       0x30 contiki-z1.a(i2cmaster.o)
                0x0000d26a                i2c_transmitinit
 .any.text.i2c_receive_n
                0x0000d29a       0x3e contiki-z1.a(i2cmaster.o)
                0x0000d29a                i2c_receive_n
 .any.text.i2c_busy
                0x0000d2d8        0xa contiki-z1.a(i2cmaster.o)
                0x0000d2d8                i2c_busy
 .any.text.i2c_enable
                0x0000d2e2       0x22 contiki-z1.a(i2cmaster.o)
                0x0000d2e2                i2c_enable
 .any.text.i2c_transmit_n
                0x0000d304       0x14 contiki-z1.a(i2cmaster.o)
                0x0000d304                i2c_transmit_n
 .any.text.stimer_set
                0x0000d318       0x1c contiki-z1.a(stimer.o)
                0x0000d318                stimer_set
 .any.text.stimer_expired
                0x0000d334       0x30 contiki-z1.a(stimer.o)
                0x0000d334                stimer_expired
 .any.text.echo_reply_input
                0x0000d364       0xaa contiki-z1.a(uip-icmp6.o)
 .any.text.echo_request_input
                0x0000d40e       0xca contiki-z1.a(uip-icmp6.o)
 .any.text.uip_icmp6_input
                0x0000d4d8       0x44 contiki-z1.a(uip-icmp6.o)
                0x0000d4d8                uip_icmp6_input
 .any.text.uip_icmp6_register_input_handler
                0x0000d51c        0xc contiki-z1.a(uip-icmp6.o)
                0x0000d51c                uip_icmp6_register_input_handler
 .any.text.uip_icmp6_error_output
                0x0000d528      0x16e contiki-z1.a(uip-icmp6.o)
                0x0000d528                uip_icmp6_error_output
 .any.text.uip_icmp6_send
                0x0000d696       0x84 contiki-z1.a(uip-icmp6.o)
                0x0000d696                uip_icmp6_send
 .any.text.uip_icmp6_init
                0x0000d71a       0x12 contiki-z1.a(uip-icmp6.o)
                0x0000d71a                uip_icmp6_init
 .any.text.update_nbr
                0x0000d72c       0xda contiki-z1.a(rpl-nbr-policy.)
 .any.text.handle_periodic_timer
                0x0000d806        0xe contiki-z1.a(rpl-nbr-policy.)
 .any.text.find_removable_dis
                0x0000d814       0x16 contiki-z1.a(rpl-nbr-policy.)
                0x0000d814                find_removable_dis
 .any.text.find_removable_dio
                0x0000d82a       0x3c contiki-z1.a(rpl-nbr-policy.)
                0x0000d82a                find_removable_dio
 .any.text.find_removable_dao
                0x0000d866       0x34 contiki-z1.a(rpl-nbr-policy.)
                0x0000d866                find_removable_dao
 .any.text.rpl_nbr_policy_find_removable
                0x0000d89a       0x30 contiki-z1.a(rpl-nbr-policy.)
                0x0000d89a                rpl_nbr_policy_find_removable
 .any.text.frame802154_get_pan_id
                0x0000d8ca        0x6 contiki-z1.a(frame802154.o)
                0x0000d8ca                frame802154_get_pan_id
 .any.text.frame802154_has_panid
                0x0000d8d0       0x78 contiki-z1.a(frame802154.o)
                0x0000d8d0                frame802154_has_panid
 .any.text.field_len
                0x0000d948       0xa8 contiki-z1.a(frame802154.o)
 .any.text.frame802154_is_broadcast_addr
                0x0000d9f0       0x28 contiki-z1.a(frame802154.o)
                0x0000d9f0                frame802154_is_broadcast_addr
 .any.text.frame802154_hdrlen
                0x0000da18       0x32 contiki-z1.a(frame802154.o)
                0x0000da18                frame802154_hdrlen
 .any.text.frame802154_create
                0x0000da4a      0x136 contiki-z1.a(frame802154.o)
                0x0000da4a                frame802154_create
 .any.text.frame802154_parse
                0x0000db80      0x1be contiki-z1.a(frame802154.o)
                0x0000db80                frame802154_parse
 .any.text.mac_call_sent_callback
                0x0000dd3e       0x14 contiki-z1.a(mac.o)
                0x0000dd3e                mac_call_sent_callback
 .any.text.printf
                0x0000dd52       0x10 /usr/local/bin/../lib/gcc/msp430/4.7.2/../../../../msp430/lib/mcpu-430x/mmpy-16/msr20/mc20/libc.a(printf.o)
                0x0000dd52                printf
 .any.text.append
                0x0000dd62       0x22 /usr/local/bin/../lib/gcc/msp430/4.7.2/../../../../msp430/lib/mcpu-430x/mmpy-16/msr20/mc20/libc.a(sprintf.o)
 .any.text.call_vuprintf
                0x0000dd84       0x36 /usr/local/bin/../lib/gcc/msp430/4.7.2/../../../../msp430/lib/mcpu-430x/mmpy-16/msr20/mc20/libc.a(sprintf.o)
 .any.text.snprintf
                0x0000ddba       0x1c /usr/local/bin/../lib/gcc/msp430/4.7.2/../../../../msp430/lib/mcpu-430x/mmpy-16/msr20/mc20/libc.a(sprintf.o)
                0x0000ddba                snprintf
 .any.text.print_field
                0x0000ddd6      0x176 /usr/local/bin/../lib/gcc/msp430/4.7.2/../../../../msp430/lib/mcpu-430x/mmpy-16/msr20/mc20/libc.a(vuprintf.o)
 .any.text.vuprintf
                0x0000df4c      0x742 /usr/local/bin/../lib/gcc/msp430/4.7.2/../../../../msp430/lib/mcpu-430x/mmpy-16/msr20/mc20/libc.a(vuprintf.o)
                0x0000df4c                vuprintf
 .any.text.puts
                0x0000e68e       0x2c /usr/local/bin/../lib/gcc/msp430/4.7.2/../../../../msp430/lib/mcpu-430x/mmpy-16/msr20/mc20/libc.a(puts.o)
                0x0000e68e                puts
 .any.text.rand
                0x0000e6ba       0x26 /usr/local/bin/../lib/gcc/msp430/4.7.2/../../../../msp430/lib/mcpu-430x/mmpy-16/msr20/mc20/libc.a(rand.o)
                0x0000e6ba                rand
 .any.text.srand
                0x0000e6e0        0xa /usr/local/bin/../lib/gcc/msp430/4.7.2/../../../../msp430/lib/mcpu-430x/mmpy-16/msr20/mc20/libc.a(rand.o)
                0x0000e6e0                srand
 .any.text.strchr
                0x0000e6ea       0x16 /usr/local/bin/../lib/gcc/msp430/4.7.2/../../../../msp430/lib/mcpu-430x/mmpy-16/msr20/mc20/libc.a(strchr.o)
                0x0000e6ea                strchr
 .any.text.memchr
                0x0000e700       0x1e /usr/local/bin/../lib/gcc/msp430/4.7.2/../../../../msp430/lib/mcpu-430x/mmpy-16/msr20/mc20/libc.a(memchr.o)
                0x0000e700                memchr
 .any.text.strncmp
                0x0000e71e       0x2a /usr/local/bin/../lib/gcc/msp430/4.7.2/../../../../msp430/lib/mcpu-430x/mmpy-16/msr20/mc20/libc.a(strncmp.o)
                0x0000e71e                strncmp
 .any.text.memcmp
                0x0000e748       0x2c /usr/local/bin/../lib/gcc/msp430/4.7.2/../../../../msp430/lib/mcpu-430x/mmpy-16/msr20/mc20/libc.a(memcmp.o)
                0x0000e748                memcmp
 .any.text.strncpy
                0x0000e774       0x2a /usr/local/bin/../lib/gcc/msp430/4.7.2/../../../../msp430/lib/mcpu-430x/mmpy-16/msr20/mc20/libc.a(strncpy.o)
                0x0000e774                strncpy
 .any.text.memcpy
                0x0000e79e       0xe8 /usr/local/bin/../lib/gcc/msp430/4.7.2/../../../../msp430/lib/mcpu-430x/mmpy-16/msr20/mc20/libc.a(memcpy.o)
                0x0000e79e                memcpy
 .any.text.memmove
                0x0000e886       0xe8 /usr/local/bin/../lib/gcc/msp430/4.7.2/../../../../msp430/lib/mcpu-430x/mmpy-16/msr20/mc20/libc.a(memmove.o)
                0x0000e886                memmove
 .any.text.memset
                0x0000e96e       0x5c /usr/local/bin/../lib/gcc/msp430/4.7.2/../../../../msp430/lib/mcpu-430x/mmpy-16/msr20/mc20/libc.a(memset.o)
                0x0000e96e                memset

.rodata         0x0000e9cc      0x803
                0x0000e9cc                . = ALIGN (0x2)
 *(.rodata .rodata.* .gnu.linkonce.r.*)
 .rodata.process_thread_rest_server
                0x0000e9cc       0x4d subscriber0.co
 *fill*         0x0000ea19        0x1 00
 .rodata.autostart_processes
                0x0000ea1a        0x4 subscriber0.co
                0x0000ea1a                autostart_processes
 .rodata        0x0000ea1e        0xe subscriber0.co
 .rodata.get_handler
                0x0000ea2c        0x4 obj_z1/res-battery.o
 .rodata.periodic_handler
                0x0000ea30       0x11 obj_z1/res-battery.o
 .rodata        0x0000ea41       0x28 obj_z1/res-battery.o
 .rodata.get_handler
                0x0000ea69       0x3c obj_z1/res-temperature.o
 .rodata        0x0000eaa5       0x29 obj_z1/res-temperature.o
 .rodata.stampa
                0x0000eace        0xc obj_z1/common.o
 .rodata        0x0000eada      0x149 obj_z1/contiki-z1-main.o
 .rodata.coap_serialize_message
                0x0000ec23       0x2f contiki-z1.a(er-coap.o)
 .rodata.coap_parse_message
                0x0000ec52       0x7f contiki-z1.a(er-coap.o)
 .rodata        0x0000ecd1        0x1 contiki-z1.a(er-coap.o)
 .rodata.process_thread_coap_engine
                0x0000ecd2       0x52 contiki-z1.a(er-coap-engine.)
 .rodata        0x0000ed24       0x14 contiki-z1.a(er-coap-engine.)
 .rodata.coap_rest_implementation
                0x0000ed38       0xb6 contiki-z1.a(er-coap-engine.)
                0x0000ed38                coap_rest_implementation
 .rodata.coap_notify_observers_sub
                0x0000edee       0x11 contiki-z1.a(er-coap-observe)
 .rodata.coap_observe_handler
                0x0000edff       0x11 contiki-z1.a(er-coap-observe)
 .rodata.well_known_core_get_handler
                0x0000ee10       0x13 contiki-z1.a(er-coap-res-wel)
 .rodata        0x0000ee23        0x6 contiki-z1.a(er-coap-res-wel)
 .rodata.classify_notification
                0x0000ee29       0x4f contiki-z1.a(er-coap-observe)
 .rodata.coap_get_obs_subject_by_token
                0x0000ee78       0x1e contiki-z1.a(er-coap-observe)
 .rodata.coap_handle_notification
                0x0000ee96       0xe0 contiki-z1.a(er-coap-observe)
 .rodata        0x0000ef76        0xc contiki-z1.a(rest-engine.o)
 *fill*         0x0000ef82        0x2 00
 .rodata.get_value
                0x0000ef84       0x44 contiki-z1.a(cc2420.o)
 .rodata.set_value
                0x0000efc8       0x20 contiki-z1.a(cc2420.o)
 .rodata.cc2420_driver
                0x0000efe8       0x38 contiki-z1.a(cc2420.o)
                0x0000efe8                cc2420_driver
 .rodata        0x0000f020        0xe contiki-z1.a(cc2420.o)
 .rodata.output_power
                0x0000f02e       0x10 contiki-z1.a(cc2420.o)
 .rodata        0x0000f03e        0x8 contiki-z1.a(sensors.o)
 .rodata        0x0000f046        0x7 contiki-z1.a(button-sensor.o)
 *fill*         0x0000f04d        0x1 00
 .rodata.button_sensor
                0x0000f04e        0xe contiki-z1.a(button-sensor.o)
                0x0000f04e                button_sensor
 .rodata        0x0000f05c       0x25 contiki-z1.a(adxl345.o)
 *fill*         0x0000f081        0x1 00
 .rodata.adxl345
                0x0000f082        0xe contiki-z1.a(adxl345.o)
                0x0000f082                adxl345
 .rodata        0x0000f090        0xc contiki-z1.a(temperature-sen)
 .rodata.temperature_sensor
                0x0000f09c        0xe contiki-z1.a(temperature-sen)