Archive member included because of file (symbol)

contiki-z1.a(er-coap.o)       obj_z1/res-battery.o (coap_get_header_accept)
contiki-z1.a(er-coap-engine.)
                              obj_z1/res-battery.o (coap_rest_implementation)
contiki-z1.a(er-coap-transac)
                              contiki-z1.a(er-coap-engine.) (coap_register_as_transaction_handler)
contiki-z1.a(er-coap-observe)
                              contiki-z1.a(er-coap-transac) (coap_remove_observer_by_client)
contiki-z1.a(er-coap-res-wel)
                              contiki-z1.a(er-coap-engine.) (res_well_known_core)
contiki-z1.a(er-coap-observe)
                              contiki-z1.a(er-coap-engine.) (coap_handle_notification)
contiki-z1.a(rest-engine.o)   subscriber0.co (rest_init_engine)
contiki-z1.a(contiki-z1-plat)
                              obj_z1/contiki-z1-main.o (init_platform)
contiki-z1.a(msp430.o)        obj_z1/contiki-z1-main.o (splhigh_)
contiki-z1.a(leds.o)          obj_z1/contiki-z1-main.o (leds_init)
contiki-z1.a(watchdog.o)      obj_z1/contiki-z1-main.o (watchdog_start)
contiki-z1.a(xmem.o)          obj_z1/contiki-z1-main.o (xmem_init)
contiki-z1.a(spi.o)           contiki-z1.a(xmem.o) (spi_init)
contiki-z1.a(cc2420.o)        obj_z1/contiki-z1-main.o (cc2420_set_pan_addr)
contiki-z1.a(cc2420-arch.o)   contiki-z1.a(cc2420.o) (cc2420_arch_init)
contiki-z1.a(node-id.o)       obj_z1/contiki-z1-main.o (node_id_restore)
contiki-z1.a(sensors.o)       subscriber0.co (sensors_event)
contiki-z1.a(button-sensor.o)
                              subscriber0.co (button_sensor)
contiki-z1.a(uart0.o)         obj_z1/contiki-z1-main.o (uart0_active)
contiki-z1.a(uart0-putchar.o)
                              obj_z1/common.o (putchar)
contiki-z1.a(z1-sensors.o)    contiki-z1.a(sensors.o) (sensors_flags)
contiki-z1.a(adxl345.o)       obj_z1/contiki-z1-main.o (adxl345)
contiki-z1.a(temperature-sen)
                              subscriber0.co (temperature_sensor)
contiki-z1.a(battery-sensor.)
                              subscriber0.co (battery_sensor)
contiki-z1.a(sky-sensors.o)   contiki-z1.a(temperature-sen) (sky_sensors_status)
contiki-z1.a(tmp102.o)        contiki-z1.a(z1-sensors.o) (tmp102)
contiki-z1.a(clock.o)         obj_z1/contiki-z1-main.o (clock_init)
contiki-z1.a(leds-arch.o)     contiki-z1.a(leds.o) (leds_arch_init)
contiki-z1.a(rtimer-arch.o)   obj_z1/contiki-z1-main.o (rtimer_arch_now)
contiki-z1.a(autostart.o)     obj_z1/contiki-z1-main.o (autostart_start)
contiki-z1.a(ctimer.o)        obj_z1/contiki-z1-main.o (ctimer_init)
contiki-z1.a(energest.o)      obj_z1/contiki-z1-main.o (energest_init)
contiki-z1.a(etimer.o)        contiki-z1.a(clock.o) (etimer_request_poll)
contiki-z1.a(process.o)       subscriber0.co (process_current)
contiki-z1.a(rtimer.o)        obj_z1/contiki-z1-main.o (rtimer_init)
contiki-z1.a(timer.o)         contiki-z1.a(button-sensor.o) (timer_set)
contiki-z1.a(list.o)          contiki-z1.a(rest-engine.o) (list_init)
contiki-z1.a(memb.o)          contiki-z1.a(er-coap-transac) (memb_alloc)
contiki-z1.a(random.o)        obj_z1/contiki-z1-main.o (random_init)
contiki-z1.a(uip-ds6.o)       obj_z1/common.o (uip_ds6_if)
contiki-z1.a(uip-ds6-route.o)
                              contiki-z1.a(uip-ds6.o) (uip_ds6_route_init)
contiki-z1.a(uip6.o)          contiki-z1.a(er-coap-engine.) (uip_aligned_buf)
contiki-z1.a(uip-ds6-nbr.o)   contiki-z1.a(uip-ds6.o) (uip_ds6_neighbors_init)
contiki-z1.a(uip-nd6.o)       contiki-z1.a(uip6.o) (uip_nd6_init)
contiki-z1.a(sicslowpan.o)    obj_z1/contiki-z1-main.o (sicslowpan_driver)
contiki-z1.a(uip-debug.o)     obj_z1/common.o (uip_debug_ipaddr_print)
contiki-z1.a(uip-udp-packet.)
                              contiki-z1.a(er-coap.o) (uip_udp_packet_send)
contiki-z1.a(tcpip.o)         contiki-z1.a(sicslowpan.o) (tcpip_set_outputfunc)
contiki-z1.a(rpl-dag.o)       contiki-z1.a(tcpip.o) (rpl_repair_root)
contiki-z1.a(rpl-timers.o)    contiki-z1.a(rpl-dag.o) (rpl_reset_dio_timer)
contiki-z1.a(rpl-ext-header.)
                              contiki-z1.a(uip6.o) (rpl_verify_hbh_header)
contiki-z1.a(rpl.o)           contiki-z1.a(rpl-timers.o) (rpl_get_mode)
contiki-z1.a(rpl-mrhof.o)     contiki-z1.a(rpl-dag.o) (rpl_mrhof)
contiki-z1.a(rpl-icmp6.o)     contiki-z1.a(rpl-dag.o) (rpl_icmp6_update_nbr_table)
contiki-z1.a(queuebuf.o)      obj_z1/contiki-z1-main.o (queuebuf_init)
contiki-z1.a(nbr-table.o)     contiki-z1.a(uip-ds6-route.o) (nbr_table_register)
contiki-z1.a(packetbuf.o)     contiki-z1.a(cc2420.o) (packetbuf_set_datalen)
contiki-z1.a(linkaddr.o)      obj_z1/contiki-z1-main.o (linkaddr_copy)
contiki-z1.a(link-stats.o)    contiki-z1.a(rpl-dag.o) (link_stats_from_lladdr)
contiki-z1.a(nullmac.o)       obj_z1/contiki-z1-main.o (nullmac_driver)
contiki-z1.a(framer-802154.o)
                              contiki-z1.a(sicslowpan.o) (framer_802154)
contiki-z1.a(nullrdc.o)       obj_z1/contiki-z1-main.o (nullrdc_driver)
[...]
Memory Configuration

Name             Origin             Length             Attributes
sfr              0x00000000         0x00000010
peripheral_8bit  0x00000010         0x000000f0
peripheral_16bit 0x00000100         0x00000100
ram_mirror       0x00000200         0x00000800         xw
infomem          0x00001000         0x00000100
infod            0x00001000         0x00000040
infoc            0x00001040         0x00000040
infob            0x00001080         0x00000040
infoa            0x000010c0         0x00000040
ram              0x00001100         0x00002000         xw
rom              0x00003100         0x0000cebe         xr
vectors          0x0000ffc0         0x00000040
far_rom          0x00010000         0x0000a000
bsl              0x00000000         0x00000000
ram2             0x00000000         0x00000000         xw
usbram           0x00000000         0x00000000         xw
*default*        0x00000000         0xffffffff

Linker script and memory map

LOAD /usr/local/bin/../lib/gcc/msp430/4.7.2/mcpu-430x/mmpy-16/msr20/mc20/crt0ivtbl32.o
                0x00000041                __P1SEL2 = 0x41
                0x00000045                __P5SEL2 = 0x45
LOAD subscriber0.co
LOAD obj_z1/res-battery.o
LOAD obj_z1/res-temperature.o
LOAD obj_z1/res-hello.o
LOAD obj_z1/common.o
LOAD obj_z1/contiki-z1-main.o
LOAD contiki-z1.a
LOAD /usr/local/bin/../lib/gcc/msp430/4.7.2/mcpu-430x/mmpy-16/msr20/mc20/libgcc.a
LOAD /usr/local/bin/../lib/gcc/msp430/4.7.2/../../../../msp430/lib/mcpu-430x/mmpy-16/msr20/mc20/libc.a
LOAD /usr/local/bin/../lib/gcc/msp430/4.7.2/mcpu-430x/mmpy-16/msr20/mc20/libgcc.a
LOAD /usr/local/bin/../lib/gcc/msp430/4.7.2/mcpu-430x/mmpy-16/msr20/mc20/libcrt0.a
                0x00000040                PROVIDE (__info_segment_size, 0x40)
                0x00001000                PROVIDE (__infod, 0x1000)
                0x00001040                PROVIDE (__infoc, 0x1040)
                0x00001080                PROVIDE (__infob, 0x1080)
                0x000010c0                PROVIDE (__infoa, 0x10c0)
                0x00000000                __IE1 = 0x0
                0x00000002                __IFG1 = 0x2
                0x00000001                __IE2 = 0x1
                0x00000003                __IFG2 = 0x3
                0x00000006                __UC1IE = 0x6
                0x00000007                __UC1IFG = 0x7
                0x000001a0                __ADC12CTL0 = 0x1a0
                0x000001a2                __ADC12CTL1 = 0x1a2
                0x000001a4                __ADC12IFG = 0x1a4
                0x000001a6                __ADC12IE = 0x1a6
                0x000001a8                __ADC12IV = 0x1a8
                0x00000140                __ADC12MEM0 = 0x140
                0x00000142                __ADC12MEM1 = 0x142
                0x00000144                __ADC12MEM2 = 0x144
                0x00000146                __ADC12MEM3 = 0x146
                0x00000148                __ADC12MEM4 = 0x148
                0x0000014a                __ADC12MEM5 = 0x14a
                0x0000014c                __ADC12MEM6 = 0x14c
                0x0000014e                __ADC12MEM7 = 0x14e
                0x00000150                __ADC12MEM8 = 0x150
                0x00000152                __ADC12MEM9 = 0x152
                0x00000154                __ADC12MEM10 = 0x154
                0x00000156                __ADC12MEM11 = 0x156
                0x00000158                __ADC12MEM12 = 0x158
                0x0000015a                __ADC12MEM13 = 0x15a
                0x0000015c                __ADC12MEM14 = 0x15c
                0x0000015e                __ADC12MEM15 = 0x15e
                0x00000080                __ADC12MCTL0 = 0x80
                0x00000081                __ADC12MCTL1 = 0x81
                0x00000082                __ADC12MCTL2 = 0x82
                0x00000083                __ADC12MCTL3 = 0x83
                0x00000084                __ADC12MCTL4 = 0x84
                0x00000085                __ADC12MCTL5 = 0x85
                0x00000086                __ADC12MCTL6 = 0x86
                0x00000087                __ADC12MCTL7 = 0x87
                0x00000088                __ADC12MCTL8 = 0x88
                0x00000089                __ADC12MCTL9 = 0x89
                0x0000008a                __ADC12MCTL10 = 0x8a
                0x0000008b                __ADC12MCTL11 = 0x8b
                0x0000008c                __ADC12MCTL12 = 0x8c
                0x0000008d                __ADC12MCTL13 = 0x8d
                0x0000008e                __ADC12MCTL14 = 0x8e
                0x0000008f                __ADC12MCTL15 = 0x8f
                0x00000056                __DCOCTL = 0x56
                0x00000057                __BCSCTL1 = 0x57
                0x00000058                __BCSCTL2 = 0x58
                0x00000053                __BCSCTL3 = 0x53
                0x00000059                __CACTL1 = 0x59
                0x0000005a                __CACTL2 = 0x5a
                0x0000005b                __CAPD = 0x5b
                0x000001c0                __DAC12_0CTL = 0x1c0
                0x000001c2                __DAC12_1CTL = 0x1c2
                0x000001c8                __DAC12_0DAT = 0x1c8
                0x000001ca                __DAC12_1DAT = 0x1ca
                0x00000122                __DMACTL0 = 0x122
                0x00000124                __DMACTL1 = 0x124
                0x00000126                __DMAIV = 0x126
                0x000001d0                __DMA0CTL = 0x1d0
                0x000001dc                __DMA1CTL = 0x1dc
                0x000001e8                __DMA2CTL = 0x1e8
                0x000001d2                __DMA0SA = 0x1d2
                0x000001d2                __DMA0SAL = 0x1d2
                0x000001d6                __DMA0DA = 0x1d6
                0x000001d6                __DMA0DAL = 0x1d6
                0x000001da                __DMA0SZ = 0x1da
                0x000001de                __DMA1SA = 0x1de
                0x000001de                __DMA1SAL = 0x1de
                0x000001e2                __DMA1DA = 0x1e2
                0x000001e2                __DMA1DAL = 0x1e2
                0x000001e6                __DMA1SZ = 0x1e6
                0x000001ea                __DMA2SA = 0x1ea
                0x000001ea                __DMA2SAL = 0x1ea
                0x000001ee                __DMA2DA = 0x1ee
                0x000001ee                __DMA2DAL = 0x1ee
                0x000001f2                __DMA2SZ = 0x1f2
                0x00000128                __FCTL1 = 0x128
                0x0000012a                __FCTL2 = 0x12a
                0x0000012c                __FCTL3 = 0x12c
                0x000001be                __FCTL4 = 0x1be
                0x00000130                __MPY = 0x130
                0x00000132                __MPYS = 0x132
                0x00000134                __MAC = 0x134
                0x00000136                __MACS = 0x136
                0x00000138                __OP2 = 0x138
                0x0000013a                __RESLO = 0x13a
                0x0000013c                __RESHI = 0x13c
                0x0000013e                __SUMEXT = 0x13e
                0x00000020                __P1IN = 0x20
                0x00000021                __P1OUT = 0x21
                0x00000022                __P1DIR = 0x22
                0x00000023                __P1IFG = 0x23
                0x00000024                __P1IES = 0x24
                0x00000025                __P1IE = 0x25
                0x00000026                __P1SEL = 0x26
                0x00000027                __P1REN = 0x27
                0x00000028                __P2IN = 0x28
                0x00000029                __P2OUT = 0x29
                0x0000002a                __P2DIR = 0x2a
                0x0000002b                __P2IFG = 0x2b
                0x0000002c                __P2IES = 0x2c
                0x0000002d                __P2IE = 0x2d
                0x0000002e                __P2SEL = 0x2e
                0x0000002f                __P2REN = 0x2f
                0x00000018                __P3IN = 0x18
                0x00000019                __P3OUT = 0x19
                0x0000001a                __P3DIR = 0x1a
                0x0000001b                __P3SEL = 0x1b
                0x00000010                __P3REN = 0x10
                0x0000001c                __P4IN = 0x1c
                0x0000001d                __P4OUT = 0x1d
                0x0000001e                __P4DIR = 0x1e
                0x0000001f                __P4SEL = 0x1f
                0x00000011                __P4REN = 0x11
                0x00000030                __P5IN = 0x30
                0x00000031                __P5OUT = 0x31
                0x00000032                __P5DIR = 0x32
                0x00000033                __P5SEL = 0x33
                0x00000012                __P5REN = 0x12
                0x00000034                __P6IN = 0x34
                0x00000035                __P6OUT = 0x35
                0x00000036                __P6DIR = 0x36
                0x00000037                __P6SEL = 0x37
                0x00000013                __P6REN = 0x13
                0x00000038                __P7IN = 0x38
                0x0000003a                __P7OUT = 0x3a
                0x0000003c                __P7DIR = 0x3c
                0x0000003e                __P7SEL = 0x3e
                0x00000014                __P7REN = 0x14
                0x00000039                __P8IN = 0x39
                0x0000003b                __P8OUT = 0x3b
                0x0000003d                __P8DIR = 0x3d
                0x0000003f                __P8SEL = 0x3f
                0x00000015                __P8REN = 0x15
                0x00000038                __PAIN = 0x38
                0x0000003a                __PAOUT = 0x3a
                0x0000003c                __PADIR = 0x3c
                0x0000003e                __PASEL = 0x3e
                0x00000014                __PAREN = 0x14
                0x00000055                __SVSCTL = 0x55
                0x0000012e                __TAIV = 0x12e
                0x00000160                __TACTL = 0x160
                0x00000162                __TACCTL0 = 0x162
                0x00000164                __TACCTL1 = 0x164
                0x00000166                __TACCTL2 = 0x166
                0x00000170                __TAR = 0x170
                0x00000172                __TACCR0 = 0x172
                0x00000174                __TACCR1 = 0x174
                0x00000176                __TACCR2 = 0x176
                0x0000011e                __TBIV = 0x11e
                0x00000180                __TBCTL = 0x180
                0x00000182                __TBCCTL0 = 0x182
                0x00000184                __TBCCTL1 = 0x184
                0x00000186                __TBCCTL2 = 0x186
                0x00000188                __TBCCTL3 = 0x188
                0x0000018a                __TBCCTL4 = 0x18a
                0x0000018c                __TBCCTL5 = 0x18c
                0x0000018e                __TBCCTL6 = 0x18e
                0x00000190                __TBR = 0x190
                0x00000192                __TBCCR0 = 0x192
                0x00000194                __TBCCR1 = 0x194
                0x00000196                __TBCCR2 = 0x196
                0x00000198                __TBCCR3 = 0x198
                0x0000019a                __TBCCR4 = 0x19a
                0x0000019c                __TBCCR5 = 0x19c
                0x0000019e                __TBCCR6 = 0x19e
                0x00000060                __UCA0CTL0 = 0x60
                0x00000061                __UCA0CTL1 = 0x61
                0x00000062                __UCA0BR0 = 0x62
                0x00000063                __UCA0BR1 = 0x63
                0x00000064                __UCA0MCTL = 0x64
                0x00000065                __UCA0STAT = 0x65
                0x00000066                __UCA0RXBUF = 0x66
                0x00000067                __UCA0TXBUF = 0x67
                0x0000005d                __UCA0ABCTL = 0x5d
                0x0000005e                __UCA0IRTCTL = 0x5e
                0x0000005f                __UCA0IRRCTL = 0x5f
                0x00000068                __UCB0CTL0 = 0x68
                0x00000069                __UCB0CTL1 = 0x69
                0x0000006a                __UCB0BR0 = 0x6a
                0x0000006b                __UCB0BR1 = 0x6b
                0x0000006c                __UCB0I2CIE = 0x6c
                0x0000006d                __UCB0STAT = 0x6d
                0x0000006e                __UCB0RXBUF = 0x6e
                0x0000006f                __UCB0TXBUF = 0x6f
                0x00000118                __UCB0I2COA = 0x118
                0x0000011a                __UCB0I2CSA = 0x11a
                0x000000d0                __UCA1CTL0 = 0xd0
                0x000000d1                __UCA1CTL1 = 0xd1
                0x000000d2                __UCA1BR0 = 0xd2
                0x000000d3                __UCA1BR1 = 0xd3
                0x000000d4                __UCA1MCTL = 0xd4
                0x000000d5                __UCA1STAT = 0xd5
                0x000000d6                __UCA1RXBUF = 0xd6
                0x000000d7                __UCA1TXBUF = 0xd7
                0x000000cd                __UCA1ABCTL = 0xcd
                0x000000ce                __UCA1IRTCTL = 0xce
                0x000000cf                __UCA1IRRCTL = 0xcf
                0x000000d8                __UCB1CTL0 = 0xd8
                0x000000d9                __UCB1CTL1 = 0xd9
                0x000000da                __UCB1BR0 = 0xda
                0x000000db                __UCB1BR1 = 0xdb
                0x000000dc                __UCB1I2CIE = 0xdc
                0x000000dd                __UCB1STAT = 0xdd
                0x000000de                __UCB1RXBUF = 0xde
                0x000000df                __UCB1TXBUF = 0xdf
                0x0000017c                __UCB1I2COA = 0x17c
                0x0000017e                __UCB1I2CSA = 0x17e
                0x00000120                __WDTCTL = 0x120
                0x000010c0                __TLV_CHECKSUM = 0x10c0
                0x000010f6                __TLV_DCO_30_TAG = 0x10f6
                0x000010f7                __TLV_DCO_30_LEN = 0x10f7
                0x000010da                __TLV_ADC12_1_TAG = 0x10da
                0x000010db                __TLV_ADC12_1_LEN = 0x10db
                0x000010f8                __CALDCO_16MHZ = 0x10f8
                0x000010f9                __CALBC1_16MHZ = 0x10f9
                0x000010fa                __CALDCO_12MHZ = 0x10fa
                0x000010fb                __CALBC1_12MHZ = 0x10fb
                0x000010fc                __CALDCO_8MHZ = 0x10fc
                0x000010fd                __CALBC1_8MHZ = 0x10fd
                0x000010fe                __CALDCO_1MHZ = 0x10fe
                0x000010ff                __CALBC1_1MHZ = 0x10ff

.hash
 *(.hash)

.dynsym
 *(.dynsym)

.dynstr
 *(.dynstr)

.gnu.version
 *(.gnu.version)

.gnu.version_d
 *(.gnu.version_d)

.gnu.version_r
 *(.gnu.version_r)

.rel.init
 *(.rel.init)

.rela.init
 *(.rela.init)

.rel.fini
 *(.rel.fini)

.rela.fini
 *(.rela.fini)

.rel.text
 *(.rel.text .rel.text.* .rel.gnu.linkonce.t.*)

.rela.text
 *(.rela.text .rela.text.* .rela.gnu.linkonce.t.*)

.rel.rodata
 *(.rel.rodata .rel.rodata.* .rel.gnu.linkonce.r.*)

.rela.rodata
 *(.rela.rodata .rela.rodata.* .rela.gnu.linkonce.r.*)

.rel.data
 *(.rel.data .rel.data.* .rel.gnu.linkonce.d.*)

.rela.data
 *(.rela.data .rela.data.* .rela.gnu.linkonce.d.*)

.rel.bss
 *(.rel.bss .rel.bss.* .rel.gnu.linkonce.b.*)

.rela.bss
 *(.rela.bss .rela.bss.* .rela.gnu.linkonce.b.*)

.rel.ctors
 *(.rel.ctors)

.rela.ctors
 *(.rela.ctors)

.rel.dtors
 *(.rel.dtors)

.rela.dtors
 *(.rela.dtors)

.rel.got
 *(.rel.got)

.rela.got
 *(.rela.got)

.rel.plt
 *(.rel.plt)

.rela.plt
 *(.rela.plt)

.text           0x00003100     0xbbb0
                0x00003100                . = ALIGN (0x2)
 *(.init .init.*)
 *(.init0)
 .init0         0x00003100        0x0 /usr/local/bin/../lib/gcc/msp430/4.7.2/mcpu-430x/mmpy-16/msr20/mc20/libcrt0.a(_reset_vector__.o)
                0x00003100                _reset_vector__
 *(.init1)
 .init1         0x00003100        0xc /usr/local/bin/../lib/gcc/msp430/4.7.2/mcpu-430x/mmpy-16/msr20/mc20/libcrt0.a(__watchdog_support.o)
                0x00003100                __watchdog_support
 *(.init2)
 .init2         0x0000310c        0x4 /usr/local/bin/../lib/gcc/msp430/4.7.2/mcpu-430x/mmpy-16/msr20/mc20/libcrt0.a(__init_stack.o)
                0x0000310c                __init_stack
 *(.init3)
 .init3         0x00003110        0x0 /usr/local/bin/../lib/gcc/msp430/4.7.2/mcpu-430x/mmpy-16/msr20/mc20/libcrt0.a(__low_level_init.o)
                0x00003110                __low_level_init
 *(.init4)
 .init4         0x00003110       0x18 /usr/local/bin/../lib/gcc/msp430/4.7.2/mcpu-430x/mmpy-16/msr20/mc20/libcrt0.a(_copy_data.o)
                0x00003110                __do_copy_data
 .init4         0x00003128       0x16 /usr/local/bin/../lib/gcc/msp430/4.7.2/mcpu-430x/mmpy-16/msr20/mc20/libcrt0.a(_clear_bss.o)
                0x00003128                __do_clear_bss
 *(.init5)
 *(.init6)
 *(.init7)
 *(.init8)
 *(.init9)
 .init9         0x0000313e      0x36a obj_z1/contiki-z1-main.o
                0x0000313e                main
 *(.fini9)
 .fini9         0x000034a8        0x0 /usr/local/bin/../lib/gcc/msp430/4.7.2/mcpu-430x/mmpy-16/msr20/mc20/libcrt0.a(__stop_progExec__.o)
                0x000034a8                __stop_progExec__
 *(.fini8)
 *(.fini7)
 *(.fini6)
 *(.fini5)
 *(.fini4)
 *(.fini3)
 *(.fini2)
 *(.fini1)
 *(.fini0)
 .fini0         0x000034a8        0x6 /usr/local/bin/../lib/gcc/msp430/4.7.2/mcpu-430x/mmpy-16/msr20/mc20/libcrt0.a(_endless_loop__.o)
                0x000034a8                _endless_loop__
 *(.fini .fini.*)
                0x000034ae                . = ALIGN (0x2)
                0x000034ae                __ctors_start = .
 *(.ctors)
                0x000034ae                __ctors_end = .
                0x000034ae                __dtors_start = .
 *(.dtors)
                0x000034ae                __dtors_end = .
                0x000034ae                . = ALIGN (0x2)
 *(.text .text.* .gnu.linkonce.t.*)
 .text          0x000034ae        0x4 /usr/local/bin/../lib/gcc/msp430/4.7.2/mcpu-430x/mmpy-16/msr20/mc20/crt0ivtbl32.o
                0x000034ae                __isr_14
                0x000034ae                __isr_4
                0x000034ae                __isr_29
                0x000034ae                __isr_11
                0x000034ae                __isr_5
                0x000034ae                __isr_2
                0x000034ae                __isr_10
                0x000034ae                __isr_7
                0x000034ae                __isr_0
                0x000034ae                __isr_28
                0x000034ae                __isr_8
                0x000034ae                __isr_20
                0x000034ae                __isr_3
                0x000034ae                __isr_12
                0x000034ae                __isr_13
                0x000034ae                __isr_27
                0x000034ae                __isr_9
                0x000034ae                __isr_30
                0x000034ae                __isr_6
                0x000034ae                __isr_22
                0x000034ae                __isr_1
                0x000034ae                __isr_15
                0x000034ae                __isr_21
 .text.libgcc   0x000034b2       0x26 /usr/local/bin/../lib/gcc/msp430/4.7.2/mcpu-430x/mmpy-16/msr20/mc20/libgcc.a(_mulsi3.o)
                0x000034b2                __mulsi3
 .text.libgcc   0x000034d8       0x22 /usr/local/bin/../lib/gcc/msp430/4.7.2/mcpu-430x/mmpy-16/msr20/mc20/libgcc.a(_udivmod16.o)
                0x000034d8                __udivhi3
                0x000034d8                __ext_udivmod16
                0x000034f2                __umodhi3
 .text.libgcc   0x000034fa       0x3a /usr/local/bin/../lib/gcc/msp430/4.7.2/mcpu-430x/mmpy-16/msr20/mc20/libgcc.a(_divmod16.o)
                0x000034fa                __ext_divmod16
                0x000034fa                __divhi3
                0x0000352c                __modhi3
 .text.libgcc   0x00003534       0x38 /usr/local/bin/../lib/gcc/msp430/4.7.2/mcpu-430x/mmpy-16/msr20/mc20/libgcc.a(_udivmod32.o)
                0x00003534                __udivsi3
                0x00003534                __ext_udivmod32
                0x00003562                __umodsi3
 .text.libgcc   0x0000356c       0x4c /usr/local/bin/../lib/gcc/msp430/4.7.2/mcpu-430x/mmpy-16/msr20/mc20/libgcc.a(_divmod32.o)
                0x0000356c                __ext_divmod32
                0x0000356c                __divsi3
                0x000035ae                __modsi3
 .text          0x000035b8        0x2 /usr/local/bin/../lib/gcc/msp430/4.7.2/../../../../msp430/lib/mcpu-430x/mmpy-16/msr20/mc20/libc.a(abort.o)
                0x000035b8                abort
 .text.libgcc   0x000035ba       0xbc /usr/local/bin/../lib/gcc/msp430/4.7.2/mcpu-430x/mmpy-16/msr20/mc20/libgcc.a(_udivmod64.o)
                0x000035ba                __xabi_udivmod64
                0x0000360c                __udivdi3
                0x00003626                __umoddi3
                0x00003648                __udivmoddi4
 .text.crt0     0x00003676        0x2 /usr/local/bin/../lib/gcc/msp430/4.7.2/mcpu-430x/mmpy-16/msr20/mc20/libcrt0.a(_unexpected_.o)
                0x00003676                _unexpected_
 *(.near.text .near.text.*)
 .near.text.watchdog_interrupt
                0x00003678        0x6 contiki-z1.a(watchdog.o)
                0x00003678                __isr_26
                0x00003678                watchdog_interrupt
 .near.text.irq_p2
                0x0000367e       0x76 contiki-z1.a(button-sensor.o)
                0x0000367e                irq_p2
                0x0000367e                __isr_19
 .near.text.uart0_rx_interrupt
                0x000036f4       0x64 contiki-z1.a(uart0.o)
                0x000036f4                __isr_23
                0x000036f4                uart0_rx_interrupt
 .near.text.port1_isr
                0x00003758       0xbe contiki-z1.a(adxl345.o)
                0x00003758                port1_isr
                0x00003758                __isr_18
 .near.text.timera1
                0x00003816      0x10a contiki-z1.a(clock.o)
                0x00003816                __isr_24
                0x00003816                timera1
 .near.text.timera0
                0x00003920       0x5c contiki-z1.a(rtimer-arch.o)
                0x00003920                __isr_25
                0x00003920                timera0
 .near.text.i2c_tx_interrupt
                0x0000397c       0x84 contiki-z1.a(i2cmaster.o)
                0x0000397c                __isr_16
                0x0000397c                i2c_tx_interrupt
 .near.text.i2c_rx_interrupt
                0x00003a00       0x14 contiki-z1.a(i2cmaster.o)
                0x00003a00                i2c_rx_interrupt
                0x00003a00                __isr_17
 .any.text.process_thread_rest_server
                0x00003a14      0x144 subscriber0.co
 .any.text.periodic_handler
                0x00003b58       0x62 obj_z1/res-battery.o
 .any.text.get_handler
                0x00003bba       0xb2 obj_z1/res-battery.o
 .any.text.get_handler
                0x00003c6c      0x162 obj_z1/res-temperature.o
 .any.text.periodic_handler
                0x00003dce      0x160 obj_z1/res-temperature.o
 .any.text.get_handler
                0x00003f2e      0x162 obj_z1/res-hello.o
 .any.text.periodic_handler
                0x00004090      0x160 obj_z1/res-hello.o
 .any.text.reduceBattery
                0x000041f0       0x38 obj_z1/common.o
                0x000041f0                reduceBattery
 .any.text.stampa
                0x00004228       0x60 obj_z1/common.o
                0x00004228                stampa
 .any.text.critic_battery
                0x00004288        0xc obj_z1/common.o
                0x00004288                critic_battery
 .any.text.coap_parse_int_option
                0x00004294       0x36 contiki-z1.a(er-coap.o)
 .any.text.coap_get_variable
                0x000042ca       0x78 contiki-z1.a(er-coap.o)
 .any.text.coap_merge_multi_option
                0x00004342       0x3a contiki-z1.a(er-coap.o)
 .any.text.coap_set_option_header
                0x0000437c       0xa6 contiki-z1.a(er-coap.o)
 .any.text.coap_serialize_int_option
                0x00004422       0xb8 contiki-z1.a(er-coap.o)
 .any.text.coap_serialize_array_option.part.0
                0x000044da       0x28 contiki-z1.a(er-coap.o)
 .any.text.coap_serialize_array_option
                0x00004502       0x82 contiki-z1.a(er-coap.o)
 .any.text.coap_init_connection
                0x00004584       0x22 contiki-z1.a(er-coap.o)
                0x00004584                coap_init_connection
 .any.text.coap_get_mid
                0x000045a6        0xc contiki-z1.a(er-coap.o)
                0x000045a6                coap_get_mid
 .any.text.coap_init_message
                0x000045b2       0x24 contiki-z1.a(er-coap.o)
                0x000045b2                coap_init_message
 .any.text.coap_serialize_message
                0x000045d6      0x3ba contiki-z1.a(er-coap.o)
                0x000045d6                coap_serialize_message
 .any.text.coap_send_message
                0x00004990       0x3e contiki-z1.a(er-coap.o)
                0x00004990                coap_send_message
 .any.text.coap_parse_message
                0x000049ce      0x4a0 contiki-z1.a(er-coap.o)
                0x000049ce                coap_parse_message
 .any.text.coap_get_query_variable
                0x00004e6e       0x1c contiki-z1.a(er-coap.o)
                0x00004e6e                coap_get_query_variable
 .any.text.coap_get_post_variable
                0x00004e8a       0x20 contiki-z1.a(er-coap.o)
                0x00004e8a                coap_get_post_variable
 .any.text.coap_set_status_code
                0x00004eaa       0x12 contiki-z1.a(er-coap.o)
                0x00004eaa                coap_set_status_code
 .any.text.coap_set_token
                0x00004ebc       0x24 contiki-z1.a(er-coap.o)
                0x00004ebc                coap_set_token
 .any.text.coap_get_header_content_format
                0x00004ee0       0x16 contiki-z1.a(er-coap.o)
                0x00004ee0                coap_get_header_content_format
 .any.text.coap_set_header_content_format
                0x00004ef6        0xe contiki-z1.a(er-coap.o)
                0x00004ef6                coap_set_header_content_format
 .any.text.coap_get_header_accept
                0x00004f04       0x14 contiki-z1.a(er-coap.o)
                0x00004f04                coap_get_header_accept
 .any.text.coap_get_header_max_age
                0x00004f18       0x24 contiki-z1.a(er-coap.o)
                0x00004f18                coap_get_header_max_age
 .any.text.coap_set_header_max_age
                0x00004f3c       0x12 contiki-z1.a(er-coap.o)
                0x00004f3c                coap_set_header_max_age
 .any.text.coap_set_header_etag
                0x00004f4e       0x2a contiki-z1.a(er-coap.o)
                0x00004f4e                coap_set_header_etag
 .any.text.coap_get_header_if_match
                0x00004f78       0x1a contiki-z1.a(er-coap.o)
                0x00004f78                coap_get_header_if_match
 .any.text.coap_get_header_if_none_match
                0x00004f92        0xc contiki-z1.a(er-coap.o)
                0x00004f92                coap_get_header_if_none_match
 .any.text.coap_get_header_uri_host
                0x00004f9e       0x16 contiki-z1.a(er-coap.o)
                0x00004f9e                coap_get_header_uri_host
 .any.text.coap_get_header_uri_path
                0x00004fb4       0x16 contiki-z1.a(er-coap.o)
                0x00004fb4                coap_get_header_uri_path
 .any.text.coap_set_header_uri_path
                0x00004fca       0x2a contiki-z1.a(er-coap.o)
                0x00004fca                coap_set_header_uri_path
 .any.text.coap_get_header_uri_query
                0x00004ff4       0x16 contiki-z1.a(er-coap.o)
                0x00004ff4                coap_get_header_uri_query
 .any.text.coap_set_header_location_query
                0x0000500a       0x2c contiki-z1.a(er-coap.o)
                0x0000500a                coap_set_header_location_query
 .any.text.coap_set_header_location_path
                0x00005036       0x5a contiki-z1.a(er-coap.o)
                0x00005036                coap_set_header_location_path
 .any.text.coap_get_header_observe
                0x00005090       0x1c contiki-z1.a(er-coap.o)
                0x00005090                coap_get_header_observe
 .any.text.coap_set_header_observe
                0x000050ac       0x12 contiki-z1.a(er-coap.o)
                0x000050ac                coap_set_header_observe
 .any.text.coap_get_header_block2
                0x000050be       0x4c contiki-z1.a(er-coap.o)
                0x000050be                coap_get_header_block2
 .any.text.coap_set_header_block2
                0x0000510a       0x42 contiki-z1.a(er-coap.o)
                0x0000510a                coap_set_header_block2
 .any.text.coap_get_header_size2
                0x0000514c       0x1c contiki-z1.a(er-coap.o)
                0x0000514c                coap_get_header_size2
 .any.text.coap_set_header_size2
                0x00005168       0x12 contiki-z1.a(er-coap.o)
                0x00005168                coap_set_header_size2
 .any.text.coap_get_payload
                0x0000517a       0x1a contiki-z1.a(er-coap.o)
                0x0000517a                coap_get_payload
 .any.text.coap_set_payload
                0x00005194       0x16 contiki-z1.a(er-coap.o)
                0x00005194                coap_set_payload
 .any.text.coap_set_service_callback
                0x000051aa        0x6 contiki-z1.a(er-coap-engine.)
                0x000051aa                coap_set_service_callback
 .any.text.coap_get_rest_method
                0x000051b0       0x16 contiki-z1.a(er-coap-engine.)
                0x000051b0                coap_get_rest_method
 .any.text.process_thread_coap_engine
                0x000051c6      0x43e contiki-z1.a(er-coap-engine.)
 .any.text.coap_init_engine
                0x00005604        0xc contiki-z1.a(er-coap-engine.)
                0x00005604                coap_init_engine
 .any.text.coap_register_as_transaction_handler
                0x00005610        0x8 contiki-z1.a(er-coap-transac)
                0x00005610                coap_register_as_transaction_handler
 .any.text.coap_new_transaction
                0x00005618       0x46 contiki-z1.a(er-coap-transac)
                0x00005618                coap_new_transaction
 .any.text.coap_clear_transaction
                0x0000565e       0x26 contiki-z1.a(er-coap-transac)
                0x0000565e                coap_clear_transaction
 .any.text.coap_send_transaction
                0x00005684       0xac contiki-z1.a(er-coap-transac)
                0x00005684                coap_send_transaction
 .any.text.coap_get_transaction_by_mid
                0x00005730       0x1e contiki-z1.a(er-coap-transac)
                0x00005730                coap_get_transaction_by_mid
 .any.text.coap_check_transactions
                0x0000574e       0x2e contiki-z1.a(er-coap-transac)
                0x0000574e                coap_check_transactions
 .any.text.coap_remove_observer
                0x0000577c       0x1c contiki-z1.a(er-coap-observe)
                0x0000577c                coap_remove_observer
 .any.text.coap_remove_observer_by_client
                0x00005798       0x42 contiki-z1.a(er-coap-observe)
                0x00005798                coap_remove_observer_by_client
 .any.text.coap_remove_observer_by_token
                0x000057da       0x60 contiki-z1.a(er-coap-observe)
                0x000057da                coap_remove_observer_by_token
 .any.text.coap_remove_observer_by_uri
                0x0000583a       0x68 contiki-z1.a(er-coap-observe)
                0x0000583a                coap_remove_observer_by_uri
 .any.text.coap_remove_observer_by_mid
                0x000058a2       0x4a contiki-z1.a(er-coap-observe)
                0x000058a2                coap_remove_observer_by_mid
 .any.text.coap_notify_observers_sub
                0x000058ec      0x1b2 contiki-z1.a(er-coap-observe)
                0x000058ec                coap_notify_observers_sub
 .any.text.coap_notify_observers
                0x00005a9e        0x8 contiki-z1.a(er-coap-observe)
                0x00005a9e                coap_notify_observers
 .any.text.coap_observe_handler
                0x00005aa6      0x114 contiki-z1.a(er-coap-observe)
                0x00005aa6                coap_observe_handler
 .any.text.well_known_core_get_handler
                0x00005bba      0x238 contiki-z1.a(er-coap-res-wel)
                0x00005bba                well_known_core_get_handler
 .any.text.simple_reply
                0x00005df2       0x34 contiki-z1.a(er-coap-observe)
 .any.text.classify_notification
                0x00005e26       0x5a contiki-z1.a(er-coap-observe)
 .any.text.coap_get_obs_subject_by_token
                0x00005e80       0x4e contiki-z1.a(er-coap-observe)
                0x00005e80                coap_get_obs_subject_by_token
 .any.text.coap_handle_notification
                0x00005ece       0xbe contiki-z1.a(er-coap-observe)
                0x00005ece                coap_handle_notification
 .any.text.process_thread_rest_engine_process
                0x00005f8c       0xc0 contiki-z1.a(rest-engine.o)
 .any.text.rest_invoke_restful_service
                0x0000604c       0xf8 contiki-z1.a(rest-engine.o)
                0x0000604c                rest_invoke_restful_service
 .any.text.rest_init_engine
                0x00006144       0x30 contiki-z1.a(rest-engine.o)
                0x00006144                rest_init_engine
 .any.text.rest_activate_resource
                0x00006174       0x3e contiki-z1.a(rest-engine.o)
                0x00006174                rest_activate_resource
 .any.text.rest_get_resources
                0x000061b2        0x6 contiki-z1.a(rest-engine.o)
                0x000061b2                rest_get_resources
 .any.text.init_platform
                0x000061b8        0xc contiki-z1.a(contiki-z1-plat)
                0x000061b8                init_platform
 .any.text.msp430_init_dco
                0x000061c4       0x28 contiki-z1.a(msp430.o)
                0x000061c4                msp430_init_dco
 .any.text.splhigh_
                0x000061ec        0x8 contiki-z1.a(msp430.o)
                0x000061ec                splhigh_
 .any.text.msp430_sync_dco
                0x000061f4       0x6e contiki-z1.a(msp430.o)
                0x000061f4                msp430_sync_dco
 .any.text.msp430_cpu_init
                0x00006262       0x2e contiki-z1.a(msp430.o)
                0x00006262                msp430_cpu_init
 .any.text.show_leds
                0x00006290       0xe8 contiki-z1.a(leds.o)
 .any.text.leds_init
                0x00006378        0xa contiki-z1.a(leds.o)
                0x00006378                leds_init
 .any.text.leds_on
                0x00006382        0xa contiki-z1.a(leds.o)
                0x00006382                leds_on
 .any.text.leds_off
                0x0000638c        0xe contiki-z1.a(leds.o)
                0x0000638c                leds_off
 .any.text.watchdog_start
                0x0000639a       0x14 contiki-z1.a(watchdog.o)
                0x0000639a                watchdog_start
 .any.text.watchdog_periodic
                0x000063ae       0x12 contiki-z1.a(watchdog.o)
                0x000063ae                watchdog_periodic
 .any.text.watchdog_stop
                0x000063c0       0x16 contiki-z1.a(watchdog.o)
                0x000063c0                watchdog_stop
 .any.text.watchdog_init
                0x000063d6       0x12 contiki-z1.a(watchdog.o)
                0x000063d6                watchdog_init
 .any.text.wait_ready
                0x000063e8       0x46 contiki-z1.a(xmem.o)
 .any.text.xmem_init
                0x0000642e       0x1e contiki-z1.a(xmem.o)
                0x0000642e                xmem_init
 .any.text.xmem_pread
                0x0000644c       0xc0 contiki-z1.a(xmem.o)
                0x0000644c                xmem_pread
 .any.text.spi_init
                0x0000650c       0x32 contiki-z1.a(spi.o)
                0x0000650c                spi_init
 .any.text.get_object
                0x0000653e        0x4 contiki-z1.a(cc2420.o)
 .any.text.set_object
                0x00006542        0x4 contiki-z1.a(cc2420.o)
 .any.text.strobe
                0x00006546       0x1a contiki-z1.a(cc2420.o)
 .any.text.getreg
                0x00006560       0x46 contiki-z1.a(cc2420.o)
 .any.text.setreg
                0x000065a6       0x44 contiki-z1.a(cc2420.o)
 .any.text.write_ram
                0x000065ea       0x72 contiki-z1.a(cc2420.o)
 .any.text.write_fifo_buf
                0x0000665c       0x38 contiki-z1.a(cc2420.o)
 .any.text.get_status
                0x00006694       0x1e contiki-z1.a(cc2420.o)
 .any.text.set_txpower
                0x000066b2       0x24 contiki-z1.a(cc2420.o)
 .any.text.cc2420_receiving_packet
                0x000066d6        0xa contiki-z1.a(cc2420.o)
 .any.text.pending_packet
                0x000066e0        0xa contiki-z1.a(cc2420.o)
 .any.text.on   0x000066ea       0x26 contiki-z1.a(cc2420.o)
 .any.text.wait_for_transmission
                0x00006710       0x22 contiki-z1.a(cc2420.o)
 .any.text.wait_for_status
                0x00006732       0x24 contiki-z1.a(cc2420.o)
 .any.text.getrxdata
                0x00006756       0x4c contiki-z1.a(cc2420.o)
 .any.text.flushrx
                0x000067a2       0x1a contiki-z1.a(cc2420.o)
 .any.text.off  0x000067bc       0x5a contiki-z1.a(cc2420.o)
 .any.text.RELEASE_LOCK
                0x00006816       0x28 contiki-z1.a(cc2420.o)
 .any.text.set_frame_filtering
                0x0000683e       0x30 contiki-z1.a(cc2420.o)
 .any.text.set_auto_ack
                0x0000686e       0x30 contiki-z1.a(cc2420.o)
 .any.text.set_poll_mode
                0x0000689e       0x2c contiki-z1.a(cc2420.o)
 .any.text.cc2420_prepare
                0x000068ca       0x38 contiki-z1.a(cc2420.o)
 .any.text.cc2420_on
                0x00006902       0x22 contiki-z1.a(cc2420.o)
                0x00006902                cc2420_on
 .any.text.cc2420_off
                0x00006924       0x30 contiki-z1.a(cc2420.o)
                0x00006924                cc2420_off
 .any.text.cc2420_cca
                0x00006954       0x54 contiki-z1.a(cc2420.o)
 .any.text.cc2420_read
                0x000069a8       0xb8 contiki-z1.a(cc2420.o)
 .any.text.process_thread_cc2420_process
                0x00006a60       0x5c contiki-z1.a(cc2420.o)
 .any.text.cc2420_set_channel
                0x00006abc       0x3a contiki-z1.a(cc2420.o)
                0x00006abc                cc2420_set_channel
 .any.text.cc2420_set_pan_addr
                0x00006af6       0x4c contiki-z1.a(cc2420.o)
                0x00006af6                cc2420_set_pan_addr
 .any.text.cc2420_interrupt
                0x00006b42       0x16 contiki-z1.a(cc2420.o)
                0x00006b42                cc2420_interrupt
 .any.text.cc2420_set_txpower
                0x00006b58        0xe contiki-z1.a(cc2420.o)
                0x00006b58                cc2420_set_txpower
 .any.text.cc2420_get_txpower
                0x00006b66       0x1e contiki-z1.a(cc2420.o)
                0x00006b66                cc2420_get_txpower
 .any.text.cc2420_transmit
                0x00006b84      0x10e contiki-z1.a(cc2420.o)
 .any.text.cc2420_send
                0x00006c92       0x12 contiki-z1.a(cc2420.o)
 .any.text.cc2420_rssi
                0x00006ca4       0x48 contiki-z1.a(cc2420.o)
                0x00006ca4                cc2420_rssi
 .any.text.get_value
                0x00006cec      0x104 contiki-z1.a(cc2420.o)
 .any.text.cc2420_set_cca_threshold
                0x00006df0       0x16 contiki-z1.a(cc2420.o)
                0x00006df0                cc2420_set_cca_threshold
 .any.text.set_value
                0x00006e06       0xb2 contiki-z1.a(cc2420.o)
 .any.text.cc2420_init
                0x00006eb8       0xea contiki-z1.a(cc2420.o)
                0x00006eb8                cc2420_init
 .any.text.cc2420_arch_init
                0x00006fa2       0x1a contiki-z1.a(cc2420-arch.o)
                0x00006fa2                cc2420_arch_init
 .any.text.node_id_restore
                0x00006fbc       0x4c contiki-z1.a(node-id.o)
                0x00006fbc                node_id_restore
 .any.text.process_thread_sensors_process
                0x00007008       0xc2 contiki-z1.a(sensors.o)
 .any.text.sensors_changed
                0x000070ca       0x2a contiki-z1.a(sensors.o)
                0x000070ca                sensors_changed
 .any.text.status
                0x000070f4       0x18 contiki-z1.a(button-sensor.o)
 .any.text.value
                0x0000710c       0x20 contiki-z1.a(button-sensor.o)
 .any.text.configure
                0x0000712c       0x4e contiki-z1.a(button-sensor.o)
 .any.text.uart0_active
                0x0000717a        0xe contiki-z1.a(uart0.o)
                0x0000717a                uart0_active
 .any.text.uart0_writeb
                0x00007188       0x16 contiki-z1.a(uart0.o)
                0x00007188                uart0_writeb
 .any.text.uart0_init
                0x0000719e       0x4e contiki-z1.a(uart0.o)
                0x0000719e                uart0_init
 .any.text.putchar
                0x000071ec       0x10 contiki-z1.a(uart0-putchar.o)
                0x000071ec                putchar
 .any.text.status
                0x000071fc       0x12 contiki-z1.a(adxl345.o)
 .any.text.accm_write_reg
                0x0000720e       0x2e contiki-z1.a(adxl345.o)
 .any.text.accm_write_stream
                0x0000723c       0x2a contiki-z1.a(adxl345.o)
 .any.text.accm_read_reg
                0x00007266       0x54 contiki-z1.a(adxl345.o)
 .any.text.process_thread_accmeter_process
                0x000072ba       0x56 contiki-z1.a(adxl345.o)
 .any.text.accm_read_axis.part.0
                0x00007310       0x5a contiki-z1.a(adxl345.o)
 .any.text.value
                0x0000736a       0x1e contiki-z1.a(adxl345.o)
 .any.text.accm_init
                0x00007388       0x78 contiki-z1.a(adxl345.o)
                0x00007388                accm_init
 .any.text.accm_stop
                0x00007400       0x32 contiki-z1.a(adxl345.o)
                0x00007400                accm_stop
 .any.text.configure
                0x00007432       0x26 contiki-z1.a(adxl345.o)
 .any.text.value
                0x00007458        0x6 contiki-z1.a(temperature-sen)
 .any.text.status
                0x0000745e        0xc contiki-z1.a(temperature-sen)
 .any.text.configure
                0x0000746a       0x12 contiki-z1.a(temperature-sen)
 .any.text.value
                0x0000747c        0x6 contiki-z1.a(battery-sensor.)
 .any.text.status
                0x00007482        0xc contiki-z1.a(battery-sensor.)
 .any.text.configure
                0x0000748e       0x12 contiki-z1.a(battery-sensor.)
 .any.text.sky_sensors_status
                0x000074a0       0x3c contiki-z1.a(sky-sensors.o)
                0x000074a0                sky_sensors_status
 .any.text.sky_sensors_configure
                0x000074dc       0xe6 contiki-z1.a(sky-sensors.o)
                0x000074dc                sky_sensors_configure
 .any.text.status
                0x000075c2       0x12 contiki-z1.a(tmp102.o)
 .any.text.tmp102_init
                0x000075d4       0x24 contiki-z1.a(tmp102.o)
                0x000075d4                tmp102_init
 .any.text.tmp102_stop
                0x000075f8        0xa contiki-z1.a(tmp102.o)
                0x000075f8                tmp102_stop
 .any.text.configure
                0x00007602       0x26 contiki-z1.a(tmp102.o)
 .any.text.tmp102_read_reg
                0x00007628       0x5e contiki-z1.a(tmp102.o)
                0x00007628                tmp102_read_reg
 .any.text.tmp102_read_temp_x100
                0x00007686       0x58 contiki-z1.a(tmp102.o)
                0x00007686                tmp102_read_temp_x100
 .any.text.value
                0x000076de        0x6 contiki-z1.a(tmp102.o)
 .any.text.clock_time
                0x000076e4       0x1a contiki-z1.a(clock.o)
                0x000076e4                clock_time
 .any.text.clock_init
                0x000076fe       0x28 contiki-z1.a(clock.o)
                0x000076fe                clock_init
 .any.text.clock_delay
                0x00007726        0xc contiki-z1.a(clock.o)
                0x00007726                clock_delay
 .any.text.clock_wait
                0x00007732       0x24 contiki-z1.a(clock.o)
                0x00007732                clock_wait
 .any.text.clock_seconds
                0x00007756       0x1a contiki-z1.a(clock.o)
                0x00007756                clock_seconds
 .any.text.leds_arch_init
                0x00007770        0xe contiki-z1.a(leds-arch.o)
                0x00007770                leds_arch_init
 .any.text.leds_arch_set
                0x0000777e       0x38 contiki-z1.a(leds-arch.o)
                0x0000777e                leds_arch_set
 .any.text.rtimer_arch_init
                0x000077b6        0xe contiki-z1.a(rtimer-arch.o)
                0x000077b6                rtimer_arch_init
 .any.text.rtimer_arch_now
                0x000077c4        0xe contiki-z1.a(rtimer-arch.o)
                0x000077c4                rtimer_arch_now
 .any.text.rtimer_arch_schedule
                0x000077d2        0x6 contiki-z1.a(rtimer-arch.o)
                0x000077d2                rtimer_arch_schedule
 .any.text.autostart_start
                0x000077d8       0x16 contiki-z1.a(autostart.o)
                0x000077d8                autostart_start
 .any.text.process_thread_ctimer_process
                0x000077ee       0xa0 contiki-z1.a(ctimer.o)
 .any.text.ctimer_init
                0x0000788e       0x18 contiki-z1.a(ctimer.o)
                0x0000788e                ctimer_init
 .any.text.ctimer_set_with_process
                0x000078a6       0x4a contiki-z1.a(ctimer.o)
                0x000078a6                ctimer_set_with_process
 .any.text.ctimer_set
                0x000078f0       0x10 contiki-z1.a(ctimer.o)
                0x000078f0                ctimer_set
 .any.text.ctimer_reset
                0x00007900       0x2c contiki-z1.a(ctimer.o)
                0x00007900                ctimer_reset
 .any.text.ctimer_restart
                0x0000792c       0x2c contiki-z1.a(ctimer.o)
                0x0000792c                ctimer_restart
 .any.text.ctimer_stop
                0x00007958       0x28 contiki-z1.a(ctimer.o)
                0x00007958                ctimer_stop
 .any.text.energest_init
                0x00007980       0x24 contiki-z1.a(energest.o)
                0x00007980                energest_init
 .any.text.energest_type_time
                0x000079a4       0x3c contiki-z1.a(energest.o)
                0x000079a4                energest_type_time
 .any.text.energest_type_set
                0x000079e0        0xc contiki-z1.a(energest.o)
                0x000079e0                energest_type_set
 .any.text.energest_flush
                0x000079ec       0x38 contiki-z1.a(energest.o)
                0x000079ec                energest_flush
 .any.text.update_time
                0x00007a24       0x70 contiki-z1.a(etimer.o)
 .any.text.etimer_request_poll
                0x00007a94        0xa contiki-z1.a(etimer.o)
                0x00007a94                etimer_request_poll
 .any.text.process_thread_etimer_process
                0x00007a9e       0xc4 contiki-z1.a(etimer.o)
 .any.text.add_timer
                0x00007b62       0x40 contiki-z1.a(etimer.o)
 .any.text.etimer_set
                0x00007ba2       0x12 contiki-z1.a(etimer.o)
                0x00007ba2                etimer_set
 .any.text.etimer_reset
                0x00007bb4       0x12 contiki-z1.a(etimer.o)
                0x00007bb4                etimer_reset
 .any.text.etimer_restart
                0x00007bc6       0x12 contiki-z1.a(etimer.o)
                0x00007bc6                etimer_restart
 .any.text.etimer_expired
                0x00007bd8        0xe contiki-z1.a(etimer.o)
                0x00007bd8                etimer_expired
 .any.text.etimer_expiration_time
                0x00007be6       0x14 contiki-z1.a(etimer.o)
                0x00007be6                etimer_expiration_time
 .any.text.etimer_pending
                0x00007bfa        0xc contiki-z1.a(etimer.o)
                0x00007bfa                etimer_pending
 .any.text.etimer_next_expiration_time
                0x00007c06       0x16 contiki-z1.a(etimer.o)
                0x00007c06                etimer_next_expiration_time
 .any.text.etimer_stop
                0x00007c1c       0x3e contiki-z1.a(etimer.o)
                0x00007c1c                etimer_stop
 .any.text.call_process
                0x00007c5a       0x40 contiki-z1.a(process.o)
 .any.text.exit_process
                0x00007c9a       0x88 contiki-z1.a(process.o)
 .any.text.do_poll
                0x00007d22       0x30 contiki-z1.a(process.o)
 .any.text.process_alloc_event
                0x00007d52        0xe contiki-z1.a(process.o)
                0x00007d52                process_alloc_event
 .any.text.process_init
                0x00007d60       0x1c contiki-z1.a(process.o)
                0x00007d60                process_init
 .any.text.process_run
                0x00007d7c       0x8c contiki-z1.a(process.o)
                0x00007d7c                process_run
 .any.text.process_nevents
                0x00007e08        0xe contiki-z1.a(process.o)
                0x00007e08                process_nevents
 .any.text.process_post
                0x00007e16       0x4a contiki-z1.a(process.o)
                0x00007e16                process_post
 .any.text.process_post_synch
                0x00007e60       0x12 contiki-z1.a(process.o)
                0x00007e60                process_post_synch
 .any.text.process_start
                0x00007e72       0x36 contiki-z1.a(process.o)
                0x00007e72                process_start
 .any.text.process_poll
                0x00007ea8       0x18 contiki-z1.a(process.o)
                0x00007ea8                process_poll
 .any.text.rtimer_init
                0x00007ec0        0x6 contiki-z1.a(rtimer.o)
                0x00007ec0                rtimer_init
 .any.text.rtimer_run_next
                0x00007ec6       0x26 contiki-z1.a(rtimer.o)
                0x00007ec6                rtimer_run_next
 .any.text.timer_set
                0x00007eec       0x1c contiki-z1.a(timer.o)
                0x00007eec                timer_set
 .any.text.timer_reset
                0x00007f08        0xe contiki-z1.a(timer.o)
                0x00007f08                timer_reset
 .any.text.timer_restart
                0x00007f16       0x14 contiki-z1.a(timer.o)
                0x00007f16                timer_restart
 .any.text.timer_expired
                0x00007f2a       0x2a contiki-z1.a(timer.o)
                0x00007f2a                timer_expired
 .any.text.list_init
                0x00007f54        0x6 contiki-z1.a(list.o)
                0x00007f54                list_init
 .any.text.list_head
                0x00007f5a        0x4 contiki-z1.a(list.o)
                0x00007f5a                list_head
 .any.text.list_tail
                0x00007f5e       0x12 contiki-z1.a(list.o)
                0x00007f5e                list_tail
 .any.text.list_remove
                0x00007f70       0x34 contiki-z1.a(list.o)
                0x00007f70                list_remove
 .any.text.list_push
                0x00007fa4       0x16 contiki-z1.a(list.o)
                0x00007fa4                list_push
 .any.text.list_add
                0x00007fba       0x26 contiki-z1.a(list.o)
                0x00007fba                list_add
 .any.text.list_length
                0x00007fe0       0x10 contiki-z1.a(list.o)
                0x00007fe0                list_length
 .any.text.list_item_next
                0x00007ff0        0xc contiki-z1.a(list.o)
                0x00007ff0                list_item_next
 .any.text.memb_init
                0x00007ffc       0x36 contiki-z1.a(memb.o)
                0x00007ffc                memb_init
 .any.text.memb_alloc
                0x00008032       0x3e contiki-z1.a(memb.o)
                0x00008032                memb_alloc
 .any.text.memb_free
                0x00008070       0x3a contiki-z1.a(memb.o)
                0x00008070                memb_free
 .any.text.memb_inmemb
                0x000080aa       0x2a contiki-z1.a(memb.o)
                0x000080aa                memb_inmemb
 .any.text.memb_numfree
                0x000080d4       0x26 contiki-z1.a(memb.o)
                0x000080d4                memb_numfree
 .any.text.random_init
                0x000080fa        0x6 contiki-z1.a(random.o)
                0x000080fa                random_init
 .any.text.random_rand
                0x00008100        0x6 contiki-z1.a(random.o)
                0x00008100                random_rand
 .any.text.uip_ds6_list_loop
                0x00008106       0x66 contiki-z1.a(uip-ds6.o)
                0x00008106                uip_ds6_list_loop
 .any.text.uip_ds6_prefix_add
                0x0000816c       0x70 contiki-z1.a(uip-ds6.o)
                0x0000816c                uip_ds6_prefix_add
 .any.text.uip_ds6_is_addr_onlink
                0x000081dc       0x42 contiki-z1.a(uip-ds6.o)
                0x000081dc                uip_ds6_is_addr_onlink
 .any.text.uip_ds6_addr_lookup
                0x0000821e       0x2a contiki-z1.a(uip-ds6.o)
                0x0000821e                uip_ds6_addr_lookup
 .any.text.uip_ds6_get_link_local
                0x00008248       0x3e contiki-z1.a(uip-ds6.o)
                0x00008248                uip_ds6_get_link_local
 .any.text.uip_ds6_maddr_add
                0x00008286       0x48 contiki-z1.a(uip-ds6.o)
                0x00008286                uip_ds6_maddr_add
 .any.text.uip_ds6_addr_add
                0x000082ce       0xb4 contiki-z1.a(uip-ds6.o)
                0x000082ce                uip_ds6_addr_add
 .any.text.uip_ds6_maddr_rm
                0x00008382        0xa contiki-z1.a(uip-ds6.o)
                0x00008382                uip_ds6_maddr_rm
 .any.text.uip_ds6_maddr_lookup
                0x0000838c       0x2a contiki-z1.a(uip-ds6.o)
                0x0000838c                uip_ds6_maddr_lookup
 .any.text.uip_ds6_addr_rm
                0x000083b6       0x54 contiki-z1.a(uip-ds6.o)
                0x000083b6                uip_ds6_addr_rm
 .any.text.uip_ds6_periodic
                0x0000840a       0x46 contiki-z1.a(uip-ds6.o)
                0x0000840a                uip_ds6_periodic
 .any.text.uip_ds6_set_addr_iid
                0x00008450       0x14 contiki-z1.a(uip-ds6.o)
                0x00008450                uip_ds6_set_addr_iid
 .any.text.get_match_length
                0x00008464       0x3c contiki-z1.a(uip-ds6.o)
                0x00008464                get_match_length
 .any.text.uip_ds6_select_src
                0x000084a0       0x9a contiki-z1.a(uip-ds6.o)
                0x000084a0                uip_ds6_select_src
 .any.text.uip_ds6_compute_reachable_time
                0x0000853a       0x36 contiki-z1.a(uip-ds6.o)
                0x0000853a                uip_ds6_compute_reachable_time
 .any.text.uip_ds6_init
                0x00008570      0x138 contiki-z1.a(uip-ds6.o)
                0x00008570                uip_ds6_init
 .any.text.call_route_callback
                0x000086a8       0x40 contiki-z1.a(uip-ds6-route.o)
 .any.text.uip_ds6_route_init
                0x000086e8       0x36 contiki-z1.a(uip-ds6-route.o)
                0x000086e8                uip_ds6_route_init
 .any.text.uip_ds6_route_nexthop
                0x0000871e       0x1a contiki-z1.a(uip-ds6-route.o)
                0x0000871e                uip_ds6_route_nexthop
 .any.text.uip_ds6_route_head
                0x00008738        0xa contiki-z1.a(uip-ds6-route.o)
                0x00008738                uip_ds6_route_head
 .any.text.uip_ds6_route_next
                0x00008742        0xe contiki-z1.a(uip-ds6-route.o)
                0x00008742                uip_ds6_route_next
 .any.text.uip_ds6_route_is_nexthop
                0x00008750       0x22 contiki-z1.a(uip-ds6-route.o)
                0x00008750                uip_ds6_route_is_nexthop
 .any.text.uip_ds6_route_lookup
                0x00008772       0x6e contiki-z1.a(uip-ds6-route.o)
                0x00008772                uip_ds6_route_lookup
 .any.text.uip_ds6_route_rm
                0x000087e0       0xa2 contiki-z1.a(uip-ds6-route.o)
                0x000087e0                uip_ds6_route_rm
 .any.text.rm_routelist
                0x00008882       0x34 contiki-z1.a(uip-ds6-route.o)
 .any.text.rm_routelist_callback
                0x000088b6        0x6 contiki-z1.a(uip-ds6-route.o)
 .any.text.uip_ds6_route_add
                0x000088bc       0xfc contiki-z1.a(uip-ds6-route.o)
                0x000088bc                uip_ds6_route_add
 .any.text.uip_ds6_defrt_rm
                0x000089b8       0x44 contiki-z1.a(uip-ds6-route.o)
                0x000089b8                uip_ds6_defrt_rm
 .any.text.uip_ds6_defrt_lookup
                0x000089fc       0x32 contiki-z1.a(uip-ds6-route.o)
                0x000089fc                uip_ds6_defrt_lookup
 .any.text.uip_ds6_defrt_add
                0x00008a2e       0x68 contiki-z1.a(uip-ds6-route.o)
                0x00008a2e                uip_ds6_defrt_add
 .any.text.uip_ds6_defrt_choose
                0x00008a96       0x36 contiki-z1.a(uip-ds6-route.o)
                0x00008a96                uip_ds6_defrt_choose
 .any.text.uip_ds6_defrt_periodic
                0x00008acc       0x38 contiki-z1.a(uip-ds6-route.o)
                0x00008acc                uip_ds6_defrt_periodic
 .any.text.chksum
                0x00008b04       0x32 contiki-z1.a(uip6.o)
 .any.text.upper_layer_chksum
                0x00008b36       0x56 contiki-z1.a(uip6.o)
 .any.text.ext_hdr_options_process
                0x00008b8c       0xc2 contiki-z1.a(uip6.o)
 .any.text.uip_icmp6chksum
                0x00008c4e        0xa contiki-z1.a(uip6.o)
                0x00008c4e                uip_icmp6chksum
 .any.text.uip_udpchksum
                0x00008c58        0xa contiki-z1.a(uip6.o)
                0x00008c58                uip_udpchksum
 .any.text.uip_init
                0x00008c62       0x26 contiki-z1.a(uip6.o)
                0x00008c62                uip_init
 .any.text.remove_ext_hdr
                0x00008c88       0x50 contiki-z1.a(uip6.o)
                0x00008c88                remove_ext_hdr
 .any.text.uip_udp_new
                0x00008cd8       0xa2 contiki-z1.a(uip6.o)
                0x00008cd8                uip_udp_new
 .any.text.uip_process
                0x00008d7a      0x48c contiki-z1.a(uip6.o)
                0x00008d7a                uip_process
 .any.text.uip_htonl
                0x00009206       0x2a contiki-z1.a(uip6.o)
                0x00009206                uip_htonl
 .any.text.uip_ds6_nbr_rm
                0x00009230       0x1e contiki-z1.a(uip-ds6-nbr.o)
                0x00009230                uip_ds6_nbr_rm
 .any.text.uip_ds6_neighbors_init
                0x0000924e       0x12 contiki-z1.a(uip-ds6-nbr.o)
                0x0000924e                uip_ds6_neighbors_init
 .any.text.uip_ds6_nbr_add
                0x00009260       0x36 contiki-z1.a(uip-ds6-nbr.o)
                0x00009260                uip_ds6_nbr_add
 .any.text.uip_ds6_nbr_get_ll
                0x00009296        0xc contiki-z1.a(uip-ds6-nbr.o)
                0x00009296                uip_ds6_nbr_get_ll
 .any.text.uip_ds6_nbr_lookup
                0x000092a2       0x3e contiki-z1.a(uip-ds6-nbr.o)
                0x000092a2                uip_ds6_nbr_lookup
 .any.text.uip_ds6_nbr_ll_lookup
                0x000092e0        0xc contiki-z1.a(uip-ds6-nbr.o)
                0x000092e0                uip_ds6_nbr_ll_lookup
 .any.text.uip_ds6_nbr_ipaddr_from_lladdr
                0x000092ec        0x6 contiki-z1.a(uip-ds6-nbr.o)
                0x000092ec                uip_ds6_nbr_ipaddr_from_lladdr
 .any.text.uip_ds6_nbr_lladdr_from_ipaddr
                0x000092f2       0x12 contiki-z1.a(uip-ds6-nbr.o)
                0x000092f2                uip_ds6_nbr_lladdr_from_ipaddr
 .any.text.uip_ds6_link_neighbor_callback
                0x00009304       0x32 contiki-z1.a(uip-ds6-nbr.o)
                0x00009304                uip_ds6_link_neighbor_callback
 .any.text.uip_nd6_init
                0x00009336        0x2 contiki-z1.a(uip-nd6.o)
                0x00009336                uip_nd6_init
 .any.text.clear_fragments
                0x00009338       0x38 contiki-z1.a(sicslowpan.o)
 .any.text.set_packet_attrs
                0x00009370       0x46 contiki-z1.a(sicslowpan.o)
 .any.text.addr_context_lookup_by_number
                0x000093b6       0x30 contiki-z1.a(sicslowpan.o)
 .any.text.compress_addr_64
                0x000093e6       0x9a contiki-z1.a(sicslowpan.o)
 .any.text.store_fragment
                0x00009480       0x6e contiki-z1.a(sicslowpan.o)
 .any.text.uncompress_addr
                0x000094ee       0x96 contiki-z1.a(sicslowpan.o)
 .any.text.sicslowpan_init
                0x00009584       0x24 contiki-z1.a(sicslowpan.o)
                0x00009584                sicslowpan_init
 .any.text.addr_context_lookup_by_prefix
                0x000095a8       0x4a contiki-z1.a(sicslowpan.o)
 .any.text.packet_sent
                0x000095f2       0x22 contiki-z1.a(sicslowpan.o)
 .any.text.add_fragment
                0x00009614      0x160 contiki-z1.a(sicslowpan.o)
 .any.text.input
                0x00009774      0x60e contiki-z1.a(sicslowpan.o)
 .any.text.send_packet
                0x00009d82       0x1a contiki-z1.a(sicslowpan.o)
 .any.text.output
                0x00009d9c      0x67c contiki-z1.a(sicslowpan.o)
 .any.text.uip_debug_ipaddr_print
                0x0000a418       0xbc contiki-z1.a(uip-debug.o)
                0x0000a418                uip_debug_ipaddr_print
 .any.text.uip_udp_packet_send
                0x0000a4d4       0x2a contiki-z1.a(uip-udp-packet.)
                0x0000a4d4                uip_udp_packet_send
 .any.text.tcpip_output
                0x0000a4fe       0x10 contiki-z1.a(tcpip.o)
                0x0000a4fe                tcpip_output
 .any.text.tcpip_set_outputfunc
                0x0000a50e        0x6 contiki-z1.a(tcpip.o)
                0x0000a50e                tcpip_set_outputfunc
 .any.text.udp_new
                0x0000a514       0x1a contiki-z1.a(tcpip.o)
                0x0000a514                udp_new
 .any.text.tcpip_input
                0x0000a52e       0x16 contiki-z1.a(tcpip.o)
                0x0000a52e                tcpip_input
 .any.text.tcpip_ipv6_output
                0x0000a544       0xcc contiki-z1.a(tcpip.o)
                0x0000a544                tcpip_ipv6_output
 .any.text.process_thread_tcpip_process
                0x0000a610       0xd0 contiki-z1.a(tcpip.o)
 .any.text.tcpip_uipcall
                0x0000a6e0       0x2a contiki-z1.a(tcpip.o)
                0x0000a6e0                tcpip_uipcall
 .any.text.lollipop_greater_than
                0x0000a70a       0x3c contiki-z1.a(rpl-dag.o)
 .any.text.find_parent_any_dag_any_instance
                0x0000a746       0x14 contiki-z1.a(rpl-dag.o)
 .any.text.set_ip_from_prefix
                0x0000a75a       0x30 contiki-z1.a(rpl-dag.o)
 .any.text.check_prefix
                0x0000a78a       0x70 contiki-z1.a(rpl-dag.o)
 .any.text.rpl_set_preferred_parent
                0x0000a7fa       0x2c contiki-z1.a(rpl-dag.o)
 .any.text.rpl_dag_init
                0x0000a826        0xe contiki-z1.a(rpl-dag.o)
                0x0000a826                rpl_dag_init
 .any.text.rpl_get_parent
                0x0000a834        0xc contiki-z1.a(rpl-dag.o)
                0x0000a834                rpl_get_parent
 .any.text.rpl_rank_via_parent
                0x0000a840       0x2a contiki-z1.a(rpl-dag.o)
                0x0000a840                rpl_rank_via_parent
 .any.text.rpl_get_parent_lladdr
                0x0000a86a        0xc contiki-z1.a(rpl-dag.o)
                0x0000a86a                rpl_get_parent_lladdr
 .any.text.rpl_get_parent_ipaddr
                0x0000a876        0xa contiki-z1.a(rpl-dag.o)
                0x0000a876                rpl_get_parent_ipaddr
 .any.text.rpl_get_parent_link_stats
                0x0000a880        0xa contiki-z1.a(rpl-dag.o)
                0x0000a880                rpl_get_parent_link_stats
 .any.text.rpl_parent_is_fresh
                0x0000a88a        0xa contiki-z1.a(rpl-dag.o)
                0x0000a88a                rpl_parent_is_fresh
 .any.text.best_parent
                0x0000a894       0x66 contiki-z1.a(rpl-dag.o)
 .any.text.rpl_parent_is_reachable
                0x0000a8fa       0x4a contiki-z1.a(rpl-dag.o)
                0x0000a8fa                rpl_parent_is_reachable
 .any.text.rpl_set_prefix
                0x0000a944       0x74 contiki-z1.a(rpl-dag.o)
                0x0000a944                rpl_set_prefix
 .any.text.rpl_set_default_route
                0x0000a9b8       0x3a contiki-z1.a(rpl-dag.o)
                0x0000a9b8                rpl_set_default_route
 .any.text.rpl_alloc_instance
                0x0000a9f2       0x34 contiki-z1.a(rpl-dag.o)
                0x0000a9f2                rpl_alloc_instance
 .any.text.rpl_add_parent
                0x0000aa26       0x3a contiki-z1.a(rpl-dag.o)
                0x0000aa26                rpl_add_parent
 .any.text.rpl_find_parent
                0x0000aa60       0x1a contiki-z1.a(rpl-dag.o)
                0x0000aa60                rpl_find_parent
 .any.text.rpl_find_parent_any_dag
                0x0000aa7a       0x22 contiki-z1.a(rpl-dag.o)
                0x0000aa7a                rpl_find_parent_any_dag
 .any.text.rpl_select_parent
                0x0000aa9c       0x62 contiki-z1.a(rpl-dag.o)
                0x0000aa9c                rpl_select_parent
 .any.text.rpl_select_dag
                0x0000aafe      0x192 contiki-z1.a(rpl-dag.o)
                0x0000aafe                rpl_select_dag
 .any.text.rpl_nullify_parent
                0x0000ac90       0x5c contiki-z1.a(rpl-dag.o)
                0x0000ac90                rpl_nullify_parent
 .any.text.rpl_remove_parent
                0x0000acec       0x16 contiki-z1.a(rpl-dag.o)
                0x0000acec                rpl_remove_parent
 .any.text.nbr_callback
                0x0000ad02        0x6 contiki-z1.a(rpl-dag.o)
 .any.text.remove_parents.constprop.4
                0x0000ad08       0x2c contiki-z1.a(rpl-dag.o)
 .any.text.rpl_free_dag
                0x0000ad34       0x42 contiki-z1.a(rpl-dag.o)
                0x0000ad34                rpl_free_dag
 .any.text.rpl_move_parent
                0x0000ad76       0x60 contiki-z1.a(rpl-dag.o)
                0x0000ad76                rpl_move_parent
 .any.text.rpl_get_any_dag
                0x0000add6       0x16 contiki-z1.a(rpl-dag.o)
                0x0000add6                rpl_get_any_dag
 .any.text.rpl_get_instance
                0x0000adec       0x16 contiki-z1.a(rpl-dag.o)
                0x0000adec                rpl_get_instance
 .any.text.rpl_alloc_dag
                0x0000ae02       0x60 contiki-z1.a(rpl-dag.o)
                0x0000ae02                rpl_alloc_dag
 .any.text.rpl_repair_root
                0x0000ae62       0x4c contiki-z1.a(rpl-dag.o)
                0x0000ae62                rpl_repair_root
 .any.text.rpl_find_of
                0x0000aeae       0x10 contiki-z1.a(rpl-dag.o)
                0x0000aeae                rpl_find_of
 .any.text.rpl_join_instance
                0x0000aebe      0x142 contiki-z1.a(rpl-dag.o)
                0x0000aebe                rpl_join_instance
 .any.text.rpl_local_repair
                0x0000b000       0x64 contiki-z1.a(rpl-dag.o)
                0x0000b000                rpl_local_repair
 .any.text.rpl_process_parent_event
                0x0000b064       0xa8 contiki-z1.a(rpl-dag.o)
                0x0000b064                rpl_process_parent_event
 .any.text.rpl_recalculate_ranks
                0x0000b10c       0x44 contiki-z1.a(rpl-dag.o)
                0x0000b10c                rpl_recalculate_ranks
 .any.text.rpl_process_dio
                0x0000b150      0x2e8 contiki-z1.a(rpl-dag.o)
                0x0000b150                rpl_process_dio
 .any.text.handle_unicast_dio_timer
                0x0000b438       0x1c contiki-z1.a(rpl-timers.o)
 .any.text.new_dio_interval
                0x0000b454       0x8a contiki-z1.a(rpl-timers.o)
 .any.text.set_dao_lifetime_timer
                0x0000b4de       0x84 contiki-z1.a(rpl-timers.o)
 .any.text.handle_periodic_timer
                0x0000b562       0x50 contiki-z1.a(rpl-timers.o)
 .any.text.schedule_dao
                0x0000b5b2       0x72 contiki-z1.a(rpl-timers.o)
 .any.text.handle_dio_timer
                0x0000b624       0x88 contiki-z1.a(rpl-timers.o)
 .any.text.handle_dao_timer
                0x0000b6ac       0x64 contiki-z1.a(rpl-timers.o)
 .any.text.rpl_reset_periodic_timer
                0x0000b710       0x54 contiki-z1.a(rpl-timers.o)
                0x0000b710                rpl_reset_periodic_timer
 .any.text.rpl_reset_dio_timer
                0x0000b764       0x18 contiki-z1.a(rpl-timers.o)
                0x0000b764                rpl_reset_dio_timer
 .any.text.rpl_schedule_dao
                0x0000b77c        0xc contiki-z1.a(rpl-timers.o)
                0x0000b77c                rpl_schedule_dao
 .any.text.rpl_schedule_unicast_dio_immediately
                0x0000b788       0x16 contiki-z1.a(rpl-timers.o)
                0x0000b788                rpl_schedule_unicast_dio_immediately
 .any.text.get_probing_delay
                0x0000b79e       0x40 contiki-z1.a(rpl-timers.o)
                0x0000b79e                get_probing_delay
 .any.text.get_probing_target
                0x0000b7de       0xe2 contiki-z1.a(rpl-timers.o)
                0x0000b7de                get_probing_target
 .any.text.rpl_schedule_probing
                0x0000b8c0       0x26 contiki-z1.a(rpl-timers.o)
                0x0000b8c0                rpl_schedule_probing
 .any.text.handle_probing_timer
                0x0000b8e6       0x34 contiki-z1.a(rpl-timers.o)
 .any.text.update_hbh_header
                0x0000b91a       0xcc contiki-z1.a(rpl-ext-header.)
 .any.text.insert_hbh_header
                0x0000b9e6       0x94 contiki-z1.a(rpl-ext-header.)
 .any.text.rpl_verify_hbh_header
                0x0000ba7a       0xf4 contiki-z1.a(rpl-ext-header.)
                0x0000ba7a                rpl_verify_hbh_header
 .any.text.rpl_remove_header
                0x0000bb6e       0x76 contiki-z1.a(rpl-ext-header.)
                0x0000bb6e                rpl_remove_header
 .any.text.rpl_update_header
                0x0000bbe4       0x54 contiki-z1.a(rpl-ext-header.)
                0x0000bbe4                rpl_update_header
 .any.text.rpl_get_mode
                0x0000bc38        0x6 contiki-z1.a(rpl.o)
                0x0000bc38                rpl_get_mode
 .any.text.rpl_purge_routes
                0x0000bc3e       0x96 contiki-z1.a(rpl.o)
                0x0000bc3e                rpl_purge_routes
 .any.text.rpl_remove_routes
                0x0000bcd4       0x22 contiki-z1.a(rpl.o)
                0x0000bcd4                rpl_remove_routes
 .any.text.rpl_remove_routes_by_nexthop
                0x0000bcf6       0x3e contiki-z1.a(rpl.o)
                0x0000bcf6                rpl_remove_routes_by_nexthop
 .any.text.rpl_add_route
                0x0000bd34       0x48 contiki-z1.a(rpl.o)
                0x0000bd34                rpl_add_route
 .any.text.rpl_link_neighbor_callback
                0x0000bd7c       0x4c contiki-z1.a(rpl.o)
                0x0000bd7c                rpl_link_neighbor_callback
 .any.text.rpl_ipv6_neighbor_callback
                0x0000bdc8       0x1e contiki-z1.a(rpl.o)
                0x0000bdc8                rpl_ipv6_neighbor_callback
 .any.text.rpl_purge_dags
                0x0000bde6       0x3e contiki-z1.a(rpl.o)
                0x0000bde6                rpl_purge_dags
 .any.text.rpl_init
                0x0000be24       0x44 contiki-z1.a(rpl.o)
                0x0000be24                rpl_init
 .any.text.reset
                0x0000be68        0x2 contiki-z1.a(rpl-mrhof.o)
 .any.text.update_metric_container
                0x0000be6a        0x6 contiki-z1.a(rpl-mrhof.o)
 .any.text.parent_link_metric
                0x0000be70       0x10 contiki-z1.a(rpl-mrhof.o)
 .any.text.parent_has_usable_link
                0x0000be80       0x14 contiki-z1.a(rpl-mrhof.o)
 .any.text.best_dag
                0x0000be94       0x2e contiki-z1.a(rpl-mrhof.o)
 .any.text.parent_path_cost
                0x0000bec2       0x40 contiki-z1.a(rpl-mrhof.o)
 .any.text.parent_is_acceptable
                0x0000bf02       0x2a contiki-z1.a(rpl-mrhof.o)
 .any.text.rank_via_parent
                0x0000bf2c       0x4e contiki-z1.a(rpl-mrhof.o)
 .any.text.best_parent
                0x0000bf7a       0x76 contiki-z1.a(rpl-mrhof.o)
 .any.text.get32
                0x0000bff0       0x3e contiki-z1.a(rpl-icmp6.o)
 .any.text.set32
                0x0000c02e       0x2a contiki-z1.a(rpl-icmp6.o)
 .any.text.get16
                0x0000c058        0xe contiki-z1.a(rpl-icmp6.o)
 .any.text.set16
                0x0000c066       0x10 contiki-z1.a(rpl-icmp6.o)
 .any.text.dao_ack_input
                0x0000c076        0xa contiki-z1.a(rpl-icmp6.o)
 .any.text.dio_input
                0x0000c080      0x27e contiki-z1.a(rpl-icmp6.o)
 .any.text.rpl_icmp6_update_nbr_table
                0x0000c2fe       0x28 contiki-z1.a(rpl-icmp6.o)
                0x0000c2fe                rpl_icmp6_update_nbr_table
 .any.text.dao_input
                0x0000c326      0x2a2 contiki-z1.a(rpl-icmp6.o)
 .any.text.dis_output
                0x0000c5c8       0x50 contiki-z1.a(rpl-icmp6.o)
                0x0000c5c8                dis_output
 .any.text.dio_output
                0x0000c618      0x24c contiki-z1.a(rpl-icmp6.o)
                0x0000c618                dio_output
 .any.text.dis_input
                0x0000c864       0x3e contiki-z1.a(rpl-icmp6.o)
 .any.text.dao_output_target
                0x0000c8a2       0xe6 contiki-z1.a(rpl-icmp6.o)
                0x0000c8a2                dao_output_target
 .any.text.dao_output
                0x0000c988       0x9e contiki-z1.a(rpl-icmp6.o)
                0x0000c988                dao_output
 .any.text.rpl_icmp6_register_handlers
                0x0000ca26       0x22 contiki-z1.a(rpl-icmp6.o)
                0x0000ca26                rpl_icmp6_register_handlers
 .any.text.queuebuf_init
                0x0000ca48       0x12 contiki-z1.a(queuebuf.o)
                0x0000ca48                queuebuf_init
 .any.text.queuebuf_numfree
                0x0000ca5a        0xa contiki-z1.a(queuebuf.o)
                0x0000ca5a                queuebuf_numfree
 .any.text.queuebuf_new_from_packetbuf
                0x0000ca64       0x4e contiki-z1.a(queuebuf.o)
                0x0000ca64                queuebuf_new_from_packetbuf
 .any.text.queuebuf_free
                0x0000cab2       0x2a contiki-z1.a(queuebuf.o)
                0x0000cab2                queuebuf_free
 .any.text.queuebuf_to_packetbuf
                0x0000cadc       0x32 contiki-z1.a(queuebuf.o)
                0x0000cadc                queuebuf_to_packetbuf
 .any.text.key_from_index
                0x0000cb0e       0x18 contiki-z1.a(nbr-table.o)
 .any.text.item_from_index
                0x0000cb26       0x2a contiki-z1.a(nbr-table.o)
 .any.text.index_from_key
                0x0000cb50       0x26 contiki-z1.a(nbr-table.o)
 .any.text.index_from_item
                0x0000cb76       0x1e contiki-z1.a(nbr-table.o)
 .any.text.nbr_set_bit
                0x0000cb94       0x50 contiki-z1.a(nbr-table.o)
 .any.text.index_from_lladdr
                0x0000cbe4       0x3e contiki-z1.a(nbr-table.o)
 .any.text.nbr_get_bit.constprop.0
                0x0000cc22       0x2c contiki-z1.a(nbr-table.o)
 .any.text.remove_key
                0x0000cc4e       0x56 contiki-z1.a(nbr-table.o)
 .any.text.nbr_table_register
                0x0000cca4       0x26 contiki-z1.a(nbr-table.o)
                0x0000cca4                nbr_table_register
 .any.text.nbr_table_next
                0x0000ccca       0x3a contiki-z1.a(nbr-table.o)
                0x0000ccca                nbr_table_next
 .any.text.nbr_table_head
                0x0000cd04       0x36 contiki-z1.a(nbr-table.o)
                0x0000cd04                nbr_table_head
 .any.text.nbr_table_add_lladdr
                0x0000cd3a       0xfc contiki-z1.a(nbr-table.o)
                0x0000cd3a                nbr_table_add_lladdr
 .any.text.nbr_table_get_from_lladdr
                0x0000ce36       0x28 contiki-z1.a(nbr-table.o)
                0x0000ce36                nbr_table_get_from_lladdr
 .any.text.nbr_table_remove
                0x0000ce5e       0x2a contiki-z1.a(nbr-table.o)
                0x0000ce5e                nbr_table_remove
 .any.text.nbr_table_lock
                0x0000ce88       0x10 contiki-z1.a(nbr-table.o)
                0x0000ce88                nbr_table_lock
 .any.text.nbr_table_unlock
                0x0000ce98       0x10 contiki-z1.a(nbr-table.o)
                0x0000ce98                nbr_table_unlock
 .any.text.nbr_table_get_lladdr
                0x0000cea8       0x14 contiki-z1.a(nbr-table.o)
                0x0000cea8                nbr_table_get_lladdr
 .any.text.packetbuf_hdrreduce
                0x0000cebc       0x1a contiki-z1.a(packetbuf.o)
                0x0000cebc                packetbuf_hdrreduce
 .any.text.packetbuf_set_datalen
                0x0000ced6        0x6 contiki-z1.a(packetbuf.o)
                0x0000ced6                packetbuf_set_datalen
 .any.text.packetbuf_hdrptr
                0x0000cedc        0x6 contiki-z1.a(packetbuf.o)
                0x0000cedc                packetbuf_hdrptr
 .any.text.packetbuf_datalen
                0x0000cee2        0x6 contiki-z1.a(packetbuf.o)
                0x0000cee2                packetbuf_datalen
 .any.text.packetbuf_hdrlen
                0x0000cee8        0xa contiki-z1.a(packetbuf.o)
                0x0000cee8                packetbuf_hdrlen
 .any.text.packetbuf_dataptr
                0x0000cef2        0xc contiki-z1.a(packetbuf.o)
                0x0000cef2                packetbuf_dataptr
 .any.text.packetbuf_copyto
                0x0000cefe       0x3a contiki-z1.a(packetbuf.o)
                0x0000cefe                packetbuf_copyto
 .any.text.packetbuf_totlen
                0x0000cf38        0xc contiki-z1.a(packetbuf.o)
                0x0000cf38                packetbuf_totlen
 .any.text.packetbuf_hdralloc
                0x0000cf44       0x3c contiki-z1.a(packetbuf.o)
                0x0000cf44                packetbuf_hdralloc
 .any.text.packetbuf_attr_clear
                0x0000cf80       0x28 contiki-z1.a(packetbuf.o)
                0x0000cf80                packetbuf_attr_clear
 .any.text.packetbuf_clear
                0x0000cfa8       0x12 contiki-z1.a(packetbuf.o)
                0x0000cfa8                packetbuf_clear
 .any.text.packetbuf_copyfrom
                0x0000cfba       0x2a contiki-z1.a(packetbuf.o)
                0x0000cfba                packetbuf_copyfrom
 .any.text.packetbuf_attr_copyto
                0x0000cfe4       0x22 contiki-z1.a(packetbuf.o)
                0x0000cfe4                packetbuf_attr_copyto
 .any.text.packetbuf_attr_copyfrom
                0x0000d006       0x24 contiki-z1.a(packetbuf.o)
                0x0000d006                packetbuf_attr_copyfrom
 .any.text.packetbuf_holds_broadcast
                0x0000d02a        0xe contiki-z1.a(packetbuf.o)
                0x0000d02a                packetbuf_holds_broadcast
 .any.text.linkaddr_copy
                0x0000d038        0x8 contiki-z1.a(linkaddr.o)
                0x0000d038                linkaddr_copy
 .any.text.linkaddr_cmp
                0x0000d040       0x12 contiki-z1.a(linkaddr.o)
                0x0000d040                linkaddr_cmp
 .any.text.linkaddr_set_node_addr
                0x0000d052        0xc contiki-z1.a(linkaddr.o)
                0x0000d052                linkaddr_set_node_addr
 .any.text.periodic
                0x0000d05e       0x2c contiki-z1.a(link-stats.o)
 .any.text.link_stats_from_lladdr
                0x0000d08a        0xc contiki-z1.a(link-stats.o)
                0x0000d08a                link_stats_from_lladdr
 .any.text.link_stats_is_fresh
                0x0000d096       0x32 contiki-z1.a(link-stats.o)
                0x0000d096                link_stats_is_fresh
 .any.text.link_stats_packet_sent
                0x0000d0c8       0xc4 contiki-z1.a(link-stats.o)
                0x0000d0c8                link_stats_packet_sent
 .any.text.link_stats_input_callback
                0x0000d18c       0xa6 contiki-z1.a(link-stats.o)
                0x0000d18c                link_stats_input_callback
 .any.text.link_stats_init
                0x0000d232       0x22 contiki-z1.a(link-stats.o)
                0x0000d232                link_stats_init
 .any.text.send_packet
                0x0000d254        0x6 contiki-z1.a(nullmac.o)
 .any.text.packet_input
                0x0000d25a        0x6 contiki-z1.a(nullmac.o)
 .any.text.on   0x0000d260        0x6 contiki-z1.a(nullmac.o)
 .any.text.off  0x0000d266        0x6 contiki-z1.a(nullmac.o)
 .any.text.channel_check_interval
                0x0000d26c        0x4 contiki-z1.a(nullmac.o)
 .any.text.init
                0x0000d270        0x2 contiki-z1.a(nullmac.o)
 .any.text.create_frame.isra.0
                0x0000d272      0x114 contiki-z1.a(framer-802154.o)
 .any.text.create
                0x0000d386        0x8 contiki-z1.a(framer-802154.o)
 .any.text.hdr_length
                0x0000d38e        0x8 contiki-z1.a(framer-802154.o)
 .any.text.parse
                0x0000d396       0x9a contiki-z1.a(framer-802154.o)
 .any.text.on   0x0000d430        0x6 contiki-z1.a(nullrdc.o)
 .any.text.channel_check_interval
                0x0000d436        0x4 contiki-z1.a(nullrdc.o)
 .any.text.init
                0x0000d43a        0x6 contiki-z1.a(nullrdc.o)
 .any.text.off  0x0000d440       0x10 contiki-z1.a(nullrdc.o)
 .any.text.packet_input
                0x0000d450       0x28 contiki-z1.a(nullrdc.o)
 .any.text.send_one_packet
                0x0000d478       0x62 contiki-z1.a(nullrdc.o)
 .any.text.send_list
                0x0000d4da       0x28 contiki-z1.a(nullrdc.o)
 .any.text.send_packet
                0x0000d502        0x6 contiki-z1.a(nullrdc.o)
 .any.text.init
                0x0000d508        0x2 contiki-z1.a(nullsec.o)
 .any.text.send
                0x0000d50a        0xa contiki-z1.a(nullsec.o)
 .any.text.input
                0x0000d514        0x6 contiki-z1.a(nullsec.o)
 .any.text.i2c_receiveinit
                0x0000d51a       0x36 contiki-z1.a(i2cmaster.o)
                0x0000d51a                i2c_receiveinit
 .any.text.i2c_transmitinit
                0x0000d550       0x30 contiki-z1.a(i2cmaster.o)
                0x0000d550                i2c_transmitinit
 .any.text.i2c_receive_n
                0x0000d580       0x3e contiki-z1.a(i2cmaster.o)
                0x0000d580                i2c_receive_n
 .any.text.i2c_busy
                0x0000d5be        0xa contiki-z1.a(i2cmaster.o)
                0x0000d5be                i2c_busy
 .any.text.i2c_enable
                0x0000d5c8       0x22 contiki-z1.a(i2cmaster.o)
                0x0000d5c8                i2c_enable
 .any.text.i2c_transmit_n
                0x0000d5ea       0x14 contiki-z1.a(i2cmaster.o)
                0x0000d5ea                i2c_transmit_n
 .any.text.stimer_set
                0x0000d5fe       0x1c contiki-z1.a(stimer.o)
                0x0000d5fe                stimer_set
 .any.text.stimer_expired
                0x0000d61a       0x30 contiki-z1.a(stimer.o)
                0x0000d61a                stimer_expired
 .any.text.echo_reply_input
                0x0000d64a       0xaa contiki-z1.a(uip-icmp6.o)
 .any.text.echo_request_input
                0x0000d6f4       0xca contiki-z1.a(uip-icmp6.o)
 .any.text.uip_icmp6_input
                0x0000d7be       0x44 contiki-z1.a(uip-icmp6.o)
                0x0000d7be                uip_icmp6_input
 .any.text.uip_icmp6_register_input_handler
                0x0000d802        0xc contiki-z1.a(uip-icmp6.o)
                0x0000d802                uip_icmp6_register_input_handler
 .any.text.uip_icmp6_error_output
                0x0000d80e      0x16e contiki-z1.a(uip-icmp6.o)
                0x0000d80e                uip_icmp6_error_output
 .any.text.uip_icmp6_send
                0x0000d97c       0x84 contiki-z1.a(uip-icmp6.o)
                0x0000d97c                uip_icmp6_send
 .any.text.uip_icmp6_init
                0x0000da00       0x12 contiki-z1.a(uip-icmp6.o)
                0x0000da00                uip_icmp6_init
 .any.text.update_nbr
                0x0000da12       0xda contiki-z1.a(rpl-nbr-policy.)
 .any.text.handle_periodic_timer
                0x0000daec        0xe contiki-z1.a(rpl-nbr-policy.)
 .any.text.find_removable_dis
                0x0000dafa       0x16 contiki-z1.a(rpl-nbr-policy.)
                0x0000dafa                find_removable_dis
 .any.text.find_removable_dio
                0x0000db10       0x3c contiki-z1.a(rpl-nbr-policy.)
                0x0000db10                find_removable_dio
 .any.text.find_removable_dao
                0x0000db4c       0x34 contiki-z1.a(rpl-nbr-policy.)
                0x0000db4c                find_removable_dao
 .any.text.rpl_nbr_policy_find_removable
                0x0000db80       0x30 contiki-z1.a(rpl-nbr-policy.)
                0x0000db80                rpl_nbr_policy_find_removable
 .any.text.frame802154_get_pan_id
                0x0000dbb0        0x6 contiki-z1.a(frame802154.o)
                0x0000dbb0                frame802154_get_pan_id
 .any.text.frame802154_has_panid
                0x0000dbb6       0x78 contiki-z1.a(frame802154.o)
                0x0000dbb6                frame802154_has_panid
 .any.text.field_len
                0x0000dc2e       0xa8 contiki-z1.a(frame802154.o)
 .any.text.frame802154_is_broadcast_addr
                0x0000dcd6       0x28 contiki-z1.a(frame802154.o)
                0x0000dcd6                frame802154_is_broadcast_addr
 .any.text.frame802154_hdrlen
                0x0000dcfe       0x32 contiki-z1.a(frame802154.o)
                0x0000dcfe                frame802154_hdrlen
 .any.text.frame802154_create
                0x0000dd30      0x136 contiki-z1.a(frame802154.o)
                0x0000dd30                frame802154_create
 .any.text.frame802154_parse
                0x0000de66      0x1be contiki-z1.a(frame802154.o)
                0x0000de66                frame802154_parse
 .any.text.mac_call_sent_callback
                0x0000e024       0x14 contiki-z1.a(mac.o)
                0x0000e024                mac_call_sent_callback
 .any.text.printf
                0x0000e038       0x10 /usr/local/bin/../lib/gcc/msp430/4.7.2/../../../../msp430/lib/mcpu-430x/mmpy-16/msr20/mc20/libc.a(printf.o)
                0x0000e038                printf
 .any.text.append
                0x0000e048       0x22 /usr/local/bin/../lib/gcc/msp430/4.7.2/../../../../msp430/lib/mcpu-430x/mmpy-16/msr20/mc20/libc.a(sprintf.o)
 .any.text.call_vuprintf
                0x0000e06a       0x36 /usr/local/bin/../lib/gcc/msp430/4.7.2/../../../../msp430/lib/mcpu-430x/mmpy-16/msr20/mc20/libc.a(sprintf.o)
 .any.text.snprintf
                0x0000e0a0       0x1c /usr/local/bin/../lib/gcc/msp430/4.7.2/../../../../msp430/lib/mcpu-430x/mmpy-16/msr20/mc20/libc.a(sprintf.o)
                0x0000e0a0                snprintf
 .any.text.print_field
                0x0000e0bc      0x176 /usr/local/bin/../lib/gcc/msp430/4.7.2/../../../../msp430/lib/mcpu-430x/mmpy-16/msr20/mc20/libc.a(vuprintf.o)
 .any.text.vuprintf
                0x0000e232      0x742 /usr/local/bin/../lib/gcc/msp430/4.7.2/../../../../msp430/lib/mcpu-430x/mmpy-16/msr20/mc20/libc.a(vuprintf.o)
                0x0000e232                vuprintf
 .any.text.puts
                0x0000e974       0x2c /usr/local/bin/../lib/gcc/msp430/4.7.2/../../../../msp430/lib/mcpu-430x/mmpy-16/msr20/mc20/libc.a(puts.o)
                0x0000e974                puts
 .any.text.rand
                0x0000e9a0       0x26 /usr/local/bin/../lib/gcc/msp430/4.7.2/../../../../msp430/lib/mcpu-430x/mmpy-16/msr20/mc20/libc.a(rand.o)
                0x0000e9a0                rand
 .any.text.srand
                0x0000e9c6        0xa /usr/local/bin/../lib/gcc/msp430/4.7.2/../../../../msp430/lib/mcpu-430x/mmpy-16/msr20/mc20/libc.a(rand.o)
                0x0000e9c6                srand
 .any.text.strchr
                0x0000e9d0       0x16 /usr/local/bin/../lib/gcc/msp430/4.7.2/../../../../msp430/lib/mcpu-430x/mmpy-16/msr20/mc20/libc.a(strchr.o)
                0x0000e9d0                strchr
 .any.text.memchr
                0x0000e9e6       0x1e /usr/local/bin/../lib/gcc/msp430/4.7.2/../../../../msp430/lib/mcpu-430x/mmpy-16/msr20/mc20/libc.a(memchr.o)
                0x0000e9e6                memchr
 .any.text.strncmp
                0x0000ea04       0x2a /usr/local/bin/../lib/gcc/msp430/4.7.2/../../../../msp430/lib/mcpu-430x/mmpy-16/msr20/mc20/libc.a(strncmp.o)
                0x0000ea04                strncmp
 .any.text.memcmp
                0x0000ea2e       0x2c /usr/local/bin/../lib/gcc/msp430/4.7.2/../../../../msp430/lib/mcpu-430x/mmpy-16/msr20/mc20/libc.a(memcmp.o)
                0x0000ea2e                memcmp
 .any.text.strncpy
                0x0000ea5a       0x2a /usr/local/bin/../lib/gcc/msp430/4.7.2/../../../../msp430/lib/mcpu-430x/mmpy-16/msr20/mc20/libc.a(strncpy.o)
                0x0000ea5a                strncpy
 .any.text.memcpy
                0x0000ea84       0xe8 /usr/local/bin/../lib/gcc/msp430/4.7.2/../../../../msp430/lib/mcpu-430x/mmpy-16/msr20/mc20/libc.a(memcpy.o)
                0x0000ea84                memcpy
 .any.text.memmove
                0x0000eb6c       0xe8 /usr/local/bin/../lib/gcc/msp430/4.7.2/../../../../msp430/lib/mcpu-430x/mmpy-16/msr20/mc20/libc.a(memmove.o)
                0x0000eb6c                memmove
 .any.text.memset
                0x0000ec54       0x5c /usr/local/bin/../lib/gcc/msp430/4.7.2/../../../../msp430/lib/mcpu-430x/mmpy-16/msr20/mc20/libc.a(memset.o)
                0x0000ec54                memset

.rodata         0x0000ecb0      0x887
                0x0000ecb0                . = ALIGN (0x2)
 *(.rodata .rodata.* .gnu.linkonce.r.*)
 .rodata.process_thread_rest_server
                0x0000ecb0       0x5b subscriber0.co
 *fill*         0x0000ed0b        0x1 00
 .rodata.autostart_processes
                0x0000ed0c        0x4 subscriber0.co
                0x0000ed0c                autostart_processes
 .rodata        0x0000ed10        0xe subscriber0.co
 .rodata.get_handler
                0x0000ed1e       0x3d obj_z1/res-battery.o
 .rodata        0x0000ed5b       0x28 obj_z1/res-battery.o
 .rodata.get_handler
                0x0000ed83       0x37 obj_z1/res-temperature.o
 .rodata        0x0000edba       0x29 obj_z1/res-temperature.o
 .rodata.get_handler
                0x0000ede3       0x37 obj_z1/res-hello.o
 .rodata        0x0000ee1a       0x27 obj_z1/res-hello.o
 .rodata.stampa
                0x0000ee41        0xc obj_z1/common.o
 .rodata        0x0000ee4d      0x149 obj_z1/contiki-z1-main.o
 .rodata.coap_serialize_message
                0x0000ef96       0x2f contiki-z1.a(er-coap.o)
 .rodata.coap_parse_message
                0x0000efc5       0x7f contiki-z1.a(er-coap.o)
 .rodata        0x0000f044        0x1 contiki-z1.a(er-coap.o)
 .rodata.process_thread_coap_engine
                0x0000f045       0x52 contiki-z1.a(er-coap-engine.)
 .rodata        0x0000f097       0x14 contiki-z1.a(er-coap-engine.)
 *fill*         0x0000f0ab        0x1 00
 .rodata.coap_rest_implementation
                0x0000f0ac       0xb6 contiki-z1.a(er-coap-engine.)
                0x0000f0ac                coap_rest_implementation
 .rodata.coap_notify_observers_sub
                0x0000f162        0x5 contiki-z1.a(er-coap-observe)
 .rodata.coap_observe_handler
                0x0000f167       0x11 contiki-z1.a(er-coap-observe)
 .rodata.well_known_core_get_handler
                0x0000f178       0x13 contiki-z1.a(er-coap-res-wel)
 .rodata        0x0000f18b        0x6 contiki-z1.a(er-coap-res-wel)
 .rodata.classify_notification
                0x0000f191       0x4f contiki-z1.a(er-coap-observe)
 .rodata.coap_get_obs_subject_by_token
                0x0000f1e0       0x1e contiki-z1.a(er-coap-observe)
 .rodata.coap_handle_notification
                0x0000f1fe       0xe0 contiki-z1.a(er-coap-observe)
 .rodata        0x0000f2de        0xc contiki-z1.a(rest-engine.o)
 *fill*         0x0000f2ea        0x2 00
 .rodata.get_value
                0x0000f2ec       0x44 contiki-z1.a(cc2420.o)
 .rodata.set_value
                0x0000f330       0x20 contiki-z1.a(cc2420.o)
 .rodata.cc2420_driver
                0x0000f350       0x38 contiki-z1.a(cc2420.o)
                0x0000f350                cc2420_driver
 .rodata        0x0000f388        0xe contiki-z1.a(cc2420.o)
 .rodata.output_power
                0x0000f396       0x10 contiki-z1.a(cc2420.o)
 .rodata        0x0000f3a6        0x8 contiki-z1.a(sensors.o)
 .rodata        0x0000f3ae        0x7 contiki-z1.a(button-sensor.o)
 *fill*         0x0000f3b5        0x1 00
 .rodata.button_sensor
                0x0000f3b6        0xe contiki-z1.a(button-sensor.o)
                0x0000f3b6                button_sensor